SVMQKBMWMFPPATEFVIVTERAEKZFTRJUVFLWGOVSJINQLPTBNC 11 8999
LNAXRUUTDTKITEGDXJSLBANIEGRBNDTTXSNIDZGXNCVYSJPRG 11 12414
YACFMTMOPLLSFMAZIGLDNSLQAWTDQKYVBUSGBGGKHIVUZPEIR 10 5716
BWPIUXVRDNFXBPECWKJJUZNEGFRHKHNAICSWKGKFIIMSVJOYC 10 8745
AJXMRPMDOUSWIPSMRRREEESWHJALEXPAHKTGMJGUVDUCXTLQY 10 9259
DQATXQWXPUVQDOQCEKBZBPFPPUWPFPMRWVPJRLXEIZWQKKSSX 10 9322
CDHJXDSCXOHFBTYIOGJRYNTHBLQFTUJBQCPSVQNAGRLHBVXTH 10 9479
JVYAJKIUNSOOWPIAJBJJGXNXJEKEOEUYQNCQGXGEUHADHPCYS 10 10583
MRCZCTVNXDBBVYFWKJEOGKRUSGVTUWFOPFOKKPSRELLNPOOLK 10 11392
DWPWCTZBACCUDCERLATSNZJHWINFCMLJUFXJTNDLCYMOGXBXN 10 13060
VJUQAYEWLYDBCRFBMJTNOSUDZXXCXDYMLQVXSRPGSBKGXBRXN 10 14293
JGAEUFYETURVHRNQLKVKGXHBTLXKROVDSJRJHKCQPVGLQGBJF 9 6016
MFXPQZALZUJJRKGXHUXDTKLBNHSVVPSRIWYYYRYZVPCCCLAIY 9 6282
JMQVICPVUGRUOBTZISLMMGNXMCTSBKWFUMQFJOABNEVWBCWOU 9 6782
VZXLQYGQGUIWJCQCTXSSRHNUSGYCJZAUYRESLNKWWYOXQJSNL 9 6976
MMFZLWXNKQKIYNSFTLSBVOVKOMDWXOPNLCSXJNBPNXKSYDUVY 9 7038
QFQFXQMABYKBEHLNNOZWBWAXJWNXSARZLVBKIOSLTTSRYIBSH 9 7430
YQLYJZGXIVMQDJIINYUCYWOMYKQPQODLHFOSINDMMBROPHKEH 9 7603
DLOJNAMJJVGRWLYTAGZUKNVZRGJLJWJHXHQCURPXBRNFARSBW 9 7665
XKRTBFQDXOLXHNTABFVAALEJYLCKKKBGPMRVWUABOTKJQRIOJ 9 8217
DMPSZBKSBPQFCVBMYEPPPVRYOOXOPDRCJCUCYGTJONDFSCFSZ 9 8843
OAJONBQQZWYHQZJLJIXVGQTDDHDSMTTQIDQOGAAYFQJSQQNLX 9 8955
NWNXIWYFPTRYMWPQQMNRIFWTWHOBBFMECTXRLNYNSNJDUULMB 9 9159
HPZNQYPYDZOAPNRFWZACPFRENJTFOVOEVUJYXRXWAERAZIRBE 9 9237
VOEXKDIJKBBYEDFFLUOOTTSBZUZWAKIVEBWPWIAILREIGRCQK 9 9306
JDIQKJOZIMHNGJBIDRMXZMCOKVTCKARCJNVCMDFHBCHLQJLRH 9 9471
ZWRVYACHJZRPZJOVXWCYDYYZBRSVSCUHMKRMJAOPRRPPRHWFY 9 9550
YPKKJTQMMIAJCPYWPCMJAVAWQEYUEJLUDIWHRDXDZUNUCHJZH 9 9859
EFLTRRSQOKYMCPDTYUFPLDADMYKTAUZUQZWYZFVTJFAJGVWUZ 9 9870
YOSHNTCZMNIYQPCGILIQPJZTVQBMWEHZAUBRDADYBDUNDQIXL 9 10280
IIAXBOFUIAQTXZIHFFJRXLLCKVATUTDNRGJKCDIVXSNHPDQOZ 9 10320
KGVFYXNRGVGFSQEGXWBYTAUEJPFYCTOAMZOHYDKVUPFHQENOU 9 10354
KVGUWGBMSJGFSBENJNXSTTHVRWCKIZHQRIQGUTFRGSEKCFFIR 9 10463
PRYSSAYKPXSBPGZDKXAINOCBNIVXXHWJERVXQLVBBEEOKSEHM 9 10779
WMCSXQUBQIXNQVPPLSQBTXRAIBNVRNDFOJZJRSSKCBXNAITIZ 9 10862
WGBMOGUJXOFJATMZRMJJWKCBHXZRLOOUICLHKRGIPDPIOMPYG 9 10917
GDGWPGPNGXRSPAQORRUGWTTGUGLBVMZDWZAGAORJOVTQFOQBK 9 10995
CXFHEKXUWSCBHEGXOPLKRECKOUTMTQKGSWXIVMXUBIMKPUDHL 9 11395
ULLZZDMPKOMXBXLMPKIDMRLLEAOVHUURRJQFQRJNYDWJPRZIB 9 11483
BXUUPTZIFDQENQWGRIVPCPTNKMNMBJMGOPWQCTCMIFEFJIRUZ 9 11553
ZKTISSGDZVLEDDTOJQCYVSFRHROQOEDJRHBBBRXFRHDLPUIGT 9 11576
AILNSRSWPOQOAFZSDXASWDFJKCMJXPOWBPIPRFJJTDSVMCXCE 9 12104
ECWLXHGAKVTXNHKPZVNEOZDMGTXMBBHYVOHUJVXVKGKQLWCWV 9 12537
HMTDWMXOHECAELBXFCURNIAJWZWWLXGUKAEOHILEYXIZMJKNN 9 12717
XGBAUZBGBFSZCGDNFFMDRFTITHTTUGTKAJAMDENGPJFFREYED 9 12789
HZKZGGATNDURDTBBRXTMLJXPHWYYMEFKOELPFPORSUBMXPXGA 9 14366
VKYHHHTQDWHVEOTYYWLWDNRFGBYBAKNEURKSDYRVXHTBLNLYZ 8 5555
KBOPXAGLBZYWLWHOMBNHRDAAPXLYRWPIOBQHKKDOQFPVLAECL 8 6112
QIXDBLEOHVICAWDUSXKHOGJIWLILRSMGNWNRBMUMJSYPRUEDU 8 6275
ABYWKXEYLUHZHNPJPTFUFHBUYKJTLPAKMGCAVFAVTREXUEARM 8 6524
TCGKBAMTXFJXRDIOSMCCSXSOJBHPKDPJBTPFQWKYKGCCEJSZX 8 6538
CFZXBWYBQHDTZTAUUHZISRLVLJCWIQZKHIUPIFZMGGREMQHWF 8 6635
ICQMKZOBLZZPMMAORFDGCOWXCSYUIWPBKNOGFOSSEVQMMKKVE 8 6637
XDBEIGAUGNJPIRBZHNGOGSKVALKXMODVNFPEMMVRZNGKAOSAZ 8 6719
SFXKEZMOKXDCVPWNWWELPMQSOOASKDGWNTOZPRRNBUXQXTLPI 8 6733
FDVDKIKDESUURTWYNCDRXMQDYCIENDYATHBJRETVVMEHERXXD 8 6971
XJMYWCMRTNVYESCMGILZKQFUIPJJFNPFDOSHOFPLGXSBDPMYL 8 6984
FYFTIWCYHNSVGARAAJYJCLIUPLLAKRZORGYKQMNIUIEZXSXLB 8 7025
WRSACPOCSIDKYDIXVQWUVTXONDDVMECMHDXECYTOZUVDAZLAV 8 7074
IHKFITUGMREPHEUIFHGPGZYQRBOXVTXBBEKPVKRGOMOULWWGH 8 7241
FLTUGPOKWXEUYLWFNFVLLENXFTERCGANLWQCVSGNJXPUBQKND 8 7264
ENGGBERXOLIOCMNBLIGGWZDMLSDYPSIPGLRPNBZARWBTGHOLS 8 7348
BJMNXNANPFDELGLDZGYMJWTMKLGCKPVMWXXGDUGNWABTGHZOK 8 7404
BQQOMGVAPECYVOICCJXJHBRFLLWEWVFJSDUAMUVGDWPDBZOGH 8 7405
QIZPTLQWZXCHQVQTIALPFKHVFCYRPAADLFUPFBFGMUZKTVKIU 8 7571
ZVMFTWCYNKAJTLPYUCZECMOEVUAEQAPNPSCJDJRVWRYCSSWOO 8 7585
GRPTBINXLCEHOAWHZJIICEHHVQQKXKSXMGENSFSDRDRBTYBAX 8 7672
UDVLCYWEDTBERLTDUCILZHIZBOEPUOFPEQLWIIWQDDFTHTPAJ 8 7834
WBFIILEJFJNXBQMDAVUUYTYRYRBRXDXGBIUZPWHUSTLRXIPRL 8 8006
SQBQCWWULZFGTSRPUEVAMXVGOJARTRUPNWCOQWYMAWFPQXBDL 8 8045
CZCIBSPPHSAHKSXQURJGVKYQSAXGKITUQFKAFDXNKBAFVKOKJ 8 8059
CJKNXBEIVXWJLETQUMBGMLNXIHZKDCNUQSCSYPSPXQZSCKMHE 8 8095
NUBKGANSTHRPAUSUOAQEHBGYXNVCCXVECOFXOSYWURKKTSBYI 8 8120
MYPEDYVKKNYNZWWUEQLUKMIEUARNZRWGDXZTTGALPFJTSHYHV 8 8226
DIUQHXOAYLWFNKAYWUTXEEXNVHQHSFOAWAVNDIDPZYCSSIDTY 8 8440
NHRKTCKZAOSGDRRBFAATDRKHLJBUWATHUZJUIWPVMPTSZTBTF 8 8490
OGAEEDGFLSUXKXMNYBMBTFJUYKOUHPQEYESRKQMWVDJBFSMPH 8 8495
OIQNSVZQQIRSCKKRISZIQCLEYZYJBBFULCXZPRCXFMMMOCXFN 8 8525
ZXRJVHTPQCCIUFPCAGCSCKIFZTDWCFONJVETJIPGYJQBKVEEB 8 8578
HHIYYYGZAEZIOJRQOMFDJRRCTMPDVGWKDBSBWVHBQBLRODKWX 8 8675
ADLSAICXXZDLNCOATWYGTEHRCITRTDGIRWTMKPILWORXBUBOF 8 8765
RWHQEBTKGZFIZCMVGKFBAPVDYYCWIAQINNJYDPGKGWSKUJMIJ 8 8889
TALDTRIPZVQHMGAGLSFFSKLUCTQYGBYHBCSIRFJVALCKGIGWA 8 9121
ZZYADBHKNMDTSRKFRZADPBTSYXIYGRHEXCHZYAPOVLYTARTGS 8 9154
MIJADSDSPAJRPMAGNIIVTXFBURCMXWKHXDETWRXLTTCRIUGIM 8 9206
CMEZCDYCJBORGDUFJXLJQFQPABHJRLZGGDLFTEJECVSZIFRWB 8 9294
WXFHVRDTVAXNMESGYRWHCCGFXBTJPGLJGIHLPXCNTZMHYBHJA 8 9331
POTZAZQNPWXJYOCWDQSXOBQMCUBEWZKLDEJTWLBEBAFFYVQBR 8 9339
QMJUKYPKGMSYKIWUYKWGBABLULPWAHVVLMGGEBXCTCCSCLWKV 8 9377
UKKQFLMOFSBKHPSMZSMUROEWKBDGQDMZOZNHBCXAWLQGWDCHK 8 9387
WQIJXADSACAHYYNJCKQZSAFHCDRDKDYCNOOAJZWNUAFRJWFTH 8 9393
BYQAPJYAZFBCIPLKBNEVWEJDMKRXKTUKIYSZNJAPBNZLXWPNO 8 9429
WBYJGBQQBGGNDIDJDMJMZOZVOTHDGOBYOBLBHLJVBLGNHZABP 8 9480
GWVGHTBHAGXYMMMONAGJURSHMSJXOSUTKEPMXZWBERNMZLRGY 8 9528
EWTQAYWYMWYWFLSFJRJGHGZODNENJYUOHWCIVLWJWSTTLHKKD 8 9549
ODMZKPBFEQQDZOFLCLKELDBCCYSKEVUREFSQNLFGACNXIMZOL 8 9745
CZAFNHLXHRLMIGAKJFSOWLBTCTLCFEDEMMUWUNSXDZSDSJFSN 8 9751
AQILKXRXGGGFJVEESRBGJCSBMQIJQTAOFWCGDVWNRNOHOPAXL 8 9798
TMCWYGNOUVGFVVYVQFJMINXOODZGZXILASYLNWUCFLIYQUCZD 8 9800
LLPHGRNARIGVIPYOGCCHPYVWBRACLZJUDIWDLIHRPWECLXROK 8 9826
SKVJDVZUOVOASMEHZXKGNTCPJSHRUVXMBOEMDUFAWZMKVGSTN 8 9888
GZWWZODSUEHWPNMNFBQFVWAXVDUYKLTMPUQIJEHSYBWEOMHWT 8 9994
ADSLULKPQKQSDAAPKXICCOQKTSMBKDEEMXTNEOHWTDLWYDGVS 8 10068
JRTZUCBNSOBQCBSJBXBUSIGJQCJDTDOPNPEFBWFFCIFZTVZHE 8 10151
UDOCBELKRFFUZUQLFUNTMXSCAPDXJVOSEJIHURHAMNLEAYQSX 8 10276
XOEJJNDKLMMVQPRHCVHFCUBPJXPDJBRKRKGMGHCAOCAANSHIQ 8 10305
VVWFKBHAMXOXYLAFLAVLECQGQPXYOXMIAKCTPIQQCHGZXVTQQ 8 10531
NRUDEHZELWWQNXALWXYCJGXTCCEDIMNIUFIARYTPYWRLYBZMR 8 10543
VDMMMPBRUKMVCPQCWKYCMJZKDIQWYODVPMOSBSCWOJWKCIIKP 8 10551
FIPWLKVXFBQSQGVPDKVXFOMTWTVUNDZFFDFRTAHODPECSVRTI 8 10741
YMFRPZICBLXWDNLCMGXPAIGGYUBXYCVLQGBGODJUMQBTOQJRL 8 10762
QHVXOLTAFXIZAWFLRIBUOBAATISINCPVKNOVAMOLMLIXGNPVW 8 10818
EYYNHCDEHOJMXCAEKCMUGDBLZRYGCOYCNDZXCKFPAZRLBGGDJ 8 10980
AGNZSRHYRIEDSQRIUHKGFIXKHITMTZWJGNSBXCFLNWASWJCTH 8 11013
PLBXNIAZPIJMCRPWFOHAXSUTQFTWNBYSXRGCMWTXJSRWKSOOW 8 11068
WFODXATKHKLGKUZDMPAIVAQEUCGPWWKGFTNQEPLNMGULMQTCP 8 11188
AQNTJNMJNSZQZHOKYLPLLVACIGLIKHNVBQITZNTFZFAXXRKQM 8 11194
UMCGTSRMYXZUAVPYKGJHTWFJDIUVFLXQKTWVFRWWQYFHRYYIZ 8 11385
UFRFJOBMZFXZGMCWGNDDPBCHYBCVWAMYMHDVIIQDXYKSFHVGK 8 11728
SJNTMKUNYCKDPJMOMYSMGDVVOTTROGUYKMVYMRGZWYRXFEYZR 8 11793
LSIAZSYVPFDSKWBKWPPQLMJPCHMVAEOBBXLHLRCWRPKYEUHNN 7 3371
RWZEKADICKCCAQHCSHLEMQXJHEXWFZKYDYXAMYKZFPSPRYPFS 7 3546
UKOKXVDEHRYDGNRBBPULEYFYUWLTAWFSMXNBHJZQCOLQGHMDM 7 4034
DZLMCDQMLIPLMHMKLWITVTWAIOJDQELNHXSRFJTZNWYWCAKZS 7 4499
SHIPXIKNNNYBFOBKMSKUSHBXRMCOUCQAFRHBMWVMKZIYNSHKD 7 4575
FHVMDGYGKINCTCKMNYIWYBUORMOWYKQKSSEOJFAUIRVURRMWO 7 4714
UITLSUZNPVLUZBWVURCBJVGBWFBSNEXWDTJDIVOJZAZFCFLMQ 7 4745
TTPYZGBRZOMIQLMQUFPIFVEXIGGXXSQISFDBTXRNWQEOFFAJS 7 4845
YNXJZHPMQXQJGPYUBINWEBTQMIVZAKFNDLZXRVIOLSIESQBQY 7 4911
SWGSADPMWRASYSRPWUPLXLYLRWFTVGTMAXFMKTCKTSIAWAWBZ 7 4923
GYGXTKPHVEJHBKFQITAHKKOFNDTAMABURXCTGDYQXDVTEWTGO 7 4965
AVSDKDNDQSIOKVIKDZJBGWBGVPDVHXUVTSOSCAYSOGLZUARFG 7 4971
BMXSHUTLGRLZOWYSIBCFSJANWNHDEDDYIVVEIVYAEUREQUQAH 7 5195
SMRRMAHUSWBZEITSXUOWTQZJTUXUWHMMGHVVXYKIZANYJCPDK 7 5217
ISSPSCDJZSUXCMIZOMDIJHLSQEYAYRGIYBTKYKTQNGOTCPTTY 7 5223
ELZSHSRQIFXCEWJAQACKIWKUYFGNAIMTSBEKAPUWXECWJDWNE 7 5239
APHBCEUAELSUYHPPKXDRGBMPHLFABQTGZZRDGAONMJGVJIAUN 7 5431
ORUXPJWNLUHZVPYXNQCWCWXVWDSBPGAJVOECFJQMSXILLUTSC 7 5548
BOARIAGTZNJAEWMAFJMGRHGDHVYZJPYQQSEXERLUPHFMVIJJJ 7 5710
TPNZTRMAZEUGIICSAQHALGQSTJSXHCOCMEGVCMJSLRAAAXHHL 7 5878
QXAAEWGXCILMUSTPTFVIAXFMFYMAZNLQRYFFUXCOSVOBIVLRE 7 5939
EFMJSDWHECQDRBOYEQMZWFKMMDZUPGIAGLUYHZREDHOPEHTDZ 7 6121
TPBHCHFBVALPGJFHUXBDHEGFPSFPHSDLQFNUWIBGHMNGEMSWR 7 6140
CPQGEGXYPVVFQDOGJIMIBGOXMUMGAMFCYBXAAIPNIBJESZSCI 7 6149
OJLYNANIRJWWODOOJEBMFRJKSZPZUIJCUOJNDAYTPJABRXMNT 7 6264
RZXKFRBCHPQIGUYCSFQQHQIEFEMXCZXRPUDBUQSUTGMGKMOGQ 7 6301
UVEDFTQAKKNWGWGSAPUAEXBVDQCRKDAGJZNFPZDAZRJEZJNSE 7 6376
AYDKCBZIFPWQNKTSENQRTLWKRKDCRJONEEBXBODPYRREBNEHM 7 6381
UAJWWJPSZZXDHNAFFKEKFAMNJYDTSXOCPYOGUQCKKHISWLOPM 7 6410
CFFATIDKBQRKAFCQLVXOMJCRSNFEVHVDVHORZTDFQBKRRBGGR 7 6457
FVZZBPFVAHCHOEYXRVHFGCBPNPTCYEBJQWTXNDFLLEWQNSNSP 7 6457
YGVNBATHRFTLJXDDGQRAVBKFHSNZAPKAXWBQSVVSZWALUAQRM 7 6459
CSXXCVKKMQFDDBIRIZSHZMMOLRKSCBUNLGPMWLBFNRXAXSPOR 7 6522
VUXKXQPBDKVECVQWTLZPPYBRTJCAIHDSEYPVYLGJEUKSQPXSU 7 6535
RWCRCFGDDRINDTPELOBHPYUUUBXZMKFUIUNOHLWKVYZIDMYZB 7 6667
BXQFNVUZLRLSQQHOXIXYTFNIAVYXQCIVTPPMOMIUHROZDPSRC 7 6678
NICMVWSOCNQGBOUHBCDMXTHVYDTGJVAJXNFKKEWYCFZPUCVMV 7 6678
VKBQCOARDABODVIQEEEUDZFJAFESNFFGDIIOKSWEPJNLTUPZM 7 6793
BLVBIETZGHSNQTFRRYFGYBQTQKKAKUAJMEOMPMDXZTPXYLFVI 7 6813
GJFFKHYNHDWQPTRSWKPUUYXIUPOSDYUKFIVFETUIGXDHOFEXX 7 6847
KSFNLOVKUUAJAQHMIFIASOQQDRINSVPCUXFSFMZVFGUWFRCEY 7 6864
SKRXFRKQKKLVSXYADZLEIJKBJHWJDHUHCHJOPXUMRHPPAHBVY 7 6896
SFXIZYPRQFTNXRVBASVJPVJBAJNZHNLYRUWIQPTQRMPNWIKBS 7 6900
BAIJWQHGWABNVYXLSBOOJXIUTAUFDTFOQWDFERQODYOJGLAHA 7 6908
AFPAYQOESNJFXYVNSURBBIMTXPZRFAOQTEBHBFBIVYTRERYVY 7 6918
OCUTKSGEOZXYBYDKBTVFBDPBXCWSYAQTHSFIRTJOBQAVTYJQB 7 6938
BKISKJQGJSBRYNUCZXXDAIYVZVBZBVHIRNHJLNECVKCNMLDRR 7 6939
BVVYQTGEYNAAZGDXKUPPLUVZTOUCGTUPSFGCIOENGOSSUYQKU 7 6949
VDWQBMLJJUGZKSDMZJKOFRPIUQORZWXNAHBKJRXNMTZHLWMVN 7 6987
MWZANIWFBKOBDWIREGBPLHRCFQIRCZJMJZIYYPDLMVAFWTDPU 7 7011
JEMAHIUVECGGTZMNIGLQRSHCSIIXBZWTMVQAPKIVVVCUVSDVD 7 7016
XQEEFNVKDQWCMKHGRSAHYJKRBKZDHYVFQKAEUWKHZNYGJPSFN 7 7061
SFCCYDZGWWNHNMLFVITIGCEUEOWRIXYMBUAWIRBDIMUJDDECB 7 7127
QNSUZAHVNDEKGXLUTLYVKWTGZQRLMVSKILYHOAPOUVQQYOPPK 7 7151
LJYPDMJZFOOTNZKPGJQKOFRDMZKUAGPAEQGVFCVBKTYITVWPJ 7 7152
IRCLABZJQZSHBYARRFWCICJNQKZUVYCMNALRJAGJAJTTLEVBO 7 7176
CHSMKNYYFOCRTJQHKRDASLVHYFAXZZVOLTDENZPDPLXFRAQDA 7 7177
SEKUCXRVNZJIICQLXNWIYGILMIFFFEHDSRAYYGZNTJVBGHOVQ 7 7199
RHEIQPGAOAUPATYXUPNRVRWGXOEYTXZZVBMWGTSTEGJLEULNM 7 7213
UIZDKDXLQCMLVCYQDCMOSGZNLHNZGZROAKNWRSLUQXSZDKXYQ 7 7229
VRGCGFIWODVOGZVJENXJXXXTSNKTPFXGBQLZGDTFGCDXYIQWS 7 7252
GDMYSNBKCXYTUQXKBOKXPMEVYZVNSKPQQDROJCLLOGBQCMBHC 7 7261
OQAPFIFOAPZPCFITTQSVXXDMBHZZLABVCMLTKNTMKWHCWZHWC 7 7294
UJRSCGJANDUNCFTDESEWTBSKQYZSZLIOJYGVNHQDVLGEDJNVJ 7 7304
AELSWLCPHMURGWEVENOHJFNAOMJJWUHNBVJXIJSTDLMYAIFOP 7 7334
QBDVOOCESYMUTIDDNZKBUPQCRBFTFXVICFLVMVZQZBRQNKGVW 7 7360
EGQDXGNFXJUAKKSUTCNYIFGCXSYKELKEORAZMDZZJEWZTLDVY 7 7402
WBHXWCINMGTWQHTIUSJFNYDVNOVMIFOZRCZVHFOBPZEFSQEKO 7 7447
KHDDPCPAIWCQUHEIHIKMTQCGSXMOFIGICXLFIQVYUDJCYJUIJ 7 7511
CEELIEHQQJRIMXCCJGSCRCHXJLFSSFYSUQITGRKFNQOZTUYUY 7 7512
IIYWOFCFBWKNKAWTBBYLTNNNDAFFOUZCZWPOBIYOOWOWPIBRN 7 7534
VVMWHANNABJSHHSIOAAPCIWQUQWQJQUCICPMDHKTKCJYDJLLQ 7 7544
VQHQLJQAKHTWMWMBZTHYCJNEHQQKJAJTTQJXCACTNFAQLSKUG 7 7598
QBRVKWWPPCVMUECTFNKPLTQYJQFRZIREYNLCAMSFKLODAQIUF 7 7614
LNKIYFKUFIKWJXNNIEOIGISOBUGFODTFMLODCCPCXUIHPSQMV 7 7672
TLAPTZULAHMNPORKIKRDGXFIJWYFGMRNFZLLXOSALZRVGKROK 7 7681
HSCUCAJBRTHPENXCJYGKDYELWAEWNUWLVTFDKWJKTIORDGCFR 7 7697
ITQMAPHMFJHIACTYNCQPSHMFYDRVCQFYHXMWXTZFLAMSPNGIN 7 7701
TXNPIQTVFBXXMVXTSYEGZEXCNGWPDDRUXPOYDHRJAKFVQFNKH 7 7706
EFVAFAYDKGUEPJERLXBIVMELWEKRAWLCVCQVEATNLFKANEFRP 7 7709
DQHNEEJEABYVQJYJEKLZUDWDQMZFJEVDUTUWGTBWFMPRYILDQ 7 7741
JOMLJOWFQPRAGKAVSBVNTPDITVSJBSLFWAVRNRAPRAWIIQUZC 7 7791
OLFSQOPUCUUGFKJTWTUDBBAYUWTIZXGQCXJQBXWNESHGWBKHO 7 7798
JFMQDBICUSFYGBAHGLTDICHUMQBHQUZFNZLHUCJDRFDBLKWTK 7 7816
VNBYDLLCGNKYUFEOXHUDMAKUDFIRDETDERQUHUTAHLLJCSGQY 7 7884
OOPMRSKCGSRFSMRDCGZVMYSMFOSIPPOQQRPZQXMVBCQUXZZYS 7 7884
BJCALXOVRBUNZBFTSDHJOCNYILPJOTGANFNDAAMPYFPZKUILA 7 7900
ROYUJETIQFUMECJRSWIGJSNCMNXFQLMMNKNPZYADEJYKUUSDD 7 7903
ZPLCXNHMISIXDWZLFWBNYNBKKGMPHFXKBVZKWMWKOCHTEERUS 7 7933
NNHDCYQMJWLWGUWQKYMLDBFLIAZVTYYUIVSNUSUXCIMIUNCZO 7 7942
WVSVBWFJLAHREHLCKGTEWDGSMCVFDRJSKIRJWRSCZECNGCUBP 7 7973
OOBEJYUSNWSTYPRDEHBPYGFOXCTCLUDVVDTDUFVCYUWSMWDJN 7 7993
AMYZWFOJUJBRKAJNANGDEPCACSLBUZKOGZIAQIWRHLFWAYAHZ 7 8098
HWMMLZNTPFNYTDHJYYOMAQWNEGQKZCFFJYNVBXVOLABRBXXKD 7 8179
XFTYZXRXEXTZUISGOXSJDQYCVFNSBYFIXNGABSEKQHEBPEDLT 7 8201
QTQIFMVWKQVCJZPIQLFNLNDRAWQYSHYCRZSLOGNQYIPYWJWPE 7 8273
TCYRLCBUZTKVQJJKSVRQBWEGNZUBFQGFIFIKFVCRZDAALWPTP 7 8350
CZOGYHAASNZTKFPGZZRKSPIQAXQECBRBALKWGPHVHNCAXUIIH 7 8385
DPDMNCVQBUZZCDHAGVMAQREPQLEQPIOWRDGLFMEUKQAWAWBYI 7 8444
PUXVTETBILZSRGNIKBAVRSMBJKSBYCGXUZXOFAQHXFEAIABSA 7 8456
YKFYUVAVCWNDFZVXFQXTOIXMYEXRMEZXVIUONQSWDLEEWOTWI 7 8521
GVXHBWFWDYPVBFRDHBDYKFMMMGHILISAYCUTDUBELFWGZWJWZ 7 8522
AKMNQIZYRKMBQFAWBPFYYZYCOYBEXTVSSDOKSFQVUNFDAHAFE 7 8577
ILJKGUMNOZPZHYLMUKXOFFHGZGZUMFAXOJJMXFEANHNEVCTYM 7 8582
UHMBGQGGAIJOXLWMRZFWABYPIJZZQNNWTQATKJMZCAFHPZHLV 7 8688
FAXGUTXRCBEXSHSAYJLJCHJXUFBYAEXJMRADIADZOWAZBDHRB 7 8696
MSRQMSDBDZIEHLQXNZMGHFLZXQEZFNUUSTNKKMHKRQSRLUAOB 7 8727
LDKHWFCLFDTOHUEAQMYVTTJUKZIIUPBBEROOABREERRLWUGBL 7 8746
MUKYRYVQUWMFNZJUENWCFVHZLSWPUBLTMECNZINCETOWMSCQN 7 8751
CFCJWXYSAJCBTVTRJSGSERMDRXJRDEGCIBYUEGMLOLNNNRBHE 7 8771
KXNWKEMPDCRYPODPEKUBOVLFFODUZJXKCGBIEKMSIYAYUEYGR 7 8876
QEBSASFGTLKCQFQBNBZVWWKACLAFVQGSYJHTSXTLRKKGCLREF 7 8878
VCFGDFHMCPDUDBERESFBTGGRUVSUZAKABEZOYGPMDBNUCFZNW 7 8918
OGTEIQVGCJUFCLVUNLQRREDSRJPUXIVAYHITAHAMQAEWQEPYE 7 9111
BUXKUSPRDTOGPYCTYQWLYWJPALXSUYHPRVFTDEESARDBNKGVY 7 9114
QSLTMAAXXGRUAVWAPFPSTMOQHNXCOVKAEPTGLTNUYOPBXOCIV 7 9138
WYFTIYLHZLFBCFPPORFCSDBTPUTUHZHVOYEYQYHLCYXISWRPC 7 9178
XKPEZMCUVIAFFDARIURAXQUIJVRNKQRDNPMJYKLNYPDIYGDIS 7 9220
UAABTVOYVZFJTGPICZTNSYYBHVQYIHEEXHVOTEYGKBYCOSTOS 7 9235
KXURTBKJCSBWOMHTURCYFSZORJKHYUBBAQCAIWQAFQETYOZNH 7 9306
PELNCJFLUWHPMUBBBFHPKPMVHWWIKWHPBFCCMNPYZESBZXKTI 7 9351
PJNDOZELDAWKEWJIIKFWVVNCNEESBUJUECBDYWYDPFQJFVMNX 7 9520
UNSGZCJOGYNUROKEVGXTQFXMYUFOVOMIEJIMPNKNCVWAIAWFE 7 9552
CCSYYHVOJEZAWJBYTRBXXDNUXOYJDPFHKWSCXNISJHNFTDFJV 7 9560
NKXGDRKQALKSVYFGMPRIHGUPTWNQIWSJSBJPGDQNQLJRXBHNI 7 9589
VLHOWAQFBYQUIMLRYKAIWLUZQCVYAXBPHOIFCZSSHCVRTROKA 7 9677
IRAPPOBQLNFKMUXAPOLFVLGHAAGZUYOBOWPCURYRXMSQKOEMK 7 9696
QFJHXWBUKMKNOMOETHVPFICBQRCKZXIVYFXAIKEHRUBPZZRIZ 7 9715
MLHHTUFPJCHOERKCGDQOPRJNBEIOXLWQHSTEOIEXSFBTFJHIX 7 9788
RHSCULINMDUGNUDGJOOGIZGELTWTGIGRBWCKSZZTOYBKJMWVN 7 10105
SUPMZQNNHSACLOADETKUIKBEXKCKFIOGUYUKFCBBBIKVMRCKF 7 10152
IRERSEVJTFXLEIEYLCSIYBPGQOJGJVVZYWYILFCTQLNFDFKGV 7 10330
FMJEFEYPZGHKJDPDXUTGAEEVWSONYADEHGISLHLIDRJGYIRUF 7 11045
AMYJRKUXOADMCMRBEBUCBVBXIJBYXCBIKODZWZRISYCPESMTH 7 11499
QTLACQNLGBXWAHLOOPGKKJLSDAICMERGLKSPXOQKAKFWYDKSD 6 2754
GNKGOAIPBECJZBVUTOSAWKGCNPWGVBAMQGETSGCEYUMELEOOB 6 3403
CLMPWQGPLZVXGDUTIDUQVZBDVAAKPURCUUOPAZDWFJBZFJEYO 6 3456
QVPMLENACLMWDRYFEGYSSRHGNVUNTSXOGPMLBNUBDIPOCDVSO 6 3525
OSOUZJEUUJSLIHYXDHTVTAQHTVCYPCMYQRGOSJGTZNWZWWXKK 6 3579
HTYAITOYYQBRJLXJSKJEZSMJETISMSBWOLAAQZUNVSOPQKGCN 6 3723
RJEVCQPFZLCMCLCAUORXBBQQDGDRPXSZYBOFTBPINMDMWAFAC 6 3785
KHFUAFUVIKFIXPMIUCFOAXLYQROSQXCUNMOPCYRBXFNYKEWXI 6 3839
BJNIAUSURRDKCWIMIURMEYUAXCDWAZRBNNQXWRCJGZTZTHJNF 6 3902
WTQLTVVCGLZEANWFTBJOHLAFXCKZZAQRPFWHEDMCMSVXWSISE 6 3946
OFOFSDVJWKZXBSFUMCOCNOSURYMDKCESSQFBZHKTPLPPYQRNP 6 3978
DXDVGWSOCAGHYVJBIMRLLDLIMKQEVEOEMUTFFMGRUBWLRIQBT 6 4084
QPKZQFYOHHIBBOXSSRXGWZGLTUMTPXLOIATXYCNPGYEDEQIPM 6 4108
VPUGRATFTQQWMLLFPJYDQZHEEVEWHRBSCHRHTXYNZUNBLFDLF 6 4208
IDBKZDFEVSRRFAUUFUTLHPBVTDYZKDLYUOCIYIQTRJQKJMLSS 6 4316
MYRPEAFRMNEZVZNEUKKGOYUSJJAFUSXVEVWLIOMIYVDEEXQLX 6 4324
RCWVMMHOWVDWZCYYAOFBJMPCBPJYESUIFIUXSQMPJSKMHDKWH 6 4436
FRLNQWKTRYYYUOPZKHVTGPFNIHFXHIGCZOACBLMDNBUSZOSKW 6 4444
QKMZSIUVXGGILQRVNEQRJRSULUJGRZQAWQIUJCEDJEJZCEYJI 6 4450
RVOKMALNWISOICHQVOELZXGBHYDGFWAVSFVHRXAQZPCNEWYIH 6 4483
FZGPFFVZSSVJJFKNFDNDQDHUUYCFALANNWXAJNTWDLDJKPQLY 6 4483
JIZSQOHFUVTQNMKXACWVAYNVDLNOCSJGXMFDDPJMEVMQMPNMM 6 4539
BLWSLOINIPZNYPKSVFXNEIJVRTSFPSYYSGZZKJZSGTGHKVFWO 6 4564
OUISRIZWVGNIILUVPKKPWCLPKQFOUVPUVQVXCCQYUPUNHNDBZ 6 4583
ZIZFWFJCVPLZWXULFVAZPXUWKFMQZSYCTTMLRLEVFJAQQPYPZ 6 4604
JVPHXCQAZGZNVLZKVMPSYDGJAIFPQFJBAFBROLIXTYZEEQAXG 6 4629
YFFWBOYBUZAPISEFTAEHHFKSIEMNALMTIDLEYDWWCGYCAHAQA 6 4703
LKPFZITEJBRFENRXYAMEJSFBQINNWRJLWSNDEAQNEZYNBNSYN 6 4815
MEPUCQCHUNJKEBWPSGVZNEIYKSXWWAKNLFBVXFNAAXXATFLCY 6 4854
INEQEBZCMPNUJYEIELAYMZYAEMXCCYCMCDHUJWNMMIRRDOSKN 6 4869
WHUEJPZXYJQHNEHPWQHSVVDHVMJLRNQFHRAEWOJCJUPFAPVQG 6 4896
RASXEPDDXIJFWBBOYQGLEQSJVACXIVMFLYYCCLSCMPHSNKYLM 6 4995
PSFFATKSCNXNETNSOCNEPOJJKINKUAWFTNSKJUPVFFKXPCHBX 6 5069
JSVQYCPGMJFONXSARLEVMJDTXUESIJSDQPENVKUGHQNYAMLFY 6 5069
SEEGAYBNSRDUGYILTFLFDVQDLHHACMQTIBIPNEFYLVFXKTSMI 6 5107
KKTUIKTEUCBAZODEJMDDQKSEXARJNZFQBGSPYUVLNGUZSGPEU 6 5110
SBLCQPFUKRRTNSNUXYPNVOZICADBOWOVIKFXOWWZALRJHFFJF 6 5201
UIZSUGOUEICGYUHZDCQBVMSWBLWITJLMDZYRPMZILGFNNPMLR 6 5224
VDJLIZYTWXMSDDTDBQOJGEOGBUVZGHHROSUGGZDJOUSILUEJH 6 5246
URZTNRIIVSWQEUQJIPUJREAZZIBTAVSEFOTCROZUVUBRGYSBF 6 5314
XINBNIGWJAYJFONGHCVAVEARRLYYITFDCUBGDNKXNHKPEQISE 6 5370
SZIPTEQWZRSMQTRUQOKVGLSDKGPBGSNYRQEBLJQOKGOFHJCTK 6 5376
FIDJPNLMTQVQYAFNDMWSYEPXYLCMDSTFUFVHMHLKWHCZMRHBE 6 5420
ILLMHVLPNFYXNUNDRJZDJPFADMVUZWTFGJPTSIDTVIAVEDDDI 6 5436
SABUUWHHHZZPJYTYLIZIQYRFCAFDPMHTKFJXXRQQSWWWVKDWU 6 5474
ENJMAPUAJSLGPULJCWJWQSOLDJFCDJMSVIDGQWAAOSEUTQPWL 6 5481
PFUOTIIRMTXJLUUGDLIBNKSYMWGLVUXARZUPGJVXHPSNTWXNS 6 5495
NOOBIHJVYVCZNXIWDPNZBVYEXMNUDIKAFOXXNHYQKILRLQVOD 6 5515
HZWZELFLIJYGRYPEEZJMFFRYYBCNDINEYSOEGDBMDUJXRYAFN 6 5519
XNBNIQLITOUEJSCSUUJGSGWWILHRAZIOCQUNCDMDLGXQLFUGL 6 5562
XPIVNWLOFEXKVAUQXTIPYNDUHJWPDEAYEKYHODZCTINUUHBPJ 6 5660
ZMHZCXZXZBMHYLBYZGJJQNQTOKSVRXXRUWMELODSFBQJUVUNT 6 5722
GFAIGPXDOYTCPVLBAMDGTLTMINPULVPEZSIGVISYKYJLDUEHF 6 5741
YRPACQWDYGSVNDCVDIDHMMQMERNSVQRPANJMGBCBZSAHPJKPI 6 5742
NUXXHCZYEFVUSDVOXMCMLJLCGGTXHFEHUPHNAOMZALMGGOIKM 6 5746
UJKCMHBLMWHPMZGVHIPJAPKGZEQNHJRLBODTLHKXHQOQQNBDH 6 5764
LVNONGELDOCZRBLLLFSEJGPACMTDEYOADVSSAPGLUYSIKINQS 6 5778
KBQIIMVYVEUIGHBSBDLUJBUKKSUMFLDKYLKZAYMLUQNSUOTIN 6 5801
KGIFMXWOXMUUBWCHKPPVCGEOBKBZKELFCTWCVYRYXJOIKREJO 6 5813
NYDASPJOESRDYXDCVRGAYDOOSFNSYMAMUAMMSHFVPHGLJUPYJ 6 5821
UNWKPAJVYWYJKLRRFVQRKTMCLVFNTLTGAJYIPXJBHGYMRMOGW 6 5897
BLPCAMYHRNAMGTFKYSIKKOTZWDJKXYZZDOKFRRYGYTVMXBQJW 6 5950
NWWBBAUFPKXMHFGDYIJYNNACKIFHBQISXEZXUQQEFYZPNZRAV 6 5952
PPCDHOUBUDRCPZEKOCHIQBZAWACLPSUZRFPFSTVYCTFRYBEKM 6 5968
BCEYJXNDJBWRIBSRBBJKQUOBLRQYTESZOKPZKDWOXCVHJAJIH 6 5981
RMTAUCHFGOJRSCVCEVCXAVYYDHBYTFFGCABNGRISRQRISZJIP 6 6001
FBHYJGUIRTQYTOZZDYIKFHWDOZPGIYDWYPPUAZJXJDLKNQPRZ 6 6010
NHCXSNPECHMCDLHCJGGOGFHFHUGJSYYRASFNYZHYWQAWBVQPZ 6 6015
SAEJVIGGZMVBNVJUKPGVOHPXRVFZQSNFSKSIUTHKFZLVRNGBC 6 6090
RVJMVUPZJANIZWDDBSXOFWDUWRLZBWRGILPNBKVQDRVRSHZWW 6 6092
NXWVZXSXBXTPSSSXSZOGYIUHIWMLCXAWXRBQAZVJIKAUITIAB 6 6092
BLEPLCAODUGMBJXZQXEBJMFGBKSUIRRWVOFISYNCJMWYTDNME 6 6134
UARROTAINIVIGOCJGKJLVBNYRLNHKOFTHWRJGKWREJYENZUXL 6 6153
IDTOSZVLUKEANDEOCDBRIZIVZMBUHUWLMMSWJZMDMYKYPXVOD 6 6164
LNTAYPZJDJULSEOEZAJSUCLRQJVDJYCZUHPHHLETCTENUGJEK 6 6172
TABROABUFBACRUYDSIMKUXVYRNSZDFUNVOQHRMHJLHVCOWWSG 6 6175
CYBVKMGUSZBOTHEELOLFCQLXEOBOSBAWJVJSBEYRRMKSFCPBG 6 6177
NAQVLFCRZJOHGOXUQEDXGRMZAHSCMRDTNLHKGUHSWAFENAGME 6 6188
PLGLONAHIGRPVDRDIROEOZYVLNNXPBOQWEUVDOMJDIQPWYLPJ 6 6236
BIZWSUCMLJGODKTVCBEBPOKCKSSGZVMFEGYQNALHNBGBFRRCY 6 6240
HVSIDAHCAWGLSBWNWGIKWRQJYVQCKIMIFBXOHUJOLXIQXMFPF 6 6255
QHTMPONAQPDPMEPGAQOAXPUWGLTDIJMSMIPXJZLDMVOQASQNN 6 6266
OLXMNVOTGKPHZKBCLHUTXEIZWSXTYHACCHULROZFHGMIDLSED 6 6266
NURYIGKQDFCTFNORYMLJSIATGSZBGJGSNEAEUWGCNVHAFLSMF 6 6266
RKEHOIKDGUDUVBGCETUJLGJXMNXRGTCXVJNWXGZQVBQSHKNPD 6 6284
UEEHORDBMIRCFWESLUDOGQBASHNOEWUGOEGRGLIYTPBAUAQMV 6 6309
WDBCWIFMRNLHSOEMJRGFBUFXWKWWAITTKMKBUWMLPOVEAUHEZ 6 6330
HDUJKVRGEOSLOIZCJSBYEMHWQQUHQBRVUTJWCOPGTGMFKKGXA 6 6335
DWKUGKRHYCQQROZODQACNTVGIECMODHKZYDNIVLSYPIICBZPU 6 6347
REINULRVDWCDXPZLLLFIUPPFMTJEWSKPDXIVLODMFJPFAFQEW 6 6350
NBRTWOCAEDGIJCIYHXAOOBXXROZATXARIJQEFKGNHAWTXOGFZ 6 6363
YNWQTUKJARNWLIMBLGGAPHDRWSNGLVHKTQHKAVOWURCDVPNQG 6 6364
VJORIMGPCGIQILLSTAJIBQCAPXENVGZJLXTRWKAKJHBFGSFDQ 6 6399
IAPRGQFFFIEZBYUULARKLWGSHMPXRVCODOPWGRMZBRELMWWNT 6 6403
HROYORJUTYZZGDVPITEHXNMPMCAHTEOOBGEETJAKGRKPSQTZY 6 6414
YFWWHYIRKEQWQLKAKRUAFHKIGAHEBBZJLXMABRZYMTCPSWECH 6 6419
OUQPROQSFBHWCSQDTFXQEXTGMCPKHIYBAFIGGECEPFNBNPFDG 6 6432
YINYIXQGVJSCPPMZULSCNKUCSQAFMHDDLUORIWIVQEVHUHBZT 6 6444
RBLUWQNJLUSUUKHVDDWPEKXGBTAIANXORVWDPMPOSOVQSLVLM 6 6445
ODYTCFSHOHRNFCSQNFKDNNPYJRXJBXPHXURNXEQJRAIBGTBGB 6 6452
NAHPGZRPAWFJSBXXSFWWLMYCZRJLVSTBEFBLEREUJPIVALSJS 6 6501
RTTPNDPZPFRWXWIGQQHWYLQZGPWLUFPLUKLOYGKJKFEIHYPPQ 6 6528
DOPCNNVBGIDVWCVIQFKUOSZDCEMJNGLGTTAJNEALBPLNOQYEF 6 6535
FTGHNWVWFMPWSBVHEBESGYRDAYEJANTIFBJOMEJUHYKIMGXAD 6 6555
QEKHRGAFHQNWHVDYSNRGRXGANMRMBOMMNENVSYPHSFQXMPRCP 6 6578
BJXUCUBQLJMIQNCGXXDJYWSFVHHBTJGADUHBSZEXUAUDPOZBW 6 6586
PEGIIDFUKWNXIKTNUPWDIOSWDTNNASUPBJPJMOEPZJPMGDQRY 6 6597
TQWCQLOTIENPFRTIVKYMAESBGGBXFGLBIYSLZHUYVRMFXCSVB 6 6620
QDUONYSIFIBNUEBTWFJKBFVVRRWCYQVOEDCHIKJBRNHEALTUU 6 6637
WPVHTZPEWAPUSFVNLNRZQDHMMCFZSJXWPOCSFULFCJHQPVLHQ 6 6657
UWTKYIUFVBLJKIZMVUCEHZDCJESHIRQNLMLMMJLCOXRLYJLFF 6 6662
ZWQLTPTHNJEOGVWOLPKMLHZWZNBNHJWOVJFBZAQWREAIHWOOV 6 6717
WCARBPQSNKPXYPPIASUTAJVOUIAJFUNKYXHDWHTQAWTCXIEQG 6 6725
UBWBEKCGTIYUEQNKPNSZISWEAFLBNCOZTGLGLXGQVSOFFOXJG 6 6736
BPCJZJOJJEEOVUEIAEWFYTDYRPOMZEDAGZFDPQPLALNYSNCPE 6 6745
WUKNWGVOCVUSISJRISYJHZOXGNHZGEERUQHOGHHVWOLYOEPMR 6 6747
NFSKNGVNDJRZNFUOQSQRSTIVZOOJTJDBGSITHZUAINJNHDKIM 6 6786
MIQQAAMHNTOVBUUZMYRLYSQQITCYVOLAICREFCCJQRJFZLCTK 6 6814
KDRXMJMIMEWGRXVJYEUIETNOKNQDQRGASISUFNKJTXMANKASW 6 6814
HJUEDHAQHNMUITUCMIRXNLCUQOYOBLMIHNTFWISDVYXUYAMHC 6 6818
MYUHMTGKDPBMLDDYBUXGIQYGGEZWBCSYMVRJPKKUTFMTDIRBY 6 6847
ZRTGPPAHGSIIPWSJQGRPNPPMJQEBWTTDXYMAFXPWYPAYDSWVP 6 6894
NGFCEAPHAIHOOOXNZRSZXTQNMBQVGPSVCFOIPFNEKWLSTHJKS 6 6899
DDURYQBSFHLDAWMFMZMYJFETOBVRLXEIPEWKJGQZCVYELCPJL 6 6912
GGBGWOAIXBFFOUYDKPNPGFSASZURCELVPTTZHXNPPVZQNMTAQ 6 6956
WWEXVJUNJLOMHDBUZREOBFUYXZBNCQVPPKPRKKZARBNOARCQA 6 6959
UFHRMAYYRJZTBGBYEADBYKZBATMZDQDXZFRRRJLAVLYDVMDLO 6 6995
VFGKGQXQSTOGXJKIQKQGXEAOHGPEQEIKHXZAOXSJBIGIFQGAI 6 7051
SRVKPHKBRFBQLWBFELMSLSIEJYAKNONTETWWWMQKEQGLXFMGX 6 7054
BJGHXUXFTAZDNGWZVCRCESYCFHSRQFZOPGKQGOCDFPAFMXRMB 6 7058
EKKLEWSPOBYQAKDVECWGXLSTMCSYJZENFKPJAWVHEZTINSTCE 6 7066
HXXUERSLFFAYISZMOYEXXZYAODQIBGMHIWGGCYMXJFGVAPVHP 6 7116
MOVWSLISXDYHAHAKJUVCURDVKDIMTCYPJFRPPJDNLTACTDFEN 6 7126
QBVDQFVNLWHMOMTUKAXIIQXUPTRCYDSQTLXPZIUEMOPWNFPWC 6 7128
XGGSHAMPBBOHGPAUZRSBNVFGMUFVKJGOMOZKUVGYCEBUNACKZ 6 7146
RJOAVOMRISSHNDJYITAEBKNITMCBDAAXRJFAALPASTVDVKOMA 6 7178
AXTRPPVQOVFSUFIMVNXINILGDQRRGPBHRCWTHCLZDNUOWPOZF 6 7182
FCFUVDYUCGXTPFKVBMMAAHUWTDQZXQTDZWWKNISRQLHCSLZGZ 6 7204
WQFOOCHIFYACPBJMYXVRULRJCLCVGUMBXUYUHATXTBIWCMQFF 6 7208
NTJFIKJKKHETTYMRKIGJLCDGYWKNUYVIWSJDGIVJUOXFPVBCA 6 7210
TAQYEKNSRLYBZGVTRIFBQRDFCHOFRNCSFNPQGZRWDGBURKTUE 6 7218
ALZYPEHFKMOTRJEQJCMPFSSXNWLGFNYLZYWUQEOHZLOFSDFWO 6 7270
DNFRLQMIOQWYCTVMQQOYZTINKNDJIXQBPOONETHVXTYZXFLYB 6 7288
QBKMHDCZAKAXILVUVSOYOOCLKFLXPXHAKIXGPEPUVDYPOFPQX 6 7378
MBQYXRIRBGBKRWVNFEHOBMFRMXUDHWMMHOVRRLBLUUVDZNORV 6 7399
ELZZJKDABSVOWHWLLJRGHVHVDSSVOKJZWVAMZLKLHRDBEKZIF 6 7432
MOYPGEFJSOSMVAWPRSVEGQZPVMHFMZGWSXQHSWGMYEQVTJQFJ 6 7456
ZACZHBMEJIPKTOLMJAGIZKYXDCCEOTAKSCSVIEVNZTQRKHBRT 6 7512
JTBGFWPYFHGSXWIOUJVRAZXMHENOIFRPZVCEENROEBSDQHRTX 6 7563
OINKLNXEUFIDUBZFVGAWVNUCNGCCUPPNNYIXQMFFXKZDKGCVK 6 7566
MUAGIDQQXPRVVOVSHXJSISMCEFKQZHSEOUHCQOLAFYCKVWDKV 6 7583
PDDPFEBBTRTSMNMPPHYBMAFMHVEUNFMRSQMIYIMAZFBIMTZBT 6 7636
MDCZEUEHYOJVOLMBGCILHJEBTCCMRIUUZWCRAYYLGEBMUZLUC 6 7638
TIQPWKYLJFUUIIOFZCBOMJVBERMCHYMPTSTPXOMFYXMEPZBFC 6 7639
KPOCOKUCTEYRWXDHQJVIASOFYQWVCNAMJYJDPHLOTMENBQDSC 6 7675
FGCZULYOOTALJUAESHDBVNOSGMOATFKYSXWCNOENBOHXDFQER 6 7702
PTXFSFNPSRQBKEMOLNGMGKMBHARICTPTMYXFIAARQLEXPQBUR 6 7738
ZZLKFJDCWQOCOKIWUUDYZTBNJARJKXINUFAFMWKXJCDZZXANY 6 7742
KKYQVDYLAPZTDYLKVGTZRLZWTATUFNJHHXOKKFGDKTQADRILS 6 7790
BKEHXUEZWZDFVTEYDGIIUZEATMNTBRYPPKQRASSLSOGKBWSTU 6 7794
UXJDRWMVUTKUZOAEYXPHEDHEOWHZOVSGBNIZQPIWVNLNTEFPL 6 7842
EGZMSOYNUQCNLMGJOAAGOIJJMLURWAZWOSVGWZYULMXTAZYVP 6 7864
FDGKLNDXSHRCSTNWISRVIOFCXTBREEHRFGTIGPDRICQFHJFBB 6 7873
AUTZFPKCBWDQZMFINERXMZZIJONUGUPGKSNWHJJVESLGMJVDJ 6 7893
HMJBAICCOVZGZDUQADSKGSHKEEQHYIBXNOXCHRSIEWFPZEVUS 6 7904
NOKGEIEMIPFZLVBLNFRPBSZESDXDTCFCFCLUYFIHKZHHKUENA 6 7919
ZZMSJUBNVYBAACWSLOGGYFOHEUXRHYRKGGHEUECFZWXORBJVT 6 7927
LHWBRJEWFGKEAKOLUXVPHTPLKCNOARNRZPETYBYWPHUJRFUTN 6 7933
MUHOPKABOLGOTEJEAZFXACCRBLVVXXNUPGRPSOZEESFETOOGU 6 7937
GTHITCOOECUTNBZEMXHCPFNLHFQDHQZAOEXKVNJOOUWWMJLNS 6 7942
XFKVSKVVZHWZESPYUXZSBUQHSZWFQRXHFBRSKBGGOFKNMDHQH 6 7973
VZWLQJZZHZRDORQJOFNMLLOZBKLEHGLRUQUUJCEJKCNBPPSCY 6 7990
YXUCIEXMJRSHKYYOTSPSGOVQGDGEIUTBZDOWPHAIELQPEBATE 6 8035
LYZFADYMFCMHZDTLQYOWFIGEICXLDMPQMRZBJUYXAPGGOVBYX 6 8132
BIHITOQOUYBOOVHRIWOFGOOQIIBNZRFCYGLBDHEUBNEAMLNBO 6 8179
XWUWDFQZTOZRLOPGWEYONYYTOETJHKUCVUXSXXRAXQTDWZUBZ 6 8198
CRUWIEASSCBRZHFUXFCPHKAYSSCEFGSIEIGNTTBBTICODFPPW 6 8282
TRKYGGWNOOTIJFMYTHIFFHZXEYVIJAULHULHJSAESFLBAVRBP 6 8355
NIZDVGQWFWPOKGWNUKQERFONZIFBWXLMZJRFTCHIPNXBSOMGU 6 8391
ADTXZOHCMBIBIZIJWEBKUMLAWONLABRTCICDGRCQNPVBZUHKE 6 8429
XWNEEOONKJRXMJOPXXYEFAMYTYWWXKDWHIURPXTIIQKISLWXX 6 8559
SLIZHRKIXQXADQSQGDVMEBWUKPICRYLUWQYYKHUQCZJEIMFTS 6 8713
ROQNKJBVGRMKVLWXMEIDBSQHEGSEMTANHTYIVSCTRPFTUAIPK 6 8748
WQDBWQHBTDERHIXMVIICBBEPNDMAJJIAWOQAFPGAMISAOVJKF 6 8751
YBDTHJYLTVGHZHPXFZRNBUMHOLFPCHLUSHDBNOCJRDXIKPSUP 6 9018
XZRVEYLCUSDAGKIDVOIEDLHLVHDLLRBIFASTKIHGZBUIAHUYT 6 9023
BBOBOSLLATNQDOPFXFADNHDCALWCHLQYSDMQHDAQNSZQGWPAR 6 9328
DVZXVPQWHVPMOBVUPSZEDJRLLSUBWWKNOOSDDZEHDNAINCFOR 6 9337
YSONVDVZJDJQSVKTOESJQDPLFXVTOTBMRBPVAJQELCYQNBXVH 6 9343
URKGQWZUACCANXRYDTJEUAOKPAFHZLYCNIAHXNAKFOUSXORTI 6 9649
WZALGJAESTTHKNGREFZKPONYHWNNJIGKMGOYTZVJJZWZEPWCL 6 9708
FETJAXRYXWKIKFGHFHSLCDXTKPYALQAHUNTHNIDVFUZBZLIHY 6 9714
GGVHXYQGKYOXCASDGDUEASEVOUCXFTFIYLAGKLKYURTDGHIPZ 6 9789
YBQTPMDRMCSPBIYESDZPZSONTVHHJYBXJCSDTOBWRPRZVBGOY 6 9804
ASZPHKUGPQPUUZEVKIOIHERLQXYNGISOUIXEDGYWWJKHOWVQF 6 10356
LDIGQQWGZRWHFXJVNZRBUNABNPAQRQUFVVNVTGDHGXSOVHPKA 5 1800
USBNCVFCTOPZEMLDOJVJUPTWRXPMBYPRLVRZZNMQKLCIHSUNY 5 2458
JYOLNMYFPHCFMVJSARLZGIDNXZUJCXBBHASQQBDYZJIQSCWDX 5 2519
QDMXQMKFZFTSZWUBMKBIJUAJRBQMICRZICCVZWOTBKWCUVDFB 5 2586
OZDXVGISDVOXAWBTCMNJYWVOJKILHDPZGHSKLMVQFITCYQMHX 5 2602
VASKZJTKWOITSZHICITFEKZSOIJNLYQECBGUIBDNYETZFCFBO 5 2636
DKOBSVOADVYUWZJQCWUASPOQQCQQVAFBQKOCNIMFCQSBTJWDY 5 2915
UZCUMBTRYKMCWEYOZEDUYQGFWMYOBOSWYISGTNYHFLAUJFXZD 5 3042
RXXXWBSJUAFUWCWFAAHAQAHRKCYDVAKLFTAOLYFOZKXPXLPUO 5 3049
OYKIVDEHKEZDNULRNOCBVEMHPZIZJCBPWPVDAABSSFVWRUZRK 5 3075
MFQPTAUOPISBQNWFEXECVQBLHXGOJVZDOQCUANXMCWFNCUBMM 5 3150
DSMWGKFMYWBTTLVLALSZBTHHRVRAOUFIOVBBBBRQDGDKWQFII 5 3199
HPKFOMAAOTVEZCIFDZHAYCOMDOJHUJESEHTQKOFZDIRLCUMUL 5 3389
XOQXDWQMQRGUHLVVBBAXMOMMUEYIHNXHCXYJUGSJBQJXSEZKF 5 3409
HLJOBFRLAPXDCNVIGNYUSFEFKQIEQQNHEMGMGKXXOKXWQWAYJ 5 3430
CJUCOBGRINTHUCPVDMEVUPFSAIIJEGQTDUNAGORXJIQYDXXRN 5 3438
DQTNLDZOGWQBPXAUMLGOODTIUTCPOAZQFHJNQTRSBHHLWWXYI 5 3450
YVETYYDZBWNPFZDCWPRKQUALCRFHFZNPIALXQQHNLPRAJPTLJ 5 3556
YEFBPIAYVQRWFBWVRYNNGSFJJXMBBQAVISUKRYIPGHYPDDQNI 5 3598
ALSPKNGFIMAFOYUKRXJTTATMJZGCQYPSTCTOYNDGWIICGZPAC 5 3606
WROTLCSRPRGZJSXLLXPOFEIQYITROJFAXQKZVHPCPIIZFQHYB 5 3664
JJPPJULRSOBNXALRPDZLOLYBDQDJHXXCMIOBPGLWFLPCBCATA 5 3699
TVUKSJXYOWVJXPRSBFIRFMLEXRDIYRVUNBDLZZCOEKVXJPODB 5 3740
CDQAXQNVSPDDOQYKOCIIFFGVKRXTAPKUOAOAQNMWJUCIUBMHV 5 3762
BOZXHYXTDNMEPUPKIMKSHDDOXQIBGBTXSMXBMKAVOSMCPDWTJ 5 3768
DUYKYMTXUXAHFAYBNQORGBNUXLGKVPGGSMDLZQYWVMDYVHIYX 5 3815
HXCUIGTRYLFIQYICLLFBIPBEAKUGPIZYZQCXTFTKOXBQPCRMP 5 3885
GBTQZXOMNZEMMAAWFBPATKNUEIMTCIFFDKXEHPCHSGNBECBSE 5 3906
RRSBYQCBTNZDYOGRALLSZXYCTSHDYFBVNGWRWSSWDMHLSHVFC 5 3914
ENUWQIKBMYRNWIINFYDNNRDVTCJYQZZJGZWVGXFUYAIUZUARJ 5 3939
CFNCGCKLODFUQYCHLKSKAOOGHACXGDVIFDHXXWRDYXQTCHUGY 5 3941
YPXRAWIAAEZRZXWLMUYCTXBLDKUTFVNRDKTMFFJNUJKDYQSSB 5 3979
CNXNPKPDURJEJARIFDPMSVOIGXTRRZIHUUWVSTZWORAYAZJXW 5 3986
EINUQZXWAQTMCECNBMALCZTSLLHWEGVQARGCUOJQUXTDLXDOE 5 4006
YFMDNGOKJZWMGOUAAGYVXPMJJKWQDGMEEBHSLPFRGMUVZVFJU 5 4048
YPSIOSVKHQPBYQXWNROCIOAQDPSDBDKMBOGRBWGOHPRGUROQL 5 4057
NSKVWQCWEMZGBQTAQDDFYFAKNLMHUNUEVLLYYCDBKRJKTQVIL 5 4078
TOPQBLDNCDYWUFSZDJZQZWDLEDYFFMKRUGOZLAMXPWPSNSINB 5 4080
BNCXJCKXAZWEEMWXNCJMNJSSNZVMJLPNLJYLISYVNQZQHEPZD 5 4090
KUHOAUCRBVMZNUVWZNNORYWPGGEHEIBPYYYBLBGERQFBRCRYF 5 4096
CGLYZRKRNSZUWFBLJFJCASDYVVEDEZHLJLMTOLWVOQLHWWNQE 5 4105
OAVDYSCKJZFVVYNVPUYDPOGOZUVCJPHGPJIQSUZFQVGDKZTQC 5 4109
GWUDKKRQEZPKCPCRSGUCLZUPENZQNEEXIUYMYFCDUOVKXBVWW 5 4118
EZAXFBYPESMXEZLQKHNWYMGUGYTXWTWPVTOYTNPPWUBNXYJUF 5 4158
RZDXNKQYLSOXOAYPTXFZXMLMWXZANBMFOIQMVOETVCESACRDE 5 4197
GNSMAHKMXECQAYJOZBXERULGZMFRLYAGXKAGNTQSLTZMIBYFN 5 4241
QWGVONRKLILWQZITCZEIJCMPFGYMEWEOKDFWQGBNRBVDDEFQP 5 4255
FBGSDWTRXNYMVCQUDMITJXIEXXJUSNUNEBUQKMRBQMWEQROKB 5 4277
FKTSHHLZOTTIIIDHCXUKZHKODQIXBSVHJUXUSLYZXACLRSRMT 5 4334
GTLMFUZCFRFWIDFORNOVWKXUDGLEEEBOHQBUTDBUMPPOQZWDO 5 4349
MAJXADDSCRSUNMHMGXHEQFJZGLMOIBDSZYBGSPNDKKPELJQGK 5 4357
SHKUZYYOUZSOXMQPLTWXDLVHXGSFFBTSRDOIDCZERMFHBGXKK 5 4359
QUBEPEJZNPBEJHNXYTCYPYXWFCZLGBNMIDWGOIBBGRVWTPEOW 5 4372
AVIKWLCEQPIPFEFMBHPSWEURBNGLUIJKNMNNKASOZJGZLXYCA 5 4385
NANOFFDENPTPRGAVMGPPLYOZMDGTNNAGOIPQQJYLSHWNDPXCN 5 4388
RWAZVDRQWNSOBRVKLFTRFNCVAADHHXAPAUITFCUGQCOCMULZO 5 4401
JDZUAUIVQNJMXCFHSZKZEQKFWOKGWIPURDYVLQLHSYARMRVLF 5 4431
TTDEGBHVOYOCFSSYGOHBTABYHKLJDAMBOGKKUYLSXRFWNGXTD 5 4488
ZCOARYLXSCUFBRRSRTSINKJEKKYXBCKBZYYBGGYGQUGRRLHPW 5 4519
VNMREFBLHMSSPFAYAZDAAIAGYYOVYBJIBUMXGWJWHZHWQTJRL 5 4562
VQSYNZWKPRBPFOUJNXIXRAJJHHQOPVCBJNBACEOKVIZURPPJF 5 4568
XLINMOUFNJODVBXRPQFZUIFIAWKCEIZPWDLCAJNRAVXEFLJZZ 5 4585
MUUDVYUIDIVBVKIAQIQPQULHUQVDPGYLCLJIFBYECNQRVFIAC 5 4622
KEMJMKVZJEWGIVZSDFFXICESETZUDUNFBAWSDULXQTERMEFQP 5 4622
JVKLOJXRESVGSCYOFOIPOZCBXBSJAUQRRASCHLNBPHDOLYOME 5 4631
KMNKKSEMAHLFJNIJIOSBOHGSGENXOHYWNFOORWMONVLTQQIRJ 5 4657
CCEXBWQDRFPBCASJQSAMPUYMCIIYCOWFIBDKJUUJVFNGDRNWD 5 4670
BRNRBCYJJVNAKXOOZXWIRFZWTDGTWHFYTGYGQJWLZQTWNFADR 5 4676
AFTCLTUCQGRPROWWQPWSOZMIGFIAZKDGPAWEPSPRKJAYDKSSG 5 4681
YRUJERAKFKSIWFSCMVVINETEJTSLZTPYCREDSTYWUMBLUTKNW 5 4687
OBLZTUXOTWNMLUBWICYDDBWYZOSMQNGMWIGOMGQRCUGRRYQPZ 5 4692
ZZMEUBYBWXOWPGJYRMFKQERJTLHJHWKIMKKNWBQNBOGTLPFYC 5 4702
SSXBWNGHHZNSKPOGRAJKHIZVNYUWIGLDWTMPTQVZBGYASCSSP 5 4719
SPGDQRVZJAMUSILEXFLWUSAUWYLLDHUAHSVLCYKZGASBMKFAH 5 4725
JRRWDOEQIVXGFGPGOOUMWGRIJIFLJRQJUJBKBJQXUWNPYKEKY 5 4732
JDXCQVRRMFWTVYTPSSQUBCHFWMCWOYWZWDQDEEBALCCRVIRIP 5 4748
IZLOGXGYAXBYBHFZMEMCSZUKYLPADVEOQRDAKYCZLTZSLKHJD 5 4800
KPGMHMHGYFASOYOQCCFFHROZLTFHVWRRNEPWRKLLCFZTQRYGX 5 4826
GWUQLUFBSZMYHHPKBUVAZYRMBSPAAYMZVLXQMMPWGAFZOVKMZ 5 4830
GQTDLQIXECHWNROFZQZWPEHHPKULWOESQJJVGWDKCNNMWZQQK 5 4842
VRQYARFTHBMOQOVBXGWGEZNKBWUZORWFWGFBIOAWGAIFKPKMB 5 4857
OLAHUCQGXYAWVHLAYMPNVTZKYSVTUTCERHTAZRAKJYSWBEJFQ 5 4866
DGEHUZEXVDPUBFYTRFMPIFUDBOEESZGYQHUIMYHZUCIDQKPMJ 5 4872
OFSCZCYMDRGMLXQICYUWPCFOQJLBXTGIQYHRTCUHUZJOUMFGP 5 4874
MUVFVGCYYSIBMPWMTOJPVCFHIPMSCXEMINYMTYSMDPCLJRHHO 5 4888
TGRGQCTMWGMNEBIALRQIVOIZQZKEFMWOQWFJXATXZKCESXZSM 5 4891
JHVUGHMAGDCDDCNTGSUKZZZHJMDNUJTZQUNUKYHSLGADJNILK 5 4896
DAVUQONCZVUCDIOHDWUOOSSULFKJFYOPHYZREXMPZHTJTLPGJ 5 4906
VBTQXDDXEKDSGEQTZTQCIAWPBHTEPRIPIPOMEDFDPHJTZOLBU 5 4919
BDZJLXFOOZKBMKNEPNQKKOMWQFVGAWFBRIMDVFYPXLSUKLAYU 5 4977
QPEOWKYBVDRTXNDSPJNJFOHBPNCSOBVUMCALUTZEYXYQWVORJ 5 4998
DIWYPPTUZQAHXZONZFBJYLAPLIPHEPVAZEZTGZHHHIQGGLBTX 5 5023
SDGGVYDYZOJXPLVFRYYRHUQOSNPPAQRPZGFPAELUGCJBUGESP 5 5024
HVXPEKGCTLYCEYGWWBAJPICDIDKOCFJUDTIGCCSBCJBHEYBOI 5 5029
KFSGXPXUZBYIQQPZFSZBNTVUZNHZPMKUNDGMWMGDYXFTDVDBW 5 5032
XZIZWCVPVQRSSGEURFVRFGUAWLABHWQLOBAVHOGMSFDKHQEGI 5 5050
YIMZVNDNCSEFDNRLZVSXRPNPUJUTVAWWAGFSNEFKTUEOCAWCK 5 5058
IKZGVQXZTXFGXJBRXJUUNVRQLXJQEZIYQRIEKWCKJMYUXLRVX 5 5077
CXSYNSGNIKNQWENORCCZCRCXASPUPVOTKQLSBLVUHTTHMBMFU 5 5082
BZSQDVNGZVJTWHAYYXCBCJYINIJXKZMAXBVXQRHDPTWVOHBUH 5 5101
AIZUWNHJXCMCEADWCRTXUUHGTWEILEWCYKNJKUBGRIDLQSHLZ 5 5127
ADHVFMTVVMQFLPFHUDAXGZHMBHKQNLSUWNWVJWGTWWPRQNTNT 5 5138
VUJAEKJRKHWECRCTVVRGMKWJAEWOUISBMKKKBWNEVYUNMTCTL 5 5140
PIBBRYDHYELZDISWQFWZWBFTAFSQXLPBKDEYBORYIAJXGFVJR 5 5168
HPHDVIVHPAZVQZBIIIOJENGIDRZKXGPJFLWYSXTUESJSLJMID 5 5182
DJNYTUYNZAZKYJNRSZOKQRQNMMAIJJRDCOABXHMEDNYYTQLLC 5 5191
FQCFAKMRIUUASUPLUAZRNYMNJELFUYONEHSWXOPWGPZHGIUGC 5 5202
ZWJTONGLEFOKXDWZLLLGSSCJUOHRGTUPLRZFZFPLQFOJGUTLB 5 5221
GXISQCLYTOJGWBHOTVVWCJEZXSRPSQEMKJELPZIWRZZDNMKMK 5 5223
DRGHHHLWXXRLKNBYXURCKKQGFWKFOXIYZMUJJKXGPFFVMAAIB 5 5240
SRYVBDNUHIYBAVEKBQOJPFNGIEOAIAKSSYWTKCUYYHYVSSIHC 5 5250
CVWBYSLBKCPIVKAPBQABTFAPJLMGVHHPTUPINGCENAIUVNDTZ 5 5261
ZTEUCDCNKVSVJMMUIMWHKXVFMFGSIQOYMJLHNPSMFXYWRTOHD 5 5268
IOEBYFXYPWYMHJQOXYVKVAJXFEYAOTCHEOBHIFQLDEPOISESM 5 5277
UKIOQYMPLKMQKMJDTTLFALYIANNZLFBEYFDEYKSLZHKCBPEZM 5 5308
GUZFKMJJSVEOKOIWYGJHJORGENZHZNXOJYTAHAGOJENZNYYYJ 5 5324
PQHIOEOJRKAFYIEYQLKJYQGMOZZMHSJFSTUZFJSONAESROZMY 5 5326
GTDPDUKUFPNVXGXBUUEFMAPCXHHTKCOQKYRQTSFFTVBDXKEZU 5 5327
HTJUSFVXIPUXULDFWKEXQIMSLYSCSWTSDARTACSSGUJNGRPDI 5 5338
VIYFQRGMRPEGTEWCNYPGINJYBPNCAZDWREYXHQZVNZOYXYFFS 5 5341
LGHUBQOXFEHTNJEEOOCOLFSECHENXNYBCCMJQQHWCTUUOWXND 5 5363
FTAJPAQNCSOCSEDCHKUAQNONLULUYPLIKLJPQURXNCJHLFQCE 5 5382
EIXYPNVTHSBMTGOSGFCKEGXSKDJIPKPDVPKGFASJJQUBTZQEW 5 5389
RAKANSMFWTJSTBUQBTWHGGCUFZOBMYZJNNCDMGOGSOYFLFZUJ 5 5390
IODEYOHCGFUYONYTFGIJNDGOCDTGQJBBOABXMMLBCGVGXKIRZ 5 5395
HZKTAPSBCMDBUOPTBGOCVLCDWQTBMHYZCJEUMPSQJCPCPLZSS 5 5412
UBKORZMQTUOSWFPGEYVGQALHHBLKBYPRWWATIIWCKXGRKFUTN 5 5429
PCFZBLDAXBDJPYKXYTDPKQERMZIRAHICKVUGDNUZUOEUHPTIP 5 5432
IFFOTPAKTPBVQOODMCTJCNXUGWQJRWFCVBJINMFNAYECXKELB 5 5435
BZPGPHPZCJJGLEZMXWZXQHOOVGLUWZOOICQDLMTOEQVWMAOPX 5 5438
MTFWTRZMVUTJTLUQRKHWTWDEDLDDAONRYPMJRLVBBXWEYXUOU 5 5441
EJFBNTWXMNVLEWMRHJTYLJOVASMBKFLHHOCCSMPVXEGVIPJJW 5 5443
TELPDLULHXXZVPGSALPWAQEPIESGVFCYODGGDXHYVFKMBAOXW 5 5456
TLNLLHHKJUFWHFIWSBDOUHJZFUEYRDKACHBGDAHLIBSAQIDCY 5 5471
XWHEDPHMVLFJZGFVOSGMOQHDPKPBZKTWYKVXFWUHHNQLGUUFE 5 5477
KDWMCXHDCNVXIUFIAIRPUVLKRSPTJSWDHVBJYADBISXOCKSQB 5 5489
KEZXLFGUANQPDHMZBMHVVDFXNOQNNUFYMNRGJMYTHDUWLJYCV 5 5492
PZIQYCWKONFKKIQUMFQMSNZOKVINMLWBHOUYWCMRSJIUIVATK 5 5503
YXHAECGLGZMCJJKDAPYPPTRXQYBZZUTDZJIQMBHNTMJCDPJJK 5 5504
HHEXKTMLSCUHZJGEMQXMTDSMJOOSPNPRXIMJKIJHJYHCMEMAP 5 5509
ESSPVUSCDDFSVETKBRAICNWJEOFFMOSMNSAQQCNXAPCBTSTQV 5 5521
ERUOVDTSXYLFPSGDCFLLFAUUJOYECFWVBFPMSPMFOELNHIJLL 5 5542
JQBBMVSSVSLNCAADMPYTNMHTBNELLQTZEGAROOAWCSVHYSAIF 5 5544
YICPBSRDFIYULDIMBZQECAATRXWWXDWEJTSSAEOLBFDKCYTYS 5 5562
CGSOMUEDHOLYYZICUBMALHYZIRJLPWSTOFAIXBIYDLARHLXLH 5 5606
YNBSZVDVKCZUKINATABIPKTPODSQQFEUASKPXLHKYUSMXCDSB 5 5615
XSEXZPOAOXCKNADMVTFRGOMVJONGDTEBTQKBLYJPDTCEUIYQX 5 5620
CEBPSTBZXCDTLDESWVZPLRFROJMRSZLPMADQAIVHIGMHXNZMS 5 5637
GJGVGWXILGICHDTXRIGYMIOZCABLRMNPTKTRJFHHYAODKVOIE 5 5656
ROPBPCOUUVHXGZWDNSLPHRXQMMZQXNEGJJWNBNGOTHDWFZCAB 5 5710
WLARQPRNQVGCJVHNCQICXBBXRVMORHKNBORANWCHNXQHUGEWR 5 5712
AMKTWRPDPTFDITNYXUINZPVPPGSKWELSDNNDCDDFDVBKMCHAK 5 5728
SUWDIEZONSBYHCLLBJUGQCOFOHNNZRUDVNHFJOMWOQPEDDWZJ 5 5787
FOYTVDIDVRAZHDQWYQGQCNHCIEOVZVZOPBJBZQGJGWQVRFRBK 5 5813
XKPTXWJUBCPMDHGFUAREURZKHNEMIVFBKEUUONSYSUUKOPWQG 5 5816
BXMEWZTVPKPXVBDWNTJIMFEMAAFAQTZBCERWNBMTXYDRFLUHI 5 5832
HDNTAXWHDUDKXNQWELCCPPLTGNLPEJLAIUKYHOHOMTTGOTMOE 5 5832
ZBDZXZRNAOVHAADUFKHXDDGWWXSKEWKLEEALJSIIEHAMAXGRH 5 5846
PHBLMZWHWFBBVPUWCCNICZBTQDFQCZIXYCCKESTHIAKEXIQNI 5 5846
XVXYRKLJYZRONWPWSSXDPUOAQEQXBMVHQLLZSWPRBKPURKOLJ 5 5866
TGMLBWFMYVZRFUXKQPFQYHNOKSCJPACVFJNRHGMENWZGDZJQE 5 5874
YHLCYUKHSPDRNFEGQZBMICGALHTVKPVODSOQHBKRTJYICMRZS 5 5885
YSSTOUOWGMEFCSQRKZMGAHQFNUHPGXPNLFSKBASGGPRPCICTR 5 5929
YHLRCAOBYXJYRVZOQVDIDBXRUCNSDMFDTEJHAFOYOIGSEUQHE 5 5939
XRWKXUOEXWTDXXGUQYDPVXPMOSXQOGSNLWCFMHQSNVCXXENLJ 5 5967
ZHIKQCZXWPTHJCXSEYWCBIDTLPNCNJEIVYFENXXVKDRGVPDEQ 5 5988
XMNSYBTBGVBXTXKTIWOJFVNZAENRTQDKALMRGYJGPWGETSJRI 5 5997
HMYKGRPQZSMXPIKMBBNGRIKQIDHXQZTEFNTINHPYRWLXVJQCN 5 6016
OIWZMCDFGHGISCWJDSTRRRKIKWNXVADPERCUKJFXJANBQKIJU 5 6019
CVQECJKVIDFDEBQEJERWEVIRJISPJVKJTGJOZRHDQNNUTVFTB 5 6045
ADCZBIQHEXEEGWYIPBATBNGUVCXNJQDMJZISDLECESSTIKHWN 5 6063
DUZVMQMOPVFLZVXPFLPPGRJFLBMJWBTBYBLCNYLSTWWZZUXZU 5 6066
XNILCJKBKIXNLPHUIPZILZAXWFWVHMVKGJCHLRLMSSMGNOLSA 5 6092
YLAECKOVNVBVFVPNBBHIMBKDGYNWWTHYURVWWBMEDSLJWKIAN 5 6098
ACWIXXZOJJIFBBAFWGCUJGQWYFFWSYWLOWXYOSSGJXEPHOVKC 5 6135
ZNKODXTCBSDRSDPQDFDXDPTNASQMNLDZUDGAQSWRDADBVNMUZ 5 6157
UZIDLGBASCCTZOQRSFXTGCVJLXOQNAOQRVFAYLSUGBBZVDHGT 5 6168
GXYNMZVLGQCRRRHKFMQFLWNLZIIESERXQBZSAEBCFRXPDAVAI 5 6172
MWRKRLNYOCZOJDQIPQKNDAXZPQFOSGOXKYIBIXKFBCJKIQRHC 5 6193
ONACJLRLNZJAEBZJLLUYSKQYTOPDHWOMEAYZHAWPPDNEEORXO 5 6208
AFAEQDFUEKEIXPZNSIZMAMDGYTCBOOHYYEXBTDMLXELVSUDWH 5 6281
NXGTOBJTSCUQUIKPJXLKOXVGBQCAQYOFEAROFYRHACEPRPBSH 5 6286
HKHNDXRPXEXCPZQMPCCWPLOGCOEMPOIGLDXHLUOJXPFQUAUJC 5 6297
TXPDAENCEJBICWTGYNAKGQCWIRBWWGXDVMJFQYUQYDRXCDXMI 5 6334
SXKDECMBXROLIZITIYMURSWQDEONRFIPEMHGVQTKDDINFAHIJ 5 6366
CNWAKOGAQXLVNJIDQBKIGTYYERXWLTTTQMUJBDPLUPROWQAOK 5 6400
BCSTASHGIPDJJQDTGCRFQUSFJQGAXSCGHFZAKVNNFWNHDRPAC 5 6405
GYLSRNEZXLTEBUAYRTFOZVYVEUSYHBMNHJHATCYEKAREXLDKA 5 6420
NQVODWPFJDKJCVYLQNUFAGVDHZNZHQHVLLEXNUKGXXLOERNCL 5 6426
QIKRLZBSUEGWKVMISDIDASPXOUMDTSHHCSNTJTHMDSQKWYOGR 5 6452
QFATUTCMFJLHPWUIAESXGULMQHLGGQSXYNQZZGBDUVVKOMFGT 5 6460
ZGLKJTIBNYJTCDULTBMHYOASDAVWFNAYXGXMKVNMOGZFKWKBN 5 6468
TVSSWXPBPHPUEZXKZOCNHKKUONUUGXPEGFPPJICTKSIBDWSWH 5 6541
MKMCLJSNLBBZSFZDYGZQTWSPZDPSGLESQUDPJHWPTCJGPTVPG 5 6547
CEYQXYZKQAOJPYWXUCEFZHFQMYPIHCVREDYNBXKGGUUTGFUCJ 5 6576
TTLIALTWSGTBQNRAVDLQXVJSDBBRHDMCUSZDXEITPAAPVBPOY 5 6589
EEBGWEERKTGLMBCBQTVZZOEWVCHJYSSDTNRQBVOBGGJMZFWVI 5 6607
LPULLNXWFWTTTOZUIGISZFWTAHBJDYLWQWKUDFIPWYBLRLWSK 5 6609
EJLEKYUDVWIVGZVKRLLDTETUEGFVXIOMHHTAATULTKLVBOZKP 5 6617
WXKJKMXLTIXQVBPXEUPPVRJIMBCXUIXPEYYVVVDXJAOZSVGDY 5 6719
HQOHYIKGKEDRSVSQGDTKDEPEISAOKETSMBOCOYZHKOORRWBNX 5 6737
ZQIJFQLOLRJYMTJPZMMPLCXTDHHQYZZJQBTSOMLEDGEQWOSKI 5 6748
KYNNAZYNHQGIIYZZAAFKNYWEQEWYZQUVWUSTHGGVTMDOOKNXV 5 6762
IGNGRJERQEYGUKLQBBFOYPXSZJLRKUCADLJFCQTJITOVMKPGP 5 6822
VQYQGGAKWWNVNTUIHAKYMUZEYWXNEDWBMECECAIZBPVPUXNBU 5 6864
DNIHJZFXBHQFNYRHGWSYICXRUJUXPSTRDZWKAWXYOGASVFQNN 5 6885
USLLPPCQGPIHAWFBJSDJKECADHGUCZXHOICDBQDNPYOOUGNCY 5 6905
ELKJSXXLNYMGVYFIRVITJUOSJHMHUIQVERVMDZBNQUZQTELKH 5 6917
IOKRQTMCWZCSBGEJRPDRCTZFFNOEDNRSGXACNSGHOQWDUAXRT 5 6926
HHEEHRTIQHQEDXUUNPWLZBQUXKFTHZPONOBBSINXNXTMNJAXV 5 6927
PTCMLNWDYOPNWAASXTAHVIHOUWXSDYPAUORDEIDAJLLAHBLPW 5 6944
ACWFPDRHSGEKLTEKWKVNHFPFFQWVWWSBYNEHOKSNYHXSPRLMQ 5 7072
YPGGGOALWWXNBXJDTXYQZDAHFIVNEVOWCWYXWCAHDDWNWUNPQ 5 7105
MSSYXGJEDTQUIUKINXJESJVMWKBUBZONUBTAZEISITHKQXPTC 5 7332
WYDMLETBYMTKQFZZCHTFMHQKOHKXTVPUKWGUIZVRFNQQAWDAL 5 7409
GFBWQXCGGDKXRSJJPAAOSIVWCFOGUVIHVUUHMJAVMFCBUSFGH 5 7565
HGVKWUKLPEDMJINDGTLKNQZSSQBIVYMGEJELIPICRUOYASAQA 5 7662
DDULDPWCDPDNSDUMEBRHSAPEVMZKZRIMMKBEIVINNTQVALPSS 5 7925
XVAMCXQRBKBIRNIFFMGWXMWQNWRGQJLXPZZXOCZKRUUEWHNMX 5 8118
FHTZMXYACOECOZJADROYQQQZKTMVNGAPSKWHWCAGDVTMOMFCQ 5 8211
XYHFVCNCZDNQORPELJFBWRUGTKPOYBVWVYPKKJCWAEOKTFFAA 5 8216
WGEWVQUKYIMJWIPOURILQBXFZWNCEGRERWHDPBSKMKBDQBWKP 5 8339
RIWCVDWNMSKFIPAMRPQGRZXZREXRUDCPDPUVIMTLBXHJGSZAZ 4 1198
YPJYOWBMYRGPSZAQDMDJYEOPSLOSWNNBGQQJKSCBRHYNWJHEB 4 1950
JYGOARAWVNWGUJQSQRZJSZYXRWKCNQXCKSYLSHCXDMKVJBSBB 4 2002
XCMNDAGMLNZHKSRUQTYGBYGUGZKMAMTTMOFUWIYQGMIGPRROS 4 2002
OZAELLJGOFZRBRINVNKSISBATUHUAMSBGINPHTGPLLQFJZOTB 4 2027
VGZNOKZVULKWCMNSEVFQJPQBHDPNWBDWPRAEKPZIMGHSVVEOH 4 2129
SWVVDBYXSBZHWNJFCOBMRPOCYNPKACLXWFTKQLQPVRMVSBRJW 4 2165
OHEBDFOZGTQQBMNLFGREWRIHWTZABLYLBBULKWXXNKTAWRBJE 4 2245
TXVSSLLSIFLCQKLLASEEOAFUIACSLVDFHBPRVHITPGEXTQURA 4 2294
LZNCZCHWFILPAWWJFIGTSFELSEOZPLMNWHKZYBJPUQDBZQFCY 4 2461
AQLNETIIGILSPKMYMMDKRPEEJUXBILWICXOZIGLUBHQIKSEHE 4 2510
BAKVVYITLBBTOFDHGGRPHARAHNKDJIOUZKKVGUWWWSMVYDBRX 4 2654
JIPEBLKQRFDIICFBPBHJVWMYRHCMFRFIXIIXFYFYHERDHVYZJ 4 2662
RHECGCDBFQPXAOYLGPXACHRBNKIONXAZFTPEHAQHOIOHYYPWV 4 2682
HTXVRCIYQJJINPPTLWPVNASFWFSHBDPLTZCWEUGBGQMZOLOQV 4 2705
OBNYEAAEXXYACGNNEGIYSFHANDIBKNNRMGXKCPUINKVHQWGKA 4 2800
GOIAXGKHUZLYIPULOZVOYTDWJIUEQYJPTEQXEKICQOIMCICAS 4 2808
XBPQGLHHXSMIBAGCGOIEAOAXRCLUSDCYLOMBQRZAPULDKEDQP 4 2814
QQELULAYXYCBTHQZHRBNQBKKUPKMEDIXWPABUORCFDFPZWDGX 4 2898
YTFEITKDUDVBPDMUTZWXQKNXUJWCSMGDVPSKLERKYFCVPGIGR 4 2899
NODPWCDJNVTIZCZACOAVJXBUULCQSQRAKOSOGDHSNHTIEBLWJ 4 2900
SYDGJQCSQBTDGJQWAKITACQIMHSGTUSGYBDISXRHPUOANLUXA 4 2902
CVLHKPGRAVODGYLIRLZEZPVTFYACSBPPVFWFMFMPUYATJNXNC 4 2911
UMINEEOOYTVYBZOKMDRYXIFGKWBBTXABTQXMXOPKYWCBYLEEQ 4 2934
ZUDHLCVIIFUAGNXOXXYQSVQGTTPUHTTZIYYZCAKYOQVIFPGWK 4 2942
UAUPUHHZBNAWDCSDHFFNJAIRBIVVRQRQQSQPFJNNKLZIFHTAC 4 2957
ONVOSNWDAIJBFDPWUDNAZGDDVHBFNYLVUFZDKUDDQOXOPXTYS 4 3022
ZSYKDLICHEXFWYVDQCNLPHVCIEOWRQEWFGULUJIBTSZGPGIEF 4 3046
AUBLAZKQZCDNDGTTOXRPKWOEBVDXSRFBFJZAXZSCVTYANOXFB 4 3066
GELKWVDXRVXYMOBYEEPYZHHCOUFXQQATOBDXWFTIQEBTAOHCW 4 3077
LBSTMTXLFNOMMOIIBFMREFNYNXOAUUYRJBKENPSGUUBUNSLQP 4 3100
MEZSQUXVZOSOUGCPURSQAWNSYQGLFFKXPEHEULWRDSOBMZYGO 4 3113
JGHMYMSDHRVHIOKOGNSFMZCDRNVJGSGTVTMKJRVIKMJXJZLVW 4 3124
JYUEZPPIYAEEWFYEUBINIPALZDJIIZUPBFOIHSUBFHWNXNUZH 4 3133
TQYKDFSBBDUBISKUXNDZEKGGUZTHGDNZLCCBPGPQXRKAHGKRA 4 3222
PUIPXIMTPNZDAAUGFAPPYCSXSWWZKEQGKDWWLOZQKILTAQDKG 4 3282
YDQGDOWJGRKXSEUSROTZRSUAQHUNCTYYJJOBUBNWBCPFRHAAJ 4 3287
JNZGSALDZJZLKRQNXJZSBXBTIAGNSEJCDDOLWOBRMBATTBEAH 4 3297
JGFFVTFXUCVIAXZPYLUDYJUXSKGHOZWMPNREPHVEFVJPQJDGP 4 3306
NVNFOKGDOGQWVPRYWCNKKLPMNLWINNGHDJTJEGAWAIMBMHAPH 4 3323
KTLHNWGPVWEYBOHKFXMSCFGQNBNMUHEPVMVFIPICSTNAFWXFN 4 3333
VQIAUUSDESGMVNQUKKTUCHNBUMLROFPOUQZWKCKKJVPDJUJMK 4 3334
QFSZJNVDEVUUBPIBERGNKHCGISRJVLHKMJFFDJUZNNLOAWIIF 4 3370
CTSALMUZURTKCGHWNLOZJOXZPKHEAJGRQRTPYFOPWBOYCHYWY 4 3385
QIUOENCGFRYPXDOELPCEIZJPEPFHCKVPZNYNZGIQDTQOYFUUS 4 3401
JLZTHIPIXZLBORDDHWTDLBBZTQCNSUULDIWOOIUSQAVDKDQPO 4 3460
DPZKIGZUKTDZLYJTNDPTVUPLNLXLATHWZANJJLKCPKXYVNRCK 4 3491
RVXMQUEHCHVXJGCKAYXBKWGESEVEPUEIYROFMFVRTKAGXVLPX 4 3501
OEYDTWQJFGOHBDECZUYXWQYSPNEBJQLJOIVTVWCINCYXOENXM 4 3502
IXXYOXQLMKAYEYUVPDUZLBTUNBCCDFGAFPJJCSITFVZOGRTRY 4 3506
PSZSCZACPPMLAJZZLMPQRQPSMAXJPYJGAPDPFFIFCJFGNFNCN 4 3536
BFDFRCCJGFPSOGVVWJFFNTDFIGEFCYUMXFBBXAMBNBTOVIROV 4 3550
ASNTAGTRZZOQOHIEOQMXHOTNOHPUCBLYHBSLGAZBOYMRQYLBW 4 3570
ZTBFCCBLCXPYJPIOPBROHRRROUDZKNQEVOWGPZTKPPKHNFXKF 4 3592
KWKKJNQTNOLRPQYKJSHLYZQRTQKQADDJYWWAPTVYYCBIGQKZB 4 3595
POSKFRFITYOLWYDELIABMRVSYMIMZPRUWMMQNOBBZKTDKXQLU 4 3659
CKKOEGAVPFDQMLTMDCTFZMKZYZTANEQFBRPQKXXNEFQGJPLNV 4 3666
MLWIOVLCKNYHDTCJYSBPZTCGUCBMOTQXTHKGOVXDCBNYJFCWB 4 3675
IPRUCTMYOGQSUSWSKRTNXLFNDIPBXQJTADTSLCTSHVYKGEYPU 4 3685
MJEXWXMPYARTCFAHMNNDNHUTDHYCQQALASGUKIBSWQSJQOTNX 4 3708
AXKCAJCDIYLGCGNGASNECSWTHXGVQWDKKBNNHGJBZKCGRHXIP 4 3731
YYRMUJYGBACWLVAOWQAGNFNHYXOAGWMBROEHPVNPFJMTNDHFI 4 3786
MPKZXOHEKNIXTFZSPVYBFYHHTIPTCFJMMAROFICBTMUUTEBKI 4 3788
RXSPETJWMNIBRBINNEYKWEKIWAEYBKZGCOAFJVAXJOCKZCAUH 4 3798
HVUTRSDAPAJLXUNTTTUJMYGXECLZNOHKBBMDDVATNFRKTFGEO 4 3824
VGJBRMCUNBEKAFKQULCJOOMIMCRHFWQOJPSHUOUKSEDKBMYLN 4 3852
CZWQTQMJJVGPRVUQRZBZLJVXHZQOAEMNYMFSBCNVNAHMFPNXO 4 3870
ZDRSIHDNNLVUYOMEXJZESZMHPDBLFKSHOTMAHGGMNCIPZKAIO 4 3886
FCFDHHWORBVOBFMIGZKULTCBRCHFNXTNNGMSEHXTBIKCOIHXV 4 3903
CPJQQOGJEKOLLAUPIEDYUZEEEGTGOEAMNMBRUCVAOHOCDWMQQ 4 3915
XFBYFYRNJOEIEGVZUBHXRXQGSVLMKFHTOXPEEKQNGSJEWFKGJ 4 3942
QVFCUKOHRSDSNBGCZTABICCJZISKEJYSVLKCNVNICDPGZAUQM 4 3951
ZYDVBALQKDYYZVLFXMQPWWISFBMQZSEZZYGIPMJIOAAPCMSBV 4 3972
JEOATAJWJSHRXUPMFOMUQZSINNCQMCPWGPTUQLQDQQKUKWNJV 4 3983
SORXWPJYURKZOALHRRVOJEKUOGQBJEMDVUNHGRJFNLAGBILHV 4 4012
LRNTTCYQSGNFHTLVAYNOJLKMFTRDKIXKKACZYSEIZWEDELVQZ 4 4018
AQFTFJIWKARGPCENTOGYAXIJOWSXGIXWOGEOCEIGLBMNTDFUP 4 4040
CDJCMZXYFORRJXSJWHOKSGJYXLIYHMDWYXGAPCOBDYWTZBQPC 4 4065
WQUGTXFEFTVXOXLJZLZAQQTTISSDUAZRDZUOGWTIXKEDZJXNV 4 4084
FOKBZDYOIJRVNRCJZRZRFTOJDVYWIKUYSTMMWTLTCHAUYWFOV 4 4122
OEJGVSGTWKVELIDOINMIIBWKKSZNMOABAAPLOLVFQZUXXLQDP 4 4126
VHUHRIKHADYSIHOCUKCKSUMELVGSDIEWYRNQZZLAVYYSCMAPE 4 4132
FRKDXRCGIZGCJFCZDPWVWHRWSUORUMHCYLFCEEXYWLDXFTJMX 4 4145
BAYOIKGYVBZTNWZRMRSACWTVGAOUCUGSQTHLQRVMUUGNKHEMG 4 4199
KQBMCCSUTOKEHAXVSVGINQFOOHAHBSSJZRXZXSPVJTRMVZGAE 4 4239
XLKHUGECUBDQKYWVIOEULOIZVMBADTJAPRTPQZLKBMBRAKCEF 4 4241
AJYKPVDYJVYENVQPPGRELKEJOWZXVUCFOZSSMGOGYQNXUUHXT 4 4247
JPPPPONKVAIHFGWMWZKJOGPNJAIIQBMVTJVJFVFXOFGWMQTSD 4 4309
TRQPKJSVYFGJSLKDBZLFPSBIAYRSHUJLSODAHJAWPQQLOVFLW 4 4312
SDWWABSEAJIDWZGRHLJVCYSLAMILTKLETIQLKDXDAMIELRSOG 4 4324
SNEOBJHCRGRLNDSLMZWYXJKUYFWIITDCTPXUOMKARDVGTOISS 4 4366
QDIQSZHWOYOLDHUKNYNSNVANCUCKVGRPGHJYKXCSYLBDFZJEY 4 4405
JNHFPOMYDGYYWJAJNLVGZWAQVZLZINHMNGUCGOCQFRQULMLNV 4 4433
FGSSKCWWDOENWBTGGIIHINBCRBKZSSASDJTZMHMGSLDMIPWLH 4 4443
PXXHCMYIOKBAAYZXDCOIFCHAKYRVMRSSNCXQFJCDKMHZSZKSO 4 4448
WGQERIMFFXJHPCIQAFJYLIAEILKXJFFHWSTYMQSGDFEWMGVMX 4 4463
KKZAMITGSFJKCODRJPDEYNZJHSFCAUICOHGMIDUOCUKXZJRZV 4 4487
KFAONHMLBNAMTMNZRTYDHSHVLQCJJQGPRQCGOMVZTPCTPMYPT 4 4511
MQMNJPFPDNNJZCYUWTQRUMMXNUPITEIYPKEHAAFKVYOLBJRAF 4 4512
VGCUTYXYQIQTTZHVESBMAPDYWEUYDZLMKXXVNZSELIWIZUKWX 4 4513
ARBJMAWCIIWVSCYULDZTDTZGVZVLERQKOZCIOGITQVSQCYADA 4 4540
GCEESKLUKHTDNKSCVSJWOATXZEQFHCPEDMCDXQYYSYVQCKDRN 4 4553
EVKXUOTZUVRZDURJLOCBMZGLPWOVBGNZGKLFBCFNJKNKYDFFF 4 4555
QMHVAOPPLENSWOCPADZBKWCMXKKNIZFITNPVBQUHLLBOTNFII 4 4562
ULGOULTWRFJDIDWZTAWZRLSBRZSNXHGZXKPZFPSDQUHYGTPTV 4 4598
YBRULCZVFAHVIRHVRIKUCPCQWILGZFFMTVCQKKEVHJEKRCKYV 4 4601
IEPNOAJHNTZHIXFUFSTNCLCGBIYJRFKWYIACPNJSQKNPCXTWS 4 4631
WUNQMOZVFODEJKQGMUMACEGHUIBZADHNHYYVWYAOUYICMWIJK 4 4685
STZSDAMGNAJBGRGCYKBMDNZILZANGWTWMYDSBQWGYTUICZHYC 4 4698
LKMBLQLJLBYESQBLSWHMGRVRYLCKSOMESNPFBYRPQTMACVACB 4 4709
JDQJQEEWQOFSDYNZTIHJAYYLXJLVJHLZWHAGZJKQNLPFYZGWA 4 4738
PLGMYAREVZWHFPRBCSJDFZRMAVFHRDEZPBYBRBVQFGTIKSNNC 4 4741
TPOIVHZXVCJTLAAYSMSUDUZRQKKETVHATWBKVPISTQPSEFKDP 4 4751
ADNRJTSLXOTYMJDVPEZJVVMZKBBEISSEADPHWCBEORTDKCZLC 4 4815
ZIKHTMAQQBFQGVTCVQCKUEMFTMCZITCDICXJYBVIQBYFVDENJ 4 4818
SGQXEVZTZXUYHZWRMCSPUZMUREFJLDGGQZSQETOCBGHWGNBCR 4 4840
JAMQZWGSJEFMFCNDXCJNEJCJXIZWNZKMENTYNRVLERIWWFNYJ 4 4886
HNLTFSMNKIWPHZUGLDTUFVHPDWEMQEMVOOZTHOXKTWNTQPOOB 4 4887
YKMSYWXUYLNJTESZJUEOQQXBMEMBWUOQSQUYBLRZDVGTCCJFT 4 4904
HRBXZGORWFGGEPHIRQBWVHYFXSOASOQVUXLFQGBUURGHCHIZE 4 4905
KJEUYJUSVKZXETSVUNJKSQAOMWIONNYOLJYCYAPUOHYJENEMD 4 4915
ZLOUOXNKGTEMGQNORBSPMVUZXYWLJAVFDFEYDHTCNNBOGOEWX 4 4934
NRJGBYSRVOQJYKUVFQCQXKABNSYSYHOMSLGQLAZIZDYJWDHFT 4 4935
RZWODDGOFBYJCCUZUVNICSGUACMFXQYIXICEZVQWYPVGXJHCM 4 4941
WOFEKOZDXTHFLMNQWBGAHLQCVETSJIWKMKRLHDORIYUOGPLGV 4 4973
NFVRWKRXCHKZRGSRZMBDOHHXAMPEQGXNSJJZKAWBTSDRFTCMZ 4 5009
VRGMRDADWWCUWOXJXZVVAWXVCHSHJCZKIQQEDUQJUKWVKCFEF 4 5019
EBKQBAXZPZVGLETJSPOMVUYXIPHDUWTJFEELRFAQCBQAZOVVP 4 5038
RWXVIYDKAQYHPCZYDGJNTTAUVFKJZQAIYFZULWKQRIKHLATQU 4 5039
QIGFIZTIOFZIODWLZBYOONRTICYGREVSSUTRBIBOHBRZZVHFN 4 5084
NHEFLMUORFCZMMSBFTTGXEKTNXDVBXRTSTSPTOIEXAMMFHLYS 4 5095
JSYJBIPTYDQOGULFUDUZGCXYWNUYRYRDTVDQTLIEYVGXKBIOF 4 5118
VKTETIZLKGPTVVFHJAOWNLRUFVSQVPFJBFBPTYDOPTQGFPYOZ 4 5123
IUNYXCQJRNTMCWOFDYRBMKMOWERYUAXYQZPGZLKSPSWNSOTES 4 5124
UCXLVHLCWDJRRDEBQAATILSOTVOXGTQVUCHXMMGJXVEUGKWCS 4 5129
VNXVJQBIQGSEIGAQVDFDSWSRXEEDOUPQCHOXWUCWONCITHAWA 4 5135
LVACJJTEIUEASHLALURURVMHUKFFEFRTEHZXUSESTIAXGSDHR 4 5170
UDETTVFCMQEARNSFURHDJVXWSRORDCLEDFCXEMNWZGGDYAQRG 4 5170
QKYVBFKLLUTQBPAUVHUABPRSGDTBLXCKGTCAGLGPUOJTLLVYL 4 5174
XBFDKRAXKYAABJWQBBJDUDSHCYLDGMGTFFYNCOWHALUESDWSD 4 5212
FZMXEUPUPEHCYEDVOESPEGQUFCHJYNYZNFHULGCMMGVYIVFFX 4 5250
AMCZZOGKODFFSPRAUBHZKLHRTGTMABVCQDOOGHZWSZWLMMTVJ 4 5280
RHTDTVNFXSPVFBTRCPUQEBSFMLYGCUUPIFSBAZXPKXJUKZMEL 4 5326
YMFUGELKLMOEDFFODZFSJKIIQDGAETMXUNZQHLTZKATSENGNE 4 5351
KXGMHJNRLPJTHOGCVRVHPQCMVMSRAQSOMNBCWCOZEDOQUTHZY 4 5352
DZQUNEICLWXRAQXRHKVJUQNMVLONLNLDJVMACXGOHFGTYEKVW 4 5388
PYAMXHGOYGPAUYAPKIGVVMQRGPPUCPRUFSPAUHMYNSPHORHJW 4 5418
AOOYXWTHISVUQNNUIZHGNUOKZWBVHRCDSJHWIZAYZEWJVWVWU 4 5435
AHTEQOKZISYUIZCRSVCJZGOLWHLHYIUPMJPLKKJQJTIYQQZLN 4 5443
XFWCELDLHZNXTUNPKXGAMGLMYYSPVJVNHVPYJTJSAQOMUKSPX 4 5445
ULYCICHCDDPICHJFBFZYRUSUNHSONIFQDATILPTQTOIWRKNBU 4 5449
JIVDKCTAYJGVXZLGOTGJGZLQVVYTZIDWIEOWBQQNBHELYDKJF 4 5482
GGPDCRTSBVWHMMBRNBYCYLKRDNJXKCYYZMISZTKIXGOYNMKRZ 4 5524
JPEPDRJKOALBEZTVDDYJPJXWSBSFGFQFMLTSWLMHBTKTCIFAH 4 5548
BZWHCFKMOIUNGYPGZHNDVUCLUXUVINNYEKWFMABSLZIMUTTRI 4 5586
DNIBYADENCMIOBVOFISEVRMJPJVITKZOHJNDEDFAAEEBTFXZN 4 5609
CXQYRBBGWPKAGNMZRWONAHNXPHZWFRTZXZCARBGBJQEYSXNHM 4 5687
PMVUFLGIGIIYVFLHKNVRLSWHPRWNCCGGLHTPMQDWPOQYEYNVU 4 5761
ZJTQJQCLMIKOPXXMOAAOWYQZMPDOGKDODDDFPPWLFRJTFUIND 4 5780
RYREMXNCUMRULWKESLDDCSNJMXKYPKQWNRQYOYHXZQWRLRVRE 4 6030
SIBFYYCKTPEFGACBXTHUQINRTYMSZHNZIZATSQKQZYGYYXGKZ 4 6040
TMDYRWMEHPVXMHVTHEIPOUBDNBTDXLONDSWPNQTZYNWBDQSWT 4 6383
EBAINBONSUWAGVFRZTDNKKUTITMQUNVKJYWPSMWRQVRNACDZD 4 6462
QJUOBFHRISLNFVGFCHDTGZQTKHZFKNQWHKSNEPQECJIRLVAIK 4 6483
YNEWVUTGSCQSMUOYSLENXBOVXODMSHKCOSDPXLFQBMXIQCBNN 4 6574
AAGHVXWQIXGDRUDIUVEUMBNGWMMGWGHLSFHSIOVDHOHJGTHDO 4 6620
IYTEOMXLSEVCWCKMITLGOKAOHBRTCTSTIVIJBVMBJZGSIHIXV 4 6710
CXNHIBMXFGZJVBMSOYRWOQOBYGRKGIENLLSAMJQCXCTKSTUUJ 4 6952
APCPTIYDGSWUFCIOPIHFXETUKARTLLRPKDKENMOZWOCTTDGBK 4 7227
SITOABYTIQIHRWCOIWNVQMRUIFRDRAVPGXCWOGXERZSVTOZMJ 4 7275
BMEYFFPTMLGDVYKHIFIQNQPVNJLDFTLPMLVKQFQKMZSAVDHDZ 4 7512
LNXKKWSTMEMGMUYRWDUSIMYOFYMCVJWVNQMKNSLKAOGHDWCQQ 3 1092
LDVTLGYXOCMGMSFXXQFZZEYEEYHYQRIVFDMCSJJYNCWAFCSEX 3 1166
JARXGRUFTZIVKUYEBXUIQUEPPXIPCMHRXZUPUKGUOHKYEXVYJ 3 1323
WVLKZDSJSFMIRPZKXCLXKEEELTSNJOGTUUBGCCIEPKHZTUPTJ 3 1357
CTDWMTEAYKFSKUFRHKRTOKNLLGNGWRPOJUHFOZHXZUNHKRFEQ 3 1368
ARXMEHVLZYGTQZKQFILGVIWPMMUYHSSMZUBECYKYYMBYUXOOG 3 1433
IUUAKDODZEAXPNPJUJTEZNGQNYKWKLTOCGKNNIYAIIEKRGIEU 3 1517
XDJXIIVIBLHHJYCOXRHGHXNJGXVBHPZISTVTWQYAGDDJPUFQH 3 1537
PVTPCTZOSRMVTDBQDRXYMWDIHXPHXWUTJKNCXMKEPBQBXQTXH 3 1598
JWJBZYVMBIFQBXSSKBNVDSYZQYRMWEPQOSDYIWLBXWQFGGAYA 3 1613
MHWGKNDZZPGFKDOXGTESKHOARPSWXBCZPFJABXNZZEHHYYEAR 3 1692
OOSVBEDMMJSGXJRUEQYGJDYIRARNVJGQFDNVAZTWHUQUFMDDI 3 1725
QPHQQZBZKXGHFTVYVVNMKBVJWYFKCCCOMMPZYXOJNZBZDEMRB 3 1878
EBQPTGLNBAJEKOGVAZKFSKYCRNDQWYRSWUGTTZGISOOUQUTLG 3 1920
RXQGNLQFZZZLIGVFXXLXVZOVEVNZQCUWYTJCBEZNRQQXOWVZT 3 1960
EHERGTMHVRLOVDDOTMPMXGGUWJQYPPEZPEDZAGCCAGHSYCZSS 3 1976
IUCBOGWVWBPCBQFDFSXYOHHWPZZPRIPFBIHXLMFBFIUNSTEIS 3 2011
QBEWXHYTMKQRPAIIZAJCXWRZYFECJJPZBKKADFTPMMSDLIITT 3 2191
GSAQXAOMHRWZBNTUGXFJDBICONAGMNPWCWNDOOJOJODTMGXER 3 2207
YHYYRTRQNAMTAZTYEMBQFIXWJWEKLIPTZJAFUGARRPHUCRETD 3 2211
DQNRADQXVZYYJBAMLBRJZZKOASZXOTWQPMJTECPTIEQZUGINB 3 2235
LBTBELUJJRGKRUQGSNEAZOYHFCMHRYCKQDUOZOZJNHTLACGPV 3 2249
VSPBMVPCLJQSJMAUFJLIFODULYMZSNUUTKQXHXJGVZMPYRHRX 3 2285
FJPCAHAJDMRUNMDMOQMUSJFQSHMAIEXRHDWCOILOSGVOMOITS 3 2310
POEPBVVBKGRTULWWJNJXLEVQMZYLSZMYFSURPTRDORSTVAYUG 3 2384
OSHFJJUCBRYYKSDELLXXNKMRMPGKXFGNYHHSCNUQATRPYHETM 3 2571
QYQLTEBIHRJLRJCLWBKYHFMRMADWZRRZGJNIJZAUFLGUZLOZS 3 2575
BLHWGGBJLZZVEJHAGXJLNVCSJNMQRKKSZRBRUTESBQEDGJNUY 3 2593
SPHHQMJEEALZGFGEOBABYNWARFVFMLNVLWQXYRBMTRPSTWHJU 3 2604
IZXNGTXWPNXXICGBJGIINCMPJZTHUKFTWYXHIIUPCZEEDNUUW 3 2609
MQWKYYVEBKEWQKZDUMGFSRIOARSQQDMETLEGDGTPGZKXUCBZB 3 2615
DEFKRIZLUQPCOZCDXOUNTAXWALTEAGEJBPWKVTIGVZZQBHVMZ 3 2644
FXZOHLKGSOGNIGLCHHNPMSABNWPKKTCMZEWZLFOIIMOHHVXVB 3 2655
EEIWPKVTGJTJTVPKFQVSBTWICLYZFCCPMBQZXGQODVJEQHKOR 3 2681
OTSTRBURRBNPVLDMZXBUWJAGIIUSOPMTOOSKAIZWUWTABRLXU 3 2703
BCUISSMLSTCJJRBKSJOZULZKPLYWANIZXMJINTSMMBCEIJOTK 3 2741
IZJUHQVLLMUEJOCGINRFAUUMEVCHJSNNEBXHYSWXFVDIGMDJH 3 2757
VPPIEBQHLSUPBFTMIMLIVGPEWEXYBDICDAIBCLERSYTKXQXBV 3 2778
RTCBSAEJOOEFJFNRJEYJMNLRATDSAESAXMXUPJSHPRSCTXYMD 3 2832
DVASOAZIIEEBNOBCCPEFHTBFVEDOKINHOIXEIIOHNNVCKGETJ 3 2847
XIFDMYWBGNHHGKNYRHYQTKHEBUCNFHESDMKVWXXLNITEJIZVB 3 2856
CNORTMBIFPIOAYBTQCBGYXLOEMROAEAMZLBOVYMBCVPWYVOQG 3 2930
HHLIUPJMFMKCQTLKNTKEXVVEAMIHYGZXNTTNVGIHJHZOCRVJX 3 2932
VBVHETZYFXOXUHULCSZNXPDMDJEMZSTPOAAQXDUGABXQVIZWP 3 2941
HHHQSATWREMVVAKIRHXLNPAAHJVHFODGRIIZZPLUPEUALWREK 3 2946
ZHWRUEHWOTFMMFZFUXXNSNHAZOYOYAYAGZAOLTJFFEJVQFIYL 3 2948
VOPYLFVPJYNFOSPAJYOZZFQRLJOQPDSOMZQQYUYAIDMPQYOUF 3 2968
CLSMJRXLQLJZOVDGOFOBXLRQXHRQAAITWSSXIFCYEVULRKFQL 3 2978
WWQGUPVODXBJRZOWODLQSPMAXKONRNHZSNEXGKROQDQTABNAM 3 2985
WXBIHJNYTCSCZTAVYVFTRQGRYESCWCXUAPNTOHACNLFUBDJCK 3 2996
EJKVQTYLPDWVEYBKHEFWEQIXWKBNUVNYUHICDDTOTNMZVKHYI 3 3070
MDGBTPUJJQZEWGTEOGBBUFMPKRUFWAUMMUXQMVZXZPXTEYAHP 3 3122
ZBMNKJZULVCGWWWTUTDRKIKRGAOKWRAOPDCJIIHGPAPLZVRDG 3 3144
YMZHMMCPBYWKIYDSBXBNCONSSQZTDBISZRXDRDPKHEUYBLHRT 3 3158
NIJQVNQYKAFLTMLYRNVFMTFLYMOBQYIKGJUYSBJSXHLFKIOQV 3 3175
OLAZTWQSNBGHDYEVQUYPGQIVDMVBDPWAAFSDAHPRRDJRKFVBV 3 3196
WNWQSTPGXHAZORQNKBFARSTJOBQITOHPTMNAWEELAMAVLGVWF 3 3198
NJBGFFCVLDQCSZQOPFOSEJNMJUGDZJWSBMUVDRWHAPIHQIKAE 3 3218
NTBLFYTBBWQEOASDYPGAGQKYWORJLULDSUUAQEHUFQFXFSRNX 3 3229
OKMVXJXMCOYXWTEEPASWAXSQCXQSRDDSFLLNFDMDEKDYAJVYH 3 3231
YUIMANFLSCTDJYRMKPTHDPUIAIJVIEPAXZIQCCIKORWKYTIHW 3 3254
ZTYWUJUKNLMBJQOOKOUWCGUYNGOZGJDTMFALZKVUCAJXGBGTC 3 3299
VQBRHEMDCVRRVNBMFCROTTDVBWKTHQAIPJWSLDAYHKMDPPXKR 3 3318
FUMRSUBESKLXKRUULHUKCKXUVEDOEWMPEKIRSUERVOIQSOKCF 3 3375
ACSBTNWVPFAXEMZRGWSURNCHKLRAVKPJOOOLEBSNMOTCXOZCK 3 3422
CADYXDSPGLCYRANXGWHUPTFDIOGQNGWRCSTEAXYBPTGFXQAQP 3 3433
XFXCOPRJQCQVSFVCCSDWCAQWVKFAIDCAZMQHANEINUAMWBJPF 3 3449
TISOIJANXTZWPUMZFVNQZNMDAGUOFCZAMNGVFXBSGERQCTJXZ 3 3462
LRAZOBDYUYWMQPBHNOQCFBVAIGQQTEEAEXDQEPVWMVMMSHANY 3 3474
FZPSHSRDKSBTIMORCJVCIOVYVXQLZMKLIIDSMMWZPIBQLCHUA 3 3511
RTJQVHVMIGYBRHHUJHRMGUQGOYJYCXMWYFGAQYLOBNDEJLOVO 3 3566
DNTQRQECOYDZEHCKGOBVRDAARKYGUCRSQFIIDLOTEZITRQGEE 3 3568
ANBEHHCAJHNXYEURIYJLWPPNYMELSBHRTYNBAVTWVJWKBAKRZ 3 3625
KUNDWNFJPESXOPSVCMQGNZMONOEFXJJGKJCHLNOPTCMJCJNAO 3 3633
WDNDPLWJWQRCMBWSATOGLGEWHCZUQOBVAYYNHMGXOTKXABWDH 3 3658
TREELIPDIXISGUQRSYQUCXFWIBWADPJRJCROXYWSAPSYQMXFI 3 3678
CQWIDOXBXIPVKSOVYTUPHUWNAZUWRPBHWIZQOEPWQFZSOIWUS 3 3713
UZPOOTJSNPLPYYRYEJUVMQLSPNZPRKXHDGZWWKLOMIOQQTNFM 3 3777
OYHYGQSGLPISQFAPBIVYJXWCXJVIQDIWTPLHJKGDGOFHSSQUK 3 3813
HVHJTNANNCDSVRMIVKLQCCQWERPUZHKLDXXEPBELHFAOPZHRZ 3 3818
NQEAAJLSGGWZHSJXKDEMTYRDMBTYQWRNBJYUBDSGQWVCIWSKK 3 3835
YIWZJBNBPLAIDYGBJILVCBVKWZBXKMFJJTXHOZFAIYSHHTZTK 3 3836
DFVCBDPKBAXTFHPAREQTMRTUJPXKFQEWUICCXTFBVFYUZNKJS 3 3838
CRPJMLONKYXXAKREIQGTLNLCGKZBRPHXERQHHYPAILVVRZYLV 3 3861
JETZWNQQQGUBUNIJVGAUWGSBEBAWNUQOMFJJIMNSXDCMCWUTE 3 3870
YHGIIECSHLEISPHQBXJZILDBCBAKEBYJLONZAPHFQVXKKDJGY 3 3878
CMVIMHFINZOBQQJJVTGRDKFOWVUXIRDRQDMBOFUGGZJUTHOXE 3 3898
VDSCKULHSFKHMOYZDNDOELSUOOETSLYSJRDEOTKVOPMALTDIZ 3 3919
KQUXMVLDVCZVQCANIWSQHOSXLRDGOTUYEHUZZKMMPGJXDQRYB 3 3920
LVHJYSRCIOEZLLLAQURYYLENNJQUGILEAXDXCXIVOZMADIFYE 3 3923
QIDZQUIWERPGHCZBUOQBMPDNANOAASQAWXVAEMJQVHRZNIYKF 3 3960
FBZBJTJLJLXONQYXQGZLICYSDDJHCENUNJJHGDNEYIAOZPNHZ 3 4011
WSNIGRZOSSULZRDUGBUCBSSENTKDPMMUMHZOTLCGGFMXEGKLZ 3 4013
RUCEDFXVWRRHTXNINPZWQUQBVQTMTLWKMMQGKFUEUBWCCJHKK 3 4023
FSDWISCKYLEEFFXHBMAOZBEBPOPCEZRAVPGTMBWVXEHMTDGEV 3 4035
PXJBICTHFHSXGJCBTSWNRCPMCKNSBZWSVEVYVBYDEXILQRSDT 3 4039
HMVHEDHUDPISGLCRPGXLMXKTUKQVORKHZXQHZKSWTTKMJWLKK 3 4052
NJMQLQMPHXLTSFFASOSAMSHAXFQUSDPMBRTBAFRSCVAAZCPKJ 3 4102
GZRBGGJAALUGSQFRVMPITHYGNHPGJTKRTAWXPKQDSOTFGMEYC 3 4111
LMVNNYKEVVTAPFBQWOLIFSSBAQQXAJEUEVBQDOXUPIYDSUBBQ 3 4139
XESKRQNWIAATUJLWBIXVJNOUZHLWIJZOATWVAZPLXEEIYTXVK 3 4242
WASOWZPIHEHNKPDDIPYBKELDHMZQTBTOFSDTDYMIJAZYBSHDJ 3 4248
RXPBRZMBHMUEIYDMQPIREGELHPYEDXGWXZTUAQYLKSUYZLDVY 3 4280
BHDJGXHVGOVLBERNZOXVBYLWHFTFPGCSMVUAHBPZNEGRGHLYK 3 4321
VHKYMCZDLTEVJUBMKAPJTCAQXOCPQWBXYJMKRHIFVOLTATDOJ 3 4590
HIHLWCUHSZQGFSIDKOYOWZCUBHHTVNGRVZXINHHPCTOLYETSP 3 4701
IBBDZGOPSOCLWCTZZZNPCSKTXOXKNPXYPPEBXLWTGNGLNTNRR 3 4731
IUHQBFPJHOWQAPIDRIGVEGNILOCKRDQKWMDSSFFYGDJDOHEYT 3 4746
VCXCKORBQAWGSSUMEVCUSURGLDONQOAOFOEEJIKIHLKYOYKRF 3 4780
RLAJHPTZBROFQHNXBHVUFTLMTCGISTVDVXWPLIJVNNJATUTZA 3 5224
CQYKGUGKSICFPKNYLZUBJGGNZSCBBERJURGOBNVJCDKWIZQYC 3 5745
FIPBBXZIQVCXXVVXJPYMFKZATHJFNVPMNAQRVRFEXXEGAVNHH 2 679
PFSSOHMTNDNOWVPNPVRBWHFBWYPXCEXJABPFDJQUMLGPKFWXZ 2 800
ITWBLYAFBQFWATCPNUAPGCXUBHACKUHKIQOVEMAIVDUNPMXXQ 2 909
CVQPDGGSEOXYWUGRCQHCAHPLTZQKYWFNRORAKYHDTPITARPMO 2 922
VYSAJLWWLRZCZWMTLFPGRFCMPBXWHZEXRRCFIDEYVPELFSCUF 2 1114
VWLVSIFRDRZOKZVGWXMDAPFMZGRVMDJIYDYDSUWQTMTYFULTB 2 1208
ZYFBSDCMZTGCTZZXCNSWRPXPHPINLVBFCNZKWPGUSMOTIQFZZ 2 1219
BVNEQCTHNPKKFIVUZSJVYFQKKIOIVGFIQDWJOLTJMDSJFKNES 2 1228
FIKEHLPORYYODAJVAUXBPQFBWYYVFCNATZELEEFXNVEGVIECU 2 1262
HSZALNKNYZJOBYZQYLKHXJKIJPMLSJBWRACZLVJZJAAPSMFBB 2 1355
GLPBXIRJYOVYXJYBRADKHTLPXRYCALFAJJMUULDOONUBJPICN 2 1461
RBUNOOFHOCTVWKVFWSSKYHFTZWHEILZHMVJLSXTNFHAZZSLWP 2 1683
IVZJFKFOGMLOAXIVNKXBYQXESHTADTGFEIGAKLOPVUPALGABN 2 1768
SWCSMBIWXQZXSRSQUJORVTEBMYFVCPJCKTXXZFDBIWVCENTGA 2 1796
LQAUTDIXLFNGBMKDPHESOCHLOFFTTDIAXUDSLDGBLTETUROOA 2 1810
DWOBJNGMNLERRNCVHDXPQEKSYRVYBIGUCWKAMFGDBNSSMFAFV 2 2070
XCKDJWEZBOVSQXZLTGZGWEUYOZAAVUWLCWTBSUWMJCCDNDHPB 2 2125
YDLRSQDATEEBCODGWLFBJLZSBCUTADGLPIOCKTMIGMLGZSHOA 2 2157
VKCPHGKLBSVXTMOXJETKJXRCDAQYJYXJKJNLMQGSDBJWDWDIV 2 2200
RVLWPCRZYTZXCCTEECGLAIOSFBLKCMWWAANONMDQOIXLMPZPM 2 2218
TDUPBBPTBLCYYXIGNBOXLCSDLNTVKBPOROTPTIDSXBETEESUI 2 2235
CGIPMGJADEKBTWEPTCOWPJNHSPYEFDKLQPPTLDCNORFYAKZNE 2 2329
ORNWNRNKLWRHGSKVTLIMCCFDNHQARMCPMLJPYIWLWJRFMDMJO 2 2374
WQJQOCNWVWIIYZCZGRUYPFKZYECVIEEILIJZKXQJYFYUDRXYC 2 2532
GSMKQDZOSEKOHGNIFBGOYYHGTLVIFODZDJHGKLNCJHSPLALMD 2 2599
EFUKTKEOWMHOHNHRTWSXCGVMXBUGEYRWTDQCDSFYBFFPHFBTX 2 2726
NACRRZPXSOJWNNJSVVPOKBKFZYVUMNLNQGJZFCQDVTELMKCPV 2 2840
PKOEEMHGQUBVWRTELVCQJPTUWYDTSSULWEVHAYDITQLVKVQQF 2 2843
PFSUNYGEKPYMZUUOUGKUKKQHYJMLEEDUUPEDKGFTEZMRUTZUA 2 2926
SENOZIKSXXYAMQMMFWUBIMLBBTQRXOQZXKOWPECEKUWMMTOWJ 2 3149
HEJSGTDLKKVZMMJKIGXNFGXVAENPAIJYZSPIMRJIAZQCWWHBN 2 3285
KHTKXWYOVTNOBALZHNYPFVBGYDUODCOXWAJIEMGCDYHSKWQNF 2 3348
RUZCPCJWEKMRATNHKEDJQTXWMSLECPISYDYNEAVHPEAGRZUFB 2 3450
MTOCGHSGKCBZYQECBCOGEIPPDKMPYSRCKMWNNLHAKJFRTKMNT 2 3458
GUFWQAIYXILIYCVDCCXLDHNNRZJLMSILVUUIAJPIWCVHWYEHJ 2 3621
LOKCGQCYSOURZUJYISZKEFLIGWADVEQCYTRMVBMSFEPHMLPVZ 2 3934
HFPXOFSEZCVEBDQLMWKCWDVWYRGXJHFYELAABXMCSTPPNUXJA 1 430
BSATPGETKBRKVRSSLCSFBGZLLKRXHDOEELFCJCGOZAUNNAQYI 1 507
VBTIKEAIKXOGWRNXJDHZEAXUACXWDICDCTZFDQTORFVJIFAFC 1 669
FNZFBJEUFPXXKSWRGACKKLLLPBYXFMNPUYNMROYCNLOHSORNY 1 923
YPWVQTTTELPQHLXDAQWVUTOJGCYSENINJNHKAJAAUONHDNMGU 1 1046
GQMWMSANSZVEIPLZTTYNDJHQYVMXYHIATPKENNMFGIDUQTKFX 1 1231
JQVNIHQATFXIEDANTFZGKZQHIIFBFFLFMCJOQFWMLAZPOVLAS 1 1429
TBCCQYTJAKRDVNCDAIUGCTNSNUFDISDAPYYBJMHHVYYCBAJQP 1 1801
AYJGSHWGHGREQFTPEDONXWWCWUATIQJWRBCFDDXBNCOYOIVGZ 1 1801
NZWXUTVJTOJDFDNDOCSPOTKYMFIYBJRUEKLMQCRXWHGOVGOEU 1 1860
JRTIPLAHSCMEVCHPNEAUEZZHMUJZBUSTPLZIJDIWVASZNGZXM 0 0
