WXZRYNHJAZQGSVRBXGDHVGJAJNNHEFUGTMAXKFPBPDHQUHQNE 12 8286
NTOVDTLOQWQVQVKBBCVCYPUOTLIKNJFOPDZCLDSBIOGQAOQEH 11 9448
QBWYWDFSJJTQRVCVALWJELMIKGTXXRXEBSWQUANYMWGCEFZHR 11 10032
DYRZSSIWULXLWRPVBUGASVHDBDREQBYBXGBJKKCRLJDNQBOGH 11 12697
WZXDHQGGCUCXTMUABXPRUVBWYEVCZILJGYZXPSSBUQTYUXLXE 11 13563
CSUPFYIGMASMAGALPCCZOEJUSKPPKDYQZNJPKFFKBKNWQALJW 11 16060
IXEOFKBAGDDDCQRDGWVBYQWPIGSLUDHZQWHOXNYEZAWRWDNSO 10 9939
TGHWNTENANVMILELSVYJBVUYHLYESKZAKVWGVHPIVUTWOUBNU 10 9951
ARTPFFVCDPZRGKEPDOQSFBXKLZUDECRBQWKRGGCMZPJNVJLGA 10 10057
TMRUGTAYRAFZYHVMVWHCMNZMMIRAUIEUSEWSSJCXSIWPAHOMI 10 10104
NKTKMGKAJWITRHCXVMSVGUTDJCYXKNLCFIXKXJZECDJBIDTFR 10 10461
EUJUODRCZCWRFXQAOAGQEUQKMAFDJYPSVDYTRTUQVVMJVRODB 10 10601
CVPHBWPRYFHOABOTUEGWCIWCHZWARMYBFZGRMWTRFDANZEBHM 10 11008
VXAYCDANQICSADOBXXPXVSTAGDCRRITXTGIIJIXJJAWBZJJLS 10 11647
PABPTQTRKZYLAQNKOFYMBGVSIAXEDORRMJADGHNPFPHHNANXB 10 12282
ECNBJNGLKUOYRWVTRSVQLPJAQLWSYJIUCLGBUVYKLNRFGMSGC 10 12359
YKNOWKOUEQMFTHWXBSABFZHOBNUCVKTHRQKCJEMVEDRHGFMHJ 10 13162
VQMWJQJEMVQGASZRQLNUJKKKOUFNRGOWZTHUPGXNKHIVXTDYN 10 13593
RXIMCCQZJFUHGGTTSZJTTSNRAKGYMEVJLZKTZUOPDPSGPDHNF 10 13661
KREPSEVYJTYDQOYAXXTUWASNPARMVETSINQJNZFTHAVMNZCNQ 9 7817
YFVZBBPOLEWKDCWBTROLKAUYRDIGCQEYWZGESHBWCTVUYBSQC 9 7990
UTAOGGGASINRHFNOFNQRRMGYAAGURKSIMYWTZXJDLEAWVZBXY 9 8134
BIZMPWCWSPNVRPPIVRSBNXMNOZKGMTOPXKVHIVFSZFSVYLSJR 9 8532
NLLJYLUTSMPJYAWXRGJQLXOAUCMVLAKQDKPEDNQPUVDKXZGCQ 9 8592
GOGJLGZCXFVFQXUTKFBTNFGHIJCRJZFFTGKSNELMDAYTDERSA 9 8660
QXGYKXDJWGXQJBRUSHWPYHMGYEIMXIKIEOVPQKEKNPAFLTRJC 9 8692
CNMHUQWLMMESSRUHQZKJXZJMGNVGCFEQMEKSESFARNEWIGMFK 9 8849
FJERCXBYCCGSKPZRTLMBTRHMCHSIKTXXHWRIRZIGRKYURGFCR 9 8898
SLGSCKRLCZOFHAHSGPCWAGMRKVYYTGNZDOQWCFRIQUPBYGSUD 9 8989
XTKRDKLBURPSPJBTTAPSJLHXCGMGSNQNZYLGOXLAZAYUUUTQY 9 9149
LAWILDTHMMIKOUQHSBBDMDZXZTBXIVLBYLQHFFYRGOTOEXMMQ 9 9319
XGQHUPOMAETJBLSULXCEZCNCGZNWIUMYKLEDWORWDATCFDZQB 9 9402
KYJTOZWNEWEWBYLRKGPPLFWDBRPOEZUTTJFEKUBSIWPVPNION 9 9553
FUERGFCLICAAXFCRSPYLMGIEAKNUKGPOHKKLTZUJZJLYBDPNM 9 9577
MMAROQMTNLKPCWZZJEKBKOTLCBTPEFFPAKPYQMIHVDCFEHYGK 9 9707
XYYSEMKOBBRWCKUMVOWJKVXASXFSCCPMRXVWDMQZVSSBBQFRH 9 9752
NCDGAYZHUGAGMWEVJDKBMHESVZLJVUIBFIUFBWLAEJYTCSWBR 9 9768
TVARLOSRNEDDPCMCGREUSMKYRLNBJXRPCDZPQSZHMCOFXVXFY 9 10035
LEKNOALBUOPAHKDEAMSUNNXJEBQKSSATHQVJDEUMQQMFGIGEU 9 10177
DOQWXFLIRLAYQENLKUMCEKISAJEKACHJYUKJOUEGLZNYIMBUN 9 10212
ORLJECFYLGIEEAEHYLGSTGQUCTORGTVWQPSDPMQWSGOPJUVVH 9 10362
APEPBRCNXBPDETQRFJCAWHTFTIRHQTYGKTSPLJBMEYEAVXREC 9 10413
VMVFJCVRXODBWRAIENMRIVFYXTOWFZWHYFZYJCFNIZJRNFSFS 9 10782
VZDFCVDGGRROHNBHJAMBLZZDRPRKDARHXAAQWSLFCNKNDXQGF 9 10980
UIXTGBKOWHQNSWOLNOJUWRRVDUALHJELFBFTRZWHKTNKIGSFY 9 11055
ROAZCCUZZNINGODBCYECSGOXJJABLCILZKOWHIMCQKORPIWIS 9 11286
WZFMJRMYABFEEBUPFTMUXETJRRDNZTMEXREBULQOWTAFLHJHM 9 11431
XIELXMOXGYJDCPGNNGIKSNONJBJGHIWALYZVXKVOVYYBYLOZR 9 11601
CEYSKOASBYVEXJGASMBUCKAXLIXFIHGZFIFTWEMFTRTHTKIKQ 9 11796
NTLNTIUUYKLPKWOPLBWJDKPIXQSICSYRMTHLORKFFCJVRPJFH 9 12695
SWMHEZKPEGJSUZXDIZFBYUBCNZICIYJVIYBGRTKNSZTZCBPZW 8 5285
RPTYHETNXKBUUZNILKCQPCIELWIPLIRGTHYWXSVZOPDKLZAUC 8 5738
PSPWQWDRAMSUKMTJOZOBCTVZGHYEEQZTBFIUWZMVQHAXOZDWF 8 5805
LXVVGYGZEGLABEYGQHSXNNUNXRZHXBJWWTRBYLPALZZOLZBKA 8 5818
DLFASDVNWZQWRMGSYOPAHJEMATNBLKXABOJXMZLVHRPSLARNL 8 5887
VAQMSRTDPADXGQDCUMGSMLLITFJGZOUVPMULIMCRARJVWSTMP 8 5891
MPMVVYFRCITWCVXDSWDYFFJYGCAVUVFMKSCACCYUZKDSQVRJC 8 6065
IHDUGPGEJZMVKLWVFHQBGUNXQEXMFGBOAHMIGPSLPXTDHSKFF 8 6147
FQNZWVUDNHKHRBTKZMLIGSIKRBXREYEVSQRBQPKFEADFSDDOE 8 6352
FMCKOEHRRARJJIYWURPKMDPGUSDULGNFBBRLCMDAZPGUMGDRV 8 6428
ROEMVPBDPHWPBJCBIPARQYQGHLWRSOCRXGLVKKKZEIUXMAHSG 8 6528
IDIRKEEECSYBTDOBFHNEHXICTVEQHXPBYIGJPNBKIXNTIEZBR 8 6673
VBLGYWSUQYZTFCIPJGGSULNFEFHJXJUGVEANUMBHQWJUOPCXF 8 6731
CDIQHHLETCRBHXCCITVCAUJOJZGWZWBHXQZOLBJBZJOQFZLFS 8 6764
TCEOHZKWLHWZHHEHNYGLJQKHYLQWAGFKTARLVVUFECJDGFCNL 8 7137
ZZCYPNDPRVYYRATFYCNTWWWKBNIBIQVUFYWJKIKAMQUYVVNXC 8 7147
UYHTVIQBTCNAYQSQZEAIKTRCJFVUKQVZKJPHHGWEJXEMDAQOV 8 7208
RZRDBOZBUQAENSBNNWKLMSKRCQGBRUXTQCQCMHESTVTZRRVAL 8 7217
NDLIHVBODPLVVCPZTMKACSOTOTUYGIYEQIZHTORXCQOOKEPKT 8 7223
MYXNIGWMIZXKMXOSZXFDOBJIZSUESTUNBILHYJMTDHEKSVLNZ 8 7289
HLPSXFYXERZMMRAMROCODQXOHGGUZINVKEWXJEVMNUUVDUXTN 8 7400
LBSKCKBLMCVNNCVZSWSISYWBVDHLBFGPBKSUMDUWKEUQUPXHL 8 7436
ZYBHSQMQXFFATHUGDMHDKILEEZDJFWOXHDOKGWEIWEPHETUCT 8 7448
YUSCQLROAYOCPCTQGBGSRNFROKRYZWITWPTLVOCGWRBYAFTVT 8 7468
JFLVEKVTSNQUGMEYJOITOJQXNOGCLJZPAPTXKEWGKRGBHDPKQ 8 7487
OUDACICTLIADQWIMHRFLVUBIHYWKQAODZJYVLKMLBACQMMPMW 8 7497
XRVXTEWNFCGJGJXRTGUFXRKZAZLQLDAQQEVIRBGWCWMIUPAFE 8 7520
OUWSAZITPNLXISLBPYPJQFYRSXJMOYZQEZSJCDFBMWVHDMQJG 8 7549
YKGLKQBJHJUHXHCAQJCPIWLBQMGZZHJTNMUBZVTXMXARWWDFN 8 7595
MBTCEWHSRUBJPQQQLUBLZDMTTPLWKBUORQZLAEBKKEVXIHZSQ 8 7621
EVZIMHWBWXLGMZJZPNKRFLMAGKNYTCBGOLLEWOQZTENFBKWRN 8 7679
WZZJBXBZSLILNMSISMJCKUHCFHZMTMCKJUXQQSTDYKUZJDSFJ 8 7748
DIPJROLCWSWPRLBGSUIERDDQNDDXGKDZIVILFMCRYKZIQQEBZ 8 7864
GIMPWTWJUDFGHABLMSLLBPXYHHPPDKZJLTCWXRZVFMIYHKYYU 8 7899
CHYFECKXRTGDJRULFOEYBJMHSVGCJBQOEHFXFJRQSOYGOYPNJ 8 8023
UYMUEYOHSZQROBSYKAXKBSXGVWPABPUQSAOAGVAACKTIQPRLE 8 8207
AODSEXUSUSRKJKEIHQOKCVBPDHCREYRRKSHIWEWJYNEOJEKGH 8 8210
GDRQSBXPQWEKEWKJACFJUKTVPRCPCGZXJXIATPBXTTTEBNGBO 8 8218
GZKZYGUHAMUUBQMNQDOOBFZBUQVWJYVJJLELSIAXQUKMYOMOZ 8 8603
SVKGNOMTGDZTKKHNLJKCRXEAZDSSEFUEEASHCXNMKWFCBZRFD 8 8693
GSIEQCWSUMJWJSMHWGTSPPPWIHZSODDAEUXMSOQXHHHQWYUAS 8 8699
FHOJBRVJHSGJFIXZCCDKWRUCTHIUKJGFPWPJEMEUGRLYQIPYH 8 8726
CNCXOBJLPDONRAPABVGRDQCTYXGYICNLXVOVWQXIFWHGFHOEG 8 8762
YBWGWUPUEYYVFIVFMEPNZCHXSMLXCDKJPTKDSSUFFSRSMBVWC 8 8842
SRCLPUDHAHYMTYYLPDXXDSXHXPANVQMKCVLNNXSQEPOAMAXEW 8 8965
LJIJEVGNAJJUFHMASBYMERWZFAVVPCALQRWJINHTCGOCKIPNN 8 8977
KAWURXLSKMOFAOKSXJQJYOLMJVBJBHANOCETRMMXWGMAJRJLI 8 9021
KSUQNWXVVUBSOQOWYQHJLXPCONTCATRMLNWMUFFQMZQOASCUC 8 9125
SZTYCYGUFGMYSNSNQMIPMNKRGAEXAZGTKZBIOSWDKRFAGQKBK 8 9361
DKKSPJBOVOJLBNZKUHZKBIMPORUIFZLVBZZSCFCHPRTWNMYSU 8 9523
XKAZIQYSRDIXKFKASRMGHYTLJPRJBRBUHTXKGWPXRXSOUASQT 8 9529
KCHPRHUROIRTCXFIUMLAMQNLMQKCEDMKSBNJGLMIQRHQRSTQP 8 9562
BWRYXSTRMQDFGHYRTLEDEOUXYOPKZZDHYVRATJAOOCOVKHFIZ 8 9564
FVFFPVBSUIHIQHPSLLQYVPXRVSZXAFCPDJYJAFRUHMKKKKFYJ 8 9598
MJXWUGZSTPMGNYGRFAZFXZUKRJSNBGARKIDLCABVSDRNCWQRI 8 9687
TIYWVDFCZOVYAHMCZOMFGFVDTPWOSBISDRWSVAEBIGMLDDUAL 8 9695
ZXNRLWOCHKFWSNCIQZRQCZYEMZEOSQHOMSDSXBZZRWVICIVBT 8 9707
RPMTVKUTEGBQNQGHPTBSAFSQXHEYMJNPMMIVTEGRJUEHVNYYX 8 9797
DRFLXZATTEBXDAHTGPOYOQFUGJPHBAJTPPRTRTYSGWOXUNELJ 8 9805
YFIKXBVHYFWHHQIMGAHTSXPEESXUEMONKCOONEMZDJMFONLWG 8 9973
ARGHWVQHYOZUONXIBBVUJYJUXFWXBRKURQQNZHTLRBLZGJXVS 8 10029
KBWLOLNLSKJIZHSWCZKIZYFYLMXISRSBXHFOKNPVRAOESYRXG 8 10093
CRDHYWZZAEYYEWSWTRENPPBTYLHCAZUXXTSVLRUBNOSGKLGIZ 8 10209
VIUAKHPBTRSTEXPOGCCXWFWVIYBXQQOKOMFRCELTNSHNBCVQU 8 10260
HRUXFGNIWSSKCKBPQBUENZWERHPWAECCPLAONXHIEXWUJOQQH 8 10270
FTJDVKNMGUIPOBEXFDHAXEVSAIMFWOOIKQWAIISNWZBZUHYJE 8 10273
ORBXZWSFAVCSCBUIMZYHVYIGXZVTOVFMUNSHUGUQZFGMHHYMP 8 10315
TZMDFMHNAAGZQVJXMXUCQWZGOGSUVYTLMWZMHOYDZOVNNGMMN 8 10462
PAFJHKQTOJKLYTYJTFTHVGZNQEWIYIUBNFOISTOOOMPNOFPER 8 10702
ZBYGWMYMQHJILSHPHVOOLEMZSNIFEJVPAUSMKVBUXWXXUVJPE 8 10707
TTKEUOLFFJQAYXKEEQFGNCLJDEJOFLSPRNWVHBANFUTYLCSEG 8 10724
UBEHXTYQUGKZCATZTWDWXPVYCJCLZXFQUGHCWOQPGTZLLIWTO 8 10825
EMKXGZTJCMLTCUDXYSCTHEJVGKBVJKPEFKAVEMCMEMBFMUPZW 8 10831
JNZYNBKIIZUFSQJTCMLDNKLOIJNRKLEKVIAJZYHZWPVDDCCZO 8 10866
GKWKNYRLJYUGSYYRDNWXRBXTHUMLAKXMXRGRXHVSYCNAVYRXB 8 11028
YRHMPUPZCXFHCQJVNRPNTFNMJYDQCGZJXDBICFDDZLKAMXVEU 8 11043
OCYKKBICFRABBXVVVCVQPZPVQVACZQZRMSNJCCMZLQISBWYWY 8 11394
IPNTBSNPZAIASXLLVXIFFSZPAAPXJKUUEEZQLEGEZPXOAHMZG 8 12959
TEITCOIUMERXNIQVDYRYBNDEOQLOQWPFYWYDIONJMQZJQIYAD 7 4416
BHPCFZWZNTWEPHUUMCADBAJSCYXLVMKIFHIUCECYDMCLHBHKC 7 4754
EJVGMBTBGUFDKEQFDAAYKIBEQVUTAEIHLDALFOYLQMVQBMEFW 7 4895
YZEAKNEOBMWGGTSFBAXTIWIIGWUPRNKPIJJJCTFHXFMDRBZFS 7 4989
JKMZRKDLMCWSDZEDSPHVINSRDKQWKHMANBYMIFOHRLSQIRQTK 7 4990
JWUTGTDFYAFFSVWTZUFGWJFJNFHCWLUCLJBQENBHXUDWOLZVX 7 5001
MPBTRADCQUSRDCYYVIANRWINWZRUYCLDLSWBMFBZJUIQZIKOP 7 5147
QWWOXDLUCACJIEZOJUEMWAAKQDVPPCJEJELOQRYJDZBOLBPLB 7 5179
GGKKXXEDNNCFHHPHPTEODYMPZLMFVKRWLJPTTIJXTHNCCPYBT 7 5295
ILXBLTJNBUJTFIKMNEVVEWSNHAJNYARSCMZIOQHZURFPTMOID 7 5336
LWJWNBJZLJHFAAVQDDIYKZUXEIZDEOOUJGCQIMDAUBHCMVUGD 7 5436
XJXYQYYUKLUBTHIDUYHKOSCQBJUUOCDCCUCKZGABRHZOVYHEW 7 5492
NIRPDIIXWWOEPLSFIIQQMJWJGFQFTOZFFRMQATTJNCAYUZCVJ 7 5580
TIUDTXOEAAQZDGWCXMTGHYFBPPHFUQNPBKYVMQCIJMKIPQFLF 7 5614
DQXXUKZBQLKPBDQNLUACDJYTLJOHEYZXOFSMQWAWHYMOEMUTX 7 5676
FNXOVWPMCYEUNYLXHXYFWMWUXMIIGCIRPZDNYBSUQDKLKCWAX 7 5744
GIZMGPCDMAVOPIQBVPMQBUOKYNOBDBICVOKANMBKNZNMLYLSS 7 5755
QHVBNCPICRLAEZUOWHDKKTIJACRTFKSCSNAAHGVHFQMPRJJPD 7 5763
IBMBHSDRSEUAOTSACMHXXGSRPFCUZKLURFDRPCMZZKDWUYJWM 7 5785
RFSVUCHJRFKLLITYEQEDSTOIPYXTZLCGWXUUBJJHMRLOXBQCP 7 5925
FCSZHVMAFEPXCJWRCRTVGIFXOAULNXJFEPCJMFASVFAHXHFJR 7 5941
BPPQXEEARRODHXCSDMDEKKBIROVKPKYBZXUQIWFFMVHQLVRWD 7 5992
LFCFPWOHTTPFIWTZONYUJFFPDMPGCFEFWPGEPGMDJDDPYHWDT 7 6003
BQEEDBZHGHISGCVRWEEAZJODTIBIWRGJXYLXIOKHVFPUCFJQS 7 6007
SOVZFLIWBDRGJDWZITYQXLYFOELVLTYQBZHJSTQDZLQPMDUFF 7 6177
TESOQPLJNFIFHORFZKERLJKEUGVQHSCLKJOFZOVHKMJZGMZRY 7 6178
BLCAMMPCBOQHBSRMRLMXMYUMYEEAISBYCVLWPNTMJZSQEOYNV 7 6311
OQAZGMOJRKZGLLLZQOUDHZJSDOAHUVOOTULATPTCRPRXPVING 7 6330
DRRGXTUCFQECPGEMTNXBPUZLDUBEQFAPOOCTMDHYEXGKKOKHO 7 6332
YKYKJQTRJLZYGNPKJDEVXKORLTEXFJLIOLPABIALUCUBHTGXT 7 6380
WVMSNZYRAGUEDQRCHXBFCZRXTCQEHFPLKUMYWOECBOYFWMLWM 7 6429
RWFCOWZKMAFGREFIDVHFROCAVUQYZJKFGLKEVWPHRISIELNGA 7 6434
KLWDOEULIEOFRCAMFOWOUTQXEZGTVSHHXEQHQTKSXVHICIIKW 7 6446
HRGVWNSJVEVMVQXCLOZIPEZPBNDPSJWUYXOFAPHGQNSZHEQTO 7 6450
TZWZIHEEJSAHDQGBSLMIRKFEQLSSSQURITWIFGLEEDEXANVDU 7 6459
SMQXZKXMQBDRWPFTCFHIHESJRTUHIVXQCXKPTOTQLAROSJCQU 7 6482
XQROYZBFIENGQBYKIGIIMPXFSQMBDWPSMLGTRPSVNOLLZECQI 7 6611
EVUGLFFDAORYDGOLWFYYCGZOXCAKNZWPBNJZEXVILMZMOSPYH 7 6627
QBEYPBWFGCCBCXBMWEAVIHLHUADEZUYETEDSMWXOCLZQQCISU 7 6632
RVRELPHAXBVSTUEHLOOZSGJYUVKFDPXKHMMIBEFUWUBULPQBH 7 6700
GBMSCMXPKYXCZKDRBVEHAAJMGYPQFSWGPIDTOFSTKEEOGUZFB 7 6799
PNIZQERWEKPLJBOSUVOSIQFXBSWIWESXUOGHWPQKIKQFKUGXX 7 6839
ESRXHIIGEELRXHVFBLMRYQWIQDTYXZJMHAUHDIIULKSBFKLKY 7 6841
QGQZQNLYGMUVODPQOBYDJKRRNPCUVSCWCXNMLIIRFZIJZZUYZ 7 6864
UJSNCJRSFWJNSPVIKEWHOMBMHOOYGHIWRWXXGTVCBTYXETDYV 7 6880
XSLWJXKCMWXJQDNTAKOEIGHSMNXCYEMHCTKRDGPZFLPBAXVNB 7 6926
ZEUVVMZUIRFDLWSCSXADTUMVBAJKSAWULFOXNXDKXFUPQYGOP 7 6945
TAINZXVHBVXINQXCJTMXASZZEQXRLCJCECHXYPURKGVLTAIRX 7 6960
IJVZUXMYREAABQFQOVCBOPRBZDCQIVNMAYVWDFIOOWAZXJTSE 7 6984
TWPLEKKIOUUNFZDMFTEUZYFLRZKHXLYEJSOBRUXKLBNCPRLBT 7 7055
GEEDWKKRJKUOHJLQIFRNSAQFNTNSGMIVTUMZXHOPUDVQHYZRB 7 7063
WYIQDUKNGPPTYNWRTYMXVUUHZYFJSRGMKTFIUKVLUQUWYVDMR 7 7085
RSGSCRSSSSWCLROLICQKNNGKLALPQWXFWSOJSXPJNQBEWMTNJ 7 7096
OQATRRFZSBQIWJUWJCNMJDFYIJEHXILYOWQBZUDUKOHYRHUKD 7 7097
AEUHFYKKIQBRLGENNLFVQMAQNQGFAIARWMDIMUHELIJCEIWPG 7 7102
IXQHQWQSVWYKGMZHPULXXMACISFGXVPLIWBUQJDPUIPMCKJGP 7 7107
OTKRVFZHVJFWWIFWSBGIXIDNTFBXITVGBAKEOKOAFZQJBBKAM 7 7166
OCALUJCWGFUBPDZPKKQWVYNJAMRUORMLIEMZRKSUMDAQVJKAX 7 7195
DFARCYKTWOONNZZZHZPTRLINIUYWEFGCXUHAXEHYRBFEUTAWK 7 7208
KBNAIVYUTQSVPDUQPXGKRXUCHVYBKLXQDVSMDBIHJUGTARDEG 7 7214
JFJYOFEXQCLNQTEUUJIKOEZTOBSBFTUQEQMALUNTRWVLEKKXI 7 7237
BCJJTHGSHRNZDZBDOADTLKFDGOUGDDDCVZMVCHZPPCFSQKVEQ 7 7291
ZYKLGRRWCNXFXOROJZLSTBAPDQSOSYRQYMOGDDYIEHBQZFGDX 7 7356
UEZXXIPALXJRZOCVFKKNCSYEZNIFJILYPFSDQGYCIDUGGBCPT 7 7407
OFUQWNLFITZBLXKHMYXDXXUWPNHTELVZQQPOWMLDLEWUGDDPW 7 7551
NSVVQNBHVZIZYAJFDEGSYNCLKZEIZAWEWAGHMLQAGDCHXELUD 7 7654
LIDQMEKJTGTEOYELKARNMCQPSCZFOVHPGBUCJUOIHZGZQQRFZ 7 7664
USIMSEGYRERMZPOSGENPKSHHZMPJCQFPQGLPXEXDLUTMJPTJE 7 7712
MHBGLXKXDRKEWTGZFALWNZQAAYJRNWCKYFNTSKSFKUKAHPITL 7 7762
RLBVQRKHOVRMZAUCLAQAQPIVGHSAIEENWNJOOONHXPBMWXGFQ 7 7776
FDLSLNJSFFYOPZFJEVKXLFXCQAOOMXTQSXWMYJTMVSMJNOBJB 7 7806
ZCLBFRYMISVLXKNXGRYICDRXBWNDCQWXWBIPUVLWNOVBQCFZI 7 7816
HTREPENWGFYDMGJHQNTTSVNNUBCDNATCEIEPYKIUKJKIVGTWU 7 7930
CJQFYHTEHAQYYMDUXQSSWKFJAWSNNSMALTPHOKSVEAGCFHQIP 7 7942
TTJHMMQKVGPZHFZLDMDPADHMFHPNNPCYGLWGSEROLXNBGPEEO 7 8007
NZXEOQTNCENQBIVXMKEYTPECEWNSZBAXANIFEZPGDPPSJZHCC 7 8018
BCABZOFIWXLQMYAUCEANESMSEXDIFSQCBUDDQVYUXJIWRSZTT 7 8063
AKTBONMHHWRYAQOXUOJYWAMVBYFTQJTUBQWTOTSJWTPCWGLKR 7 8080
SLDHTMUXXIPMNRCOYVRJAVLKNBMTIQXRFLFHUECLTHDDLGKVN 7 8080
AVILHNPDTSUORPIAEKHKVCOAXXYNYLUVZPVKKPLKBZPADPMJA 7 8167
TGKNLMROMKCGSZRWPOZRHCNWDGSWACGVMXTEQDCZZEGQQNOAM 7 8173
CZNRZCURBRLOWOSHAEJENAQBYRZCQKZFNYYLPMQLKJILPKEET 7 8206
HONLVYWTZMFMWXZUZPXLAQXWZRSZPSRGQQYVBEJSFRRVTCVXG 7 8227
VNJUBPMNMCPRCKLKQRRPJIESRXYDQEDKORWJYLCXVBHFOWDJS 7 8259
ISCLJAITWQTMMNJJXXQTSBMIDQSVKXOBBMEYLFZFHMJBMKCFQ 7 8376
BETAECWIOUODLCTCNBOYQDUBEBFIGINSNJYFPCAQMHGRXXZCL 7 8383
MNQFMIPVJIZUZULMKGQMHYUGLJAIRMSNIDWFUCZMYFPPPUMXJ 7 8390
IOHQNQCDXTISSTDRCQDCCAUUCIHIJUVUYGQSJINGSVYNOFMHQ 7 8407
LEAXXESYCYLEKLOKYNFGHCQEYPWHKUQGGDSPHUYXGVFKROEAP 7 8407
OTRVKMQTJOFYLXFCFDPKLOKXCYSQVRKQPJSULLDNFXKQIXNFC 7 8502
UQTRKUUWQGLIXDFCTECKNCYXWQNKJEXZENAOBDIEVPEBDXGJA 7 8521
OPSKGOQDDEIQFKVIAQJMCOHGQTJYSBSXFSVCXEOFHDYMNWBPV 7 8543
DWQNHLYULHBTSWXDPUEMUJVSSFJUOHLGZBJOFLTDHYHFFGMTG 7 8558
LQBEHJMEVMDUOIURNXYZNANNCEZOYZTUXAOYFICUYGSGGJTAZ 7 8575
VOQRWEKWEMZFHCCHICCYEMLOUBEMAYGWAKQDMBKXMBQOXIKWP 7 8589
LCLDYCBXREISGOSFXCFAVCLVKHMQBDMHRNEFDPSWEUNYKPGAT 7 8632
SDAHWIPXCPFCIXJAUXSRCIGSPQLSMUKPUODKIMPYXVZFPFPDD 7 8641
IULADKMNPZMKXWXKTGWRDZABMSXVNSUNGYMLXUUIKOMUYPHZP 7 8751
YEQSPMQTQWCRMUQLRLLOPYJQIZTXYQGGYHHBCQCTMUBOVLUWB 7 8804
VERCNORPVRGXPGDSEJXOAYIERMPINTTTYOIQXVSPNHFUPBRBN 7 9028
MOJKMASBNDDNPIFHAQETTBSZIJEEPLHPSBXFUOQWTRFSLWDAR 7 9103
NWHMVREMQNLGJPRQKEFQSZVBDMUQPEGBLWTUZNSJUBSAEZJHD 7 9125
COBTOAONUHFDOYVOTONZKUWNXGPGGJPHYRWELFRPPAUUOFWZW 7 9129
WTQGBYVKNZNRAEZPMKZWYDKUMMDBYCMBTKLQNHOVTISBTRRNM 7 9144
SJYPOHKJRYWUTXRRYKYTWMKNJOJWDQVKNHREUUVLRJPEVSTVL 7 9156
GATYEFSWNLUSOCLKGRVTFVPIBOZTGQXLQZVWIOKORGMINBGQE 7 9159
ILUXEFBVXISKLTFHPKSWVCUVMACSFVRKERVRENDWSMSOZVMWJ 7 9160
ZWXBIXFVRJKQXYCCUQDKKGNDWNEBDSOCOZNSJVFJEKSSHAIXS 7 9222
GHJIPNLOWZXGSSLMRABNJQQNXYEMTAVFRDSJUMZMVZYZGCNVR 7 9224
TLWZPDBQNGSWHOEXSRVOLRIGTWMBLOJVSTAGEWCVKBZSFEVMI 7 9670
AHOZETZVCKBFWVDUNEQGJOQZVVAHXEHAJSQKIWYZMLLCFECSW 7 9684
VKEJQHMZUSYFDSSFEQOZPZNYZFTKHMHSZUFQJKLISBJVGKALU 7 9765
JGSYVONIACPPRKLDBCLQIOUDQWMZMFSFHIBFDBAOTGSRMBCJR 7 9818
HRSBSZTAVYJMSQQDNWXSJIUUPIJUOKTLFGIVBGZZOGXZBJTYK 7 9875
WNJBAXXHCHHFLUMKNOGDZDEXLFZJRDURYTOTHMAUXPCKFHFZE 7 9891
UCWZTXJETFPVXIYMTMVMNOIYDBUFHJXJDCXEWSZMPWAWZMUPO 7 9893
LQUFPGAXFTHUAQEVJLRHIIKMHUQAIAIJZJXYDHBDVIRAUNRQS 7 10021
ZNCSQRMUZFIASCVECQJUWNMNGRLQLSZBJBBXCNHMHYJHQHOQU 7 10071
HCXVTONJLLGNOFLCSVRYBNOPMFBSVFZRDQAKJUGWLNNVKGTZQ 7 10082
LSKJAZHSDKNSRJUOICCOYYUVFIULBUSUKPGWXGFAZAIXUHSBZ 7 10132
MKKPERIUZSOBHUWLTHCXJNBHYFYNOXMMOKCTHEHFRMKGEGSDJ 7 10249
YWKIYEINAUEFUOPYCKYTFQVUUJAFSLCIKYFFDGJADWKDKONBB 7 10547
QCTYXDHXVVCKCKQTREZVJUFPVGRWIEAUSLEIKWVGJZJGKPLPQ 7 10627
VBKFRPADTPHMKSXVEHCGCNWQFZSWEUTPHQNZNXGBCJZWAZXIE 7 10854
NSGKONHMTNHXJGCVKPWTXOHNFCLCTQOUMIJRLWOAVOTRYQFZC 7 11273
QZOCRFKWOWNSDUCJSFGOMDJDKLXJMEACJXNVEGMJJDVAHQIZN 6 2689
FYQXJBVRBQTHHOGABBYNBGNLTVRVGQWMQZYWCQSESWCEMLBHI 6 3475
UNDQXHCFJTTJGKWUACMXKZRVQSLFBNTKWKKOPSKIQEBZNCMRK 6 3503
NAPUTUEJQFJRFFUVWTJIRMKHWMHUTPXKGJXFASNTNOKAFGMFS 6 3549
OBEJTJFFQORGXCEXQZRPRJPIEGDIVYMBWNTQTYFTSSTJHJRAH 6 3554
UTPOZBXYOQRPEBDAYTFDRFNFUCRDTOBCSLTLHXXPETPGCDHVQ 6 3558
UGRPRSIZWSEIVXIBHFIMULQPORVJJJXXDDTEBVKWVMWMGPDMH 6 3926
GGULBWBRKLMAQAHWFENOAEUTCTLOMCJYJQLNIXRXUUKGIUKRL 6 3936
OQWCFINUFCQDVWCRGHZLIPYOPJEDEXUCXSLUFSPALSSWNGILD 6 3971
ADHCNCVNGMHONDITOOVCGJDRKAEZUQOVURJJFEODUGSOBBGBE 6 3999
LUNQTSFCNXELFHZKRXBLPEZRDHTXLGZCZNAWFYOAPNYIQGKSJ 6 4043
NNPTTOWCLWGHDZYFBLJSYHGOMWTHJOQQGOFDPZMHVIHWVQIGL 6 4044
YYXTVWZOKWLMWQORGJVBIRXZCDNLSRMIIPDWLTGMWUIHDTFNK 6 4044
VHOUKNKLBHCPXCWCTJPFEYLROJNXKAEJBNYMRMNPTBLYUJMFJ 6 4272
NKEEQTCIWLITVMSACQZVAJKYSDAJONWMCKGVFHIQOKMOFSDHG 6 4297
LFZSNNJHCZCKZHOPDDCZXEMSTQIBXLNUXSKMIIFXJECZPVLXM 6 4350
REGGILRZYSGIYPBFXMMOHXJHUCJIHREJADKVHGEBNLPPPLKXG 6 4379
PHAVYZQHOUGBDWGYLXPAKWTHHPAANAFHQCMKYQPELGXCNKDAS 6 4388
PHYYSTPWUJVIWHYMBIQNBJQGURILHRAFOVOAXYMWOAGXSRPIO 6 4471
JYWBZVLTCGYSRPQMZUANXVUXLYBGSFURNEJSLUKQHAKGMVMHK 6 4512
OWNNBQOARTBSQATSDIOOKWEALRGTEQAYQVHRQAOROMOYPUEWS 6 4614
CWTTIREVFXBWAEWZIJOBOJNCCIZKHQYWRXCAPDYHHNOKBQYPR 6 4616
BENHHFXXODUKZVEDNMUVPYKHIJJVSTSOAKJULGYPJUBZGDZCW 6 4641
DBBTKGNQSUKGBPUSWYNUXDEUKJDRGQIYPGFWIEHNQKNUPEJAS 6 4665
LOTHSWCPCLTJDZWZMULMUOANQTALVPACKDKOESSOAHVXPDLPO 6 4688
LGEEAUDVYOYJRTWPMCRWMLRZHAPKJBXBYQVFKNRZGIWMBDVER 6 4716
SOVAKPKMATBLXZTKJFASANVOKGPAYQRFYRJBQZFYONOJVBPII 6 4813
ZQKBNOJNAKEKHIHMFHWMCVXBOCNQBQLMEVNUHSNWOQXEIHEME 6 4846
RWJGUKMGXLKCEALEAQUTEARLGHCFTFQTLRHGTJMXGPVGYAWDB 6 4860
TTZSCLIHSMLNGEWNOXJKAHUCIDFDMCEZJOLPPXQQCFUSOZGKE 6 4868
IYNXSTWDBFJNBFNXFPUKOONTSPXOZINTQOTJNABABTRLIYKHT 6 4912
QHLLFOKGKVYOMKNQOSUEVMXOINARJNTIXTQJHSWMQBYWMLPAG 6 4935
QJBEWZCQMYYFTFXQERKJGEJMIGYRRHAJHUOYJZUXECRLWHWJS 6 4968
RYSJJGJQPADYABBKSEDLHKYGUIWUVJJSOVHIWAJCDTOKXURKN 6 5026
MEZQXXRPTAJUJJGMTLBJLIVXCXROBWZIXCVCRSYCRMQSKIFZO 6 5088
LBZPFKGYOBFZVYFBBXZEIGWZKVMOQHJCKGWEUSDCYQBYLITWD 6 5112
LZYGEZDWFNLTMBIGFMEWDUIXIDNSJHYDQIWOOIWTCNWXZJQEZ 6 5142
DJDQTIDBXOQQKBYWJSWMVAMTBUZMHEUCUJSYRWOCNQXENYUFP 6 5170
XKTSAKLADNHFESCVIQNZNPPJLHGYETHJJSNGXUDCWLQUHVJSK 6 5177
TZWZDGCKZIWZCTXWZBOHOWXDJOITIXMKQFLINKNHXYJREJBXT 6 5181
PQMCKUDDRMSQHJZSCIUYTVTVGBIUXILDQWSZPMVFWVVQNCAET 6 5198
YBWQVAPNAVOIEHWKTGJFEMTVCYYEEHYHKMAIXHIUQLOWODENC 6 5223
BWEPBZIOPIUYMAHTWSALZPIHOWAABRLJDLWXEOYGONFQRQLTZ 6 5234
SYNVCZDJVBEQYTTJNXPLLGHBSPSUGGHICCUBBXBPBLPIFNXOW 6 5265
UZXSCWGRQOQKXJRXQDCQUQZYLTUYCKDWOPKBHBDCNQZLUDYEA 6 5306
JCYUDAOXLHCRATSOVJUBYJNKYGEBNWPBXSZDMQTVLDTRYXTVQ 6 5310
RTHRWIPCMXZVVYFDWNQBSFNKJOCVRDXNZODYFUUKCNVWDSPCY 6 5389
AOBIONLEGADYYQGFKBZTWVUBSRHGLYUXALZSQYEHGIUOMFKZO 6 5437
MCZRGTHERMULDJQEPJZTUDXBGSVNTYSEHLIIGLDBCYQOZTHBC 6 5451
TNLWOCKBTIGSCLXZPENFXFFPNXYKAHUUOULNUWUVYIEHDKZIA 6 5496
KBEWPYAQRHVXXCBAYRZFWOTCXSDSSHIKQXMVTSTMTVBFWWDON 6 5527
FANNYMEFWXUETSDCILTNIMYYSFBDIAPGQMKHYZUZPQLPPJYIS 6 5549
LLOTXVTQJIQQBVWGHXKABVDKARSAVDGSKZCROXXIZLBNFPMUV 6 5613
TPKIOCFFNRRDFHYEYPOETDOBHXEXDXQSSKWZYMMXUDTYJMRTX 6 5614
IVYPICXDOSIAQWNRYKSKAZTLNTNMGXMKMGGAFHBGINHIBHENL 6 5629
UOHEOYXLBINFCGFNBSCJENVMOANBMJVMEYPAREJQXXPJRMBVZ 6 5697
HBYGWWMLKWZLDZVJVFJMUSFPPOHBWDQUCUBUDMOATOEUHZGKD 6 5709
LQHRJMUNUQLJBFREXCYUZNGHXMEEZHNSWPEROXQOQYJJBSAAA 6 5715
AVFZDQCLOMTIMFGCOAWDSLMDYHFSAFTCJQSFPNTMTKUJOWDHS 6 5731
KJQWDLSLOESATDZXCZWDQLJUGMXTMKYZSJTMHACNFJPFHUDUT 6 5742
YUSCQRONZOVTGMJQPAIBDVNURZCDXWQJAFSDEMLMJRQBWQOLD 6 5752
RYMVDWDWRYNNOWYKQIOIEVUMNDVOULTDTCOGYWDKTEBTVSNUT 6 5778
BZHDSXXBBVJEDZEHYVLBVQSJGDYTXJCAAMCFDAJLKCQHEBYPO 6 5818
FNCEZJKFJRFFPITXKRYOUXEKNLPDORDBMBEXFYXEIYAMFOJFY 6 5833
GKOBLCJDORTEYNFRAZIIKGYBCAOOZBZSBXDOBULJOZVCDWJGM 6 5861
GJIEZYPTQQIETRHWEGIUCYSDEICWSWFLUXDQHWQYEKMPSKWQQ 6 5894
KPQRETJPBLKTDYXGGZMXYKYVCWTEIHWXDTVKJCKJWJGMLFSAQ 6 5900
MOFKYICZBEXFRDSVOIXIECFYWNUHESVYCNDDXQOLWDFDKQPBS 6 5926
SINFQSVGNETGPXVCHKYHVWRZUXLXGEHRHLFWUXAIHNUDKOZDE 6 5928
FTJOVCZNTPQWCERACYHPQDXFNOIHXRFDYAUBYGWRZMYOPRAUL 6 5997
ZNHBPJQVQVSOZSLHZBLYDVMCEROIXTYFTKOODNCDWIVETIJQI 6 6002
MUBSSEIXTGEFHPCGUCIWXYXOVEKCSBJVJKQURLQLVCLVUCTAF 6 6046
PSQGOFPJXZVAPFTXYLVORUSBSMMUGSEXLNSOINAWVFPNRLQIV 6 6079
XTLBHIMMOGVGBHQWLZXECRACDEQOMITOVMIBHRNBPTALDQCKE 6 6080
HLXLZCCHISKMQTJVEPRIBZZEXEIECFKUGWDJGICSLYCVIMQGE 6 6136
FNOVIFUPEPTMGDNBCVUTNVOMQACPNIVFZPVMOMVJOYZFDUXFO 6 6141
XTRDSIYEYLPNHSTOCLBHEEWQWSBGIIBMVGCQDRQLLIFWWYODN 6 6162
ZTHPVDCGWMBBNNYODJOGDJFXMGCCJNEYWTBNHDJKCUNNGOSFV 6 6183
ERYWQEPPVCKJSDRYDLECSODMDXICQODVKBWMLTTABXGEGJYXE 6 6211
RMHQGNCXJBLBPVLHQSKVBAFGDYWJLAPLNOEIPWTPCCJQSLTVV 6 6223
EDMBMZIJJVEXZKUZPDHOTLJZDATZQSGMNEPKQOODJQVDEYUON 6 6246
HBLCQJXLVCXKROELAEMBHLCPFSHHETLEYGWZILWPJXQSCZZQH 6 6263
ONPAQNMDHADEWXKLOWOJDDMPNRARMGLRGZGJRRSWHFTRLJWHV 6 6280
GQXOFZMDABIJHPFMRRXWXCHBYGJPKYNNSJNWSQUYPCPLMVOUF 6 6285
LNUKQCJSFBOOHLTVHITLDXCHTJGEYOYHIVHSEURFHKPEPWXBS 6 6320
TGQDUQVCRMXPKDTRUHRVNBNVEUKHSISVAFQMZXFGPYTHXBKDV 6 6331
AGINUQCMRGOVLOFKWJCCHCZWSKIMMRBLGKBSMDFDSGVZMHAMI 6 6340
TLFGKMBVBQARNXYENKDCHMTSKIFYGVSGMGTKUFUSTQNWKJZNO 6 6369
DBDCWZQWQAACXDLKHYCEZBFIQXWYRBMNEBNVKERFXVAMVNWFB 6 6386
QVEQDEXOVWBNNEKXKRLWGDBHDDGKCVNOYBVJRGVHIOBMIDOLZ 6 6410
QFXCPEDVYPZVTLDDBMUIEJSUUOGYTIGIVCJWBMMNAAOXCHJCI 6 6413
SRLEBOEYSNIQPKMVVKQRFEWODMVURTHTKWFHTRBAKTGUJKVRF 6 6488
EZXYIXJXBFRDTBZKSAHDQGEALJGQWNDOQMHXMDNPYJGXPRHGY 6 6500
ESUIUCTORFBJIEHWOMVQCXVOZFXHOBJNSQHSUBOUCBHBYFJVA 6 6536
AJJPZYAIHETHKCOVFPDWXBOZQEPSDDURGABCGUOGSEYHQRIFP 6 6545
RNFHZWXGDPYTGWXFEQERUITSNFVTHNASAUVTVFRLZCSOEBFYN 6 6561
ZRZINLAEFYZSFZYVSFWITAKNPTAMTHVHSKEABDUWKKMWHACKX 6 6569
ZTAQANCHBOJWCGPGHDUZRGKCRLSOSWGDKIWLBPPQPMDQNFZBG 6 6581
DTPWMZURLBHKVELFACYKSZGFVVFPZCNXUCWXIQZVBMUCFFAWN 6 6589
TCUTZRCILFJXXZMVHNPXUSIOSQEYGIRWYZHGGTHCNVJDXXBQN 6 6605
TYFKEEOAQCQPYIVSRREWTQNWVZKYXREREYIAYBDRWOBWCYOCQ 6 6630
IWHJFDVKMOHUOJWQYLXRTNJCVKUTHMNZGTIYSSVMOBXUGGCKH 6 6632
ZRYWPGOTRMHVUBDWEXERPJDRSYQSYUWNFBUPIZLFCMFQXXCBZ 6 6640
QRXCYWAQEMWZESNOQXLLOBXKZHZEULDYWEKSQQRCWMIMPQQZY 6 6671
QTFUSEKIYRTAJFENKVROSALKWILUADCHLMDPCYCLXFWRAALBP 6 6697
PIELRZTXZMOERNVJNGBZECHUSWWJZEUFVXFDNGJJMXGPBUPMO 6 6721
UHSIVDIKHMJJYPWIBVWZTIRUMJRVTEPTBDQFXFPKMRMWVGYDO 6 6752
BJKJHBFPTBZPYULCCYEZQBIAGNDNBBMEEBIWXHKVZZPJZKRNQ 6 6768
DCWTSROEJOHQIOVIPROPEUXKJHLAMCNXEDCDLZZMHLHSHSEUZ 6 6782
ORNRATWLNMQKCKZMQYDPIPWDCHVCFECEKPYHJFZAYHROUYIJQ 6 6817
AEMTFHVAVOSXTVYITZSRBZKMMLZRHQXXNAAKJJUYQDGUBHHMX 6 6830
MVBDCFKXVXRHHEFJXWWQNPYTOPLBQCREEOTSBHOPZYJBJSYSN 6 6836
FGIWHJOPMKHPWKCQVZEVEDLMCQZVSDAOYDPPVKBPHVAEUZBVE 6 6845
MCRWWWYWAHGKWVVYKDOZYBTSJMEUNBWBCTOSAHNNKKDBJQRPJ 6 6846
FLPQUVXANUCGPAQDRJMFMLVJRDLINMRLHPNIZDEWLSPLPVCTL 6 6846
NOAZWIXNKPXJMINEXCEBRHBQFDXNCWPTYCGPCRZPTHTPOVNDM 6 6877
WJYQKWPYGEGNVFKKHUKYCGVYAYOBVKXGPKDWFAGDBKRMUOXML 6 6893
TNJIPPOLTHRWNTIITXREVYWSOFXMEUBMXWTLIKZFALFFLQQQO 6 6929
XOMNKWEMHXCGQPKWGXJDNXCRAVDWCMVCIUCSHQRCLINNKGORU 6 6943
SETKBVPYJWFPWQNEAZDRAVSISCVNVJSODYCGTKKPBGHNOGAIY 6 6947
RARCPPAZCHZHMBPVXHWDLAEQCACZTZUXVHIBYYYPPBWGHXNKV 6 6952
PYMSWPLBIPUTWERKRLVIJAAUVKTYENWGTASVSXGMEDOTXVJGP 6 6953
GVSMMGMDEALKKTHCRSYWLCAKIGQAHPDNOSTRCPSDVLSOZYPBW 6 6995
RWADFSUWALVQKALASSJDXYITZNFDXSETVOIBHQTJEKDXJOEPZ 6 7064
VNGHYDSNFWTYQZSDTOSGBGBGTREPJBHWPNMPZAEGZWKWYAIZT 6 7086
XNFXBYJWDNLMTEGCNGEUBGGABNGRYGRHVNBGZEVNKKQZBNIJY 6 7090
WPGJKXTPGPREMBJAEHEEUIRSUAOCFWMRXVVAQKIQHWWATRKBK 6 7113
POYDRYIMUDPEXPUNFBYMYOMYDLKOWCRPGELVJDATMCGYYTPUF 6 7133
ZXDVAPMJJOHOPCHOUAPOVHSHZYVNTSIMEWRNTKCPHAUQRYZBM 6 7153
JDCNTKRRBCSHADGCLOPGOFLCEMNCNPQLAXHAQHHWNERRMFRSV 6 7165
ITSAIDZYINYDKLIYDDCPMUTVQKMDUUDSIUUYBOXXPDHCMPGQD 6 7193
GMELXIJNZQAJLAONKFNXDMDTPCJJLFIHTLRBJGYHAZQBTDMUQ 6 7207
NREEKHRTOATAWEZKYVGFRIMPPTKBHTCYYAPAFUNCWYOYFKGCW 6 7252
ZWQHUHILZJOQVNFWYQKTTWQNHONRYXQAMYDXHDYHHCYQUBISU 6 7287
YDUGMHFPCZYXAVFSHIRMPMBXLISAGEGWFDLVPLGXANEMNJGCA 6 7328
WCSLVMSUOTYCVMVFHIZECFNKXMXEJUYVOYEWDNTTZQFWNMLZW 6 7351
KGCJAXGLFOOGMYYRCQKTPNQQJACPSKGYUWHZBVHQBFNNRVTTN 6 7353
BNLBYOXJZCKWVIJWREMDJTGBKRVQKRPHZIBNNDFMOBYFMQJUD 6 7368
RJNWBDVUEATQSIKVARMXWLOGFGLJQULOWFZWCXMYFNSRYJRKS 6 7379
JHWFMPFCVHIBDHZRAHXYWIUKODSIUGVKSQWNSDORTSNAZVJAD 6 7389
URAPGVYYDINQYWPDRWMBADYCACWRPGVUWFKKDOTZMCPFEIBFQ 6 7432
HGDUDAGGXSFPAPFXEEWVNYIPFISNTGDSBQNOYQFHFQECYQWDY 6 7433
RHTODXWHCXSXIWXTZCDTYRCXVKERMBLGMXSFTHXUDAMSTATML 6 7450
RONKCRXGDOTKKVKNTVKOOVKBNIOIOOHHKRJVVVGSOZPGEDAQB 6 7466
FZZNXMPOOOGDKCAHSKPAXKUGHLHQRBDMKIHMNKSUEDHLIAEAG 6 7478
OSJCBNPDNBHHURRSIWQKLQCTWPLCXMRFYIBLWCYYBPCTATIAJ 6 7480
CHKLIOLZEONRMUXUFKEYQFBKHXJFDGCRCAYPKHZTJFITPKMFX 6 7507
GIAVGMIMVECPMVSJMJQEHUJDAJYLZCPDLJHIOXUVPRGLDNJWI 6 7595
RQCZKRNZNVDQGMSSWDGNGDDKRRZHMVTIRTRASPJZUQXTYIWFB 6 7600
QLXIRMTWVAIKHTFVFORTEWSOJJCXQUYGGURQCHVLNXDFNRESF 6 7652
EZEGCEFRZSNWUVCPZHDJYDXCQKMQUTVJPGOBYTNFPCLEWIIMR 6 7690
CMSIDUYOJIIYXUWKMRJVXSZTJILGNTPDZSJCMLWFDWXZZSLGO 6 7708
UPHPEPTSQQMNVJSBPYWZGLQUNOPIBLVYEMQOWELVUEPPDRUSY 6 7762
SGHPSSWSFCSDAYAVCFDGKNLUBZSDHDBRZEYSGFEAFSFGODPDT 6 7769
BULIZOQFHPFZKAZYFDAMPFFVEBSWJHJQPDJXYBCCNAPMBNZEW 6 7774
UZXSBJEKJGLDVQPVEAXBCKTSQLFYRXLDXBFATSLRSNBJZXXWH 6 7775
ARAMRRQCMPHHIRTIQCWROEVKJEQLNTUSMKWNDLRQLLKMSYRRS 6 7797
GYTKWAZFWZLHVLLOLACKSSCCDXSZZSMOYKHIJIXLWUXAWWHSG 6 7799
QHMUEFYCNGRHIZDTKCQQRFYSGIELNDHRZBUKSXXKONHRZYUIT 6 7824
HVFXHWWATWCLPHDIBZPKYDAPCIXCHZBPICLFMTSZPMCHWRWXA 6 7832
SSITPEBCTMCZNISHWDQYZHMLEXWDZPNGDQZBMIKFIBCQAYQYZ 6 7847
HSJPXNJGOYWUQEYJGMCYYXSQOQBLFGAHXVTEJYEBHGDZPEPAS 6 7858
WWPGUJXYLBBPDCCVLABHKQMCLRWSKAXJSTLSDSNIMXXHODANT 6 7871
NXSOBNQQIBPLWMRMJTGCDUDMFIBZHQHPCNMHCKKLTDKYHLRUF 6 7888
HFCGGLMZPIMEZUHPDAXNTKQZZGBBRBXZKYHNZPVAEWAJCROVY 6 7908
YRBZWNNYAVSUALHCYOIVRGJYTHCDAGBGUWJILLYIVZPLEQLJW 6 7915
UGDZRXURQMDWTSHXCEHZEBXLZTZNLBFOVZYOEITVLOABJGIRI 6 7915
UDNHSPEBTDFJNDCXFLAWVMZRLTFDMXASWTCKIWFMGPYZBAMGR 6 7959
MEKLVEPCZIZPVFQFGVMQDBNGNUBYHMFHIYNWJHTVCGLRWWHIF 6 7962
CCGVIVIVEYYRBJVGRFPEJYZYPFJCVFSDQXRLOVNFAKSJLHIYY 6 7965
XJOIEJGYXDKCQRBJGZJFMRVPAXVMEPLHKHXLTIPSKGZMTKVWK 6 7980
VILRQLPDWOMINBTYBWDGHSWDWBHOJZYMWKPECYPMLAEDVZDGX 6 8018
QVXTKWSYZMTFIMOLOTDALBVOJRJZNIUOMXZVQFESGTGRXBAXQ 6 8021
DUADBGHLVCHKVWCAULPVUUJPECYQUSRIFECIJRHFYFGBCLJXU 6 8084
XOQSHEXWZGFIAAGSTCMDZFQSSBYQIWUULRRJNCUMDXDLUOXBI 6 8105
FFZMJDXRPUAOUONECJUQFBYNYJVRAAXOZZSORFTVYMBJWAGVK 6 8125
DPEJKTDZRNVSPJPYFMCKQBHJBZINFMXLDVNMHIDBYQLLZRIZL 6 8256
YKZGBBLFEKRKNMJNZLLTDCDOLSWOQDQHWCFEOBABTMIXRTLLB 6 8270
DQIHKSHQJHJFYUOMZVSPUJCZALAJESTUOLWLQLHXEZBVQVCEW 6 8284
KUESASMPRQWPRTULWSIVENRFOKMEGAVKXXPHKUXUHDMBOZJKY 6 8304
WXZQJYTPMUJREYTMTLYXDCATXGEKUVFTSAMBMJMZFEONMQJFK 6 8353
RCDDHYRWCUKSOYCCFOYYUWWLQLJRMTYDGZTRPZETYPSRWEIDU 6 8406
FRCMHLHMYUHXWMAJUZMGRZYWOFPQFWMBOGFGKFXJKJUPXMXPU 6 8463
WLQFLJYCTEPHKPGJWUVUBJWILURVFPQGKYPQGHOQNAOHQBZPW 6 8494
QRBJGPGGZNJTOHMDVZYMNIIIQLIULEAXLCKRZCOEAHOMPANPP 6 8500
AYLUBMZBYYBWPTITXRAKOBERJSALFFFDDPCICHCALZWYNJJYF 6 8568
CKFPTYAPUNVTXIMNYYIFOYHBBUYHJNKWZQBQXKEMGXNQCOMAL 6 8599
WTXNYRMWRKOEAQPFLNOGCCSNTRCYNTCLFJVXLNNIIACYLNWEE 6 8657
ZOKSXOBTTWYLXLTCXLKTXLDGHEXBBVRQYTBEFPXCEZBJBDQPQ 6 8708
LNFUPQBLMOCKFXOUAFFORWQPUFRRKDEUCBPEZTTBUCXPOJEKB 6 8872
TXBQDOHGRNBFJSOAGPWEJDRWRVGYRUXYAEYYSXXWAOEZACXEG 6 8905
EPBINTJXBNXUFEKZEUKTXTJVQXIGOUQFOKIQQWUWFNQYNOWRE 6 8956
RGSBJWISJTYKUAHYHODGMPLXKJOZECLAJOALJMAWOEXWAMHPL 6 9026
NYMHZELVKASMKBQGNURFIWZNUXDLBTIKPURISBDWDJNWKKSFH 6 9029
JXUVIVCUKOXEUFLOUMSZOOJBKYFQJCAGUEWDJPWCWWAUMMIZF 6 9083
RUCZNULJEGOCVNKMIRFPLHXBRMCVKJJQHJLUTXESHMRKIOGLR 6 9214
ITCRHAMLRVTDWTAFTIDUNAIGJFNYQSPUVGSVNTSXZWIPBIDNG 6 9408
YSKCKLWWVYYFZOHZLFGCBBNXAOVZDBPJVQZZTVEEKSTPTYKPU 6 9430
EBBHLORLCHGZBTHBFXNQCKSLITABGBROZIIQYFSIKKEBJIRLE 6 9533
VACTHODNTIXFPAITTHNOYHBTECTXLNWNHZVYNBVSGLRIVQGDT 6 9618
HESAIVAFXLCJIFSYMNHYCMRZEDGMNTJHOPJNIWDEDVLOESNNT 6 9682
RKGBMSSYOLCMSWPQQPWEWRGGWGDTMUVCGMZSUPCUPXBYTCLOD 6 9998
PBNWHMCGFLDSRNVRTZAFJOYDOWUKUISPDOFHWYDRXGRDMPVXJ 5 1807
XNUNHDXTIYDSEIKDHPMUOLXONLHXPTDXBPWOTXHLKVKEAJOED 5 2669
XBUGUBJYMTRIMVTIHEPDUDQPOTKMEXPDLBDLPHPEGQSDAZOCM 5 2672
KWJLOLMRNOGOBTPJHAHTBRIIKSYAEYZBYYJWGAHJTRNMCQJOY 5 2812
QOFOTLQJWHUYAJEYLDFILJPDJUYZJYYIWKXHRMZHPXWTNJVJL 5 3034
RXLLZRDFKETEAKCUYVRTEHRBSIOWYZWCJQNJDWOWJJYBGSKHQ 5 3054
KVLVMTYXAEUBNCPEIEYOZVYVACWBSNPYIVURRHWEFDIPTRXZW 5 3074
PLRAJLXLRGITWHIPQJFZGEVCEZMGSCAAFNZNOYGELZCMVVMEQ 5 3123
IFKCMFKTULFAKEWABVQDTPRILGNVCEWDGSCHQXCBBTPNZTKZU 5 3133
ORSEQYCBFKVFZCLMOFGMRPBJOEKGKFUYZUWONRKFPRKPSFHKQ 5 3154
BGGIKGIJJISRAWCFYPDPFMKSOMVWQZKECTXSBPSHIKDCANQXB 5 3176
HTPPJRKNZULFMBEKWNTYCAUZLAELDWGXNNEHFZLJKVAGVJNUT 5 3193
IRSSHTKAJZKGZUIUBRZSAMPODMMYHFHBVTTURDOHIZVWIFWPQ 5 3210
XBJAJEKTCEHBSDKCFBNCRUUIMJGUEBRIHLTAZKEGDIRMGXBCV 5 3231
HCWWROGNZSVBYKRWMHGUDQOPCLDNJUUSGUXDXZAMZKIVDRVDB 5 3279
YCAIPWQGKFAAKFKCPXONRRUPQXTJRJFYSHLBZRPMOJRMBZZXJ 5 3315
AUPPHPATECWQYKJWAKFSEOQSBVDVPBPZOEOBZKCMMWMFGWBSI 5 3319
UUVQHVFRRKSLGRQCNCQSPEVILPOGITUVQOIPMZOUWZBRYZSBO 5 3367
CJSKIAYHVKDEUYAHQJJULSKXPGYPJZJKXUCJLFLTNCZTDHZUR 5 3462
FSXCKJAMLBDJRIAXTLIXMJUVTINCLOHBPNOBDSINATRTGCBXP 5 3480
IJXABGSVGGAMBPKDZTZYSZALTICSTEQWXFCUNBKKGXWKFAWHS 5 3481
AEWVNXCFYNFIRKGIWCXWTEYVQPYCLHRSFLUQMWZUYCXUQZDLT 5 3497
AINCOFDLMXRCWSDNVQUNDELDOCJJFJODQHPMRNWECFGSOKMFF 5 3502
XAQXMPOXLJIYZVUVXMFOUNPDSSLEHOKVUYOFAHCIADYDRXUMR 5 3544
QUBYXOOTNFIYNLGVLLODHLVSUFUJOBTJSLMMNFHNAKEGRPNND 5 3590
GSGZJWALBDAIEVSKQFNWYYAROSPHVWYZNNQFPZHBTPCIHFIRR 5 3640
CTUNARXETNUFXZSPMUFPHELEGHHRMKRTZMGMPRUJKBLIPFYZK 5 3654
UCAXKHMRCPDWMFTBYMPBVGXYIBSRLBEXOYNIKFNTIMLPJJBCL 5 3717
SVNWMYTVQFKPXVYQTKXQEOXGKLSQUUFHPNSNRBHEXWYUBAOFT 5 3727
JBJQSFALYUBRAMCPGPGNRXPDGRGGAGYQGOCDNXVAOUFZWYXYO 5 3745
ZQIBTVLVNEFTHIEDNMLMHGJCADNBFZVMNSTNFCDGLKOODEPRI 5 3768
XEOTBQCKSAWHFGEAYDZCFIACMGJHRSIPVISGWGBJTZKHKLLQT 5 3810
HIZPAOTTMQXJKQCITXYCNQFSCVRHBXQUBFYLSNRLHVXBOTHKF 5 3819
GOBHREJMBNYGBNPAHYXRXHQXXNCTXTDPJJXXYKPIJSPWONXSR 5 3823
NMGWBAIAERVZKKNCKNJXSWDYKRAUMOWOKAWYIGGVJIIHJBBWJ 5 3875
ULRAZYTWEHGJUHZTLAZOCKRONFBBEBGVLEJCXNMORESARTAAT 5 3919
OMIYCKGAIJBLJZCDLNOKDWSPQEVPEWORRJGMNRDAPVOOPPKNA 5 3949
WGBNKCWGQNODDOIEOCPCQLXLQIFQWSROODEXRFWQWUAADUWMV 5 3956
QNJDWACEAVUXRGUDGCEPFVMFLTJJHWNREERUNUHOTGSIQYGGT 5 3959
JDPCJDSMCVNORRSURGGZSZEUNFYQHEQMDAERWQGLGDSKUKCGO 5 3965
ILLNGJKYAFHXPJZYDOMHCGREYMJXNOXGWWBUVTPXXZXDRLEGH 5 4081
MGOKYFFNNJXZGAFYSDJKMUFRTBAQXRZACYDOVOYVUJWTNKLTZ 5 4117
POYVCFYMTAUWANVPVYOCCFCFOJNTYMGBPNRQMSQYYALJPUNUY 5 4143
JJLVRAEZNWCPJCQEIORBOGSYPPOQOIERROVJIJKJJLKYXCILQ 5 4288
HLSZOJGRDXSGDXKZJSZWMJAPADIWEJODELQBPRGALBCWTWJSI 5 4292
HRUZZEEUKJXEXNQQAJUJUQAZZTJZZAPTSFTNBUUMNMHWLYNVE 5 4294
LVVQJAGPRWQCVBOFPZHGEGHEOHHEQAQGVSJMADKCRCNEWQMWM 5 4362
OCHFYKIQKRDXJETUNIROJRVGVJFQEEXGLDOKKFNQSWDLLBFQK 5 4363
DJZJHYVHQGHPJHRGWTDISREMCRJHXQHYAZYGNONTASOHJEIVL 5 4370
XNJVOGRAWZNLBZMCBWNHBISUPNITGELKESSKONBHNSESOQUZY 5 4379
GRVDDXEMZCWKYWRLXBVZQUTDONZKPEKWRYNFDKOKDKSNLUZIL 5 4414
DTREBLDMYQKBKMIXUXYYGZGNNQNYXPOKXFFFWKFTSAJUBUATM 5 4432
YRKPJQWOLAWVBUMVKILMRWZZITZIKQXROHUHXXVBNPHQUBLWY 5 4451
RDJVVXFJETHAVFIPLXDDYDTRKZFQSJBNBGJEKWIIKTPIGMBZE 5 4461
RBCVAVMHXBVNFMUJMUALPIRZVXGIHHPFZYNXGNGCUKQBYCCXP 5 4480
KMWBIVKRZZDLUZSUELQCJPOMQNAYLSOVYEODBPSRAYTKTKPRK 5 4505
PMOVIJQTPGGLQHZUUSUTLAKEUHWXWCMZOTMZWQENARNKTBSFQ 5 4512
KQKSNGUHZYASTYWUBHVYVMJFCCIBGVIAKGPOPQZDYMHXZALNJ 5 4535
YXGGEYZNUQEGUPJKBQWTLZWKJFAEABCRSLRIVGZIHUUAEMUUB 5 4541
RNTRXIAGMVPYSZGNQWYXTRBKTAQTWIRMDGQLHHQCSSVLUEYXP 5 4549
KAIPKMGBQYBBLHAVKKAPUALXZNNBLUFGFOOODVQXYKUXQPZPX 5 4558
FNFKEJMEORVYZISUBCNSUJTIOJTBXFSBFCROFXDYJQKBFTBHJ 5 4568
FVVMOREOWYVKJDONKQWFQQMTOASFBLQJNUMOPNCZGUZHFIRXY 5 4580
YJWPSOTKFEZEINQELJAEMPBODIYGNRXGDJMZZWILZXGOEFGYK 5 4584
MROZVEEBQLAJPELYHMKSVOMSUFHSYUAZYWKAKPBLCODQOZQWK 5 4604
WNTFTNSQUWDNIDYNAULTDKFYJUMEEZUZZDJGNNUKMBGEMYXEO 5 4605
GHVFFHIBDJEJUSPVAUGQZFVBLMKVAGRBWXJFBOFRNOLOMAWDU 5 4649
BYAAJEZZCCLDPMDRQMUZROPEXJETUWHJTZWEHEUQUTXXWQFIN 5 4662
ALUSQSPJKWQERPGBCSWSFNGPDKXJGQVNAXZOJGVMWNUFQHHDZ 5 4685
ZFFWGRDPTSANCCHNMWOQLTDQJNCAJYSNNFPWUDGNISSZEDKUP 5 4685
AFPAGBNYLIRBIKCSEHIVVQXQVOBKXPHPEERDPHTPYRMUFJFGW 5 4692
TNUQSMGDUAJOOYQMOKDKUFSTPCUYJCVGQCPSHEYYNHVLAJEYU 5 4699
CVPVMXZWDRJFJCGOMTACQMPCVPBJVAQVLCFSXCFXPXUNSWDEN 5 4714
ZPCLFVNAUZBOCXTUPNVWVQRMJNBFASAALOOQZLSVFDBZMSFKW 5 4721
GOEVECUGLBILQWJWGDVIKHOCFHHYAFEQGVFKUTITUKFQSILFE 5 4751
IOWDVYCDHUWAGDBFLDOBFWASFTODVTGRSOEYLXNWMVOIYMKZM 5 4763
GJDQUVMXNBBTKRWWCWCLYDFFCKEMPIRDSZMMMLRXUQBDMIMZO 5 4776
OZNZFQCRIQPFXJNVTTUNJWEJVQVBALOJFYWKBSKUUYBNZXVOW 5 4796
LATCYPKVZUKFOLBMTSRHFTSLSWGTPCIYMSKDWNNPSURBMLOFA 5 4813
TCEDKAFJTXYONNJHYEFQKFSNWPXAWUDGDSABVFFMKFQQPTKRX 5 4831
LZLINPNWBYOIXEGEXNXXFJKINQHXZKDDCMQUEJYRMTLOBVDCG 5 4832
EFHGAQXKWNKZBGUSXWMQKZIIOXIAPJQMLCOLIGAWWPMSPOYBL 5 4849
GPIIEXFDIZMJQISKVKTHDSNTXMZZYTRGBGYNZXFLHRFLAHAYI 5 4860
GKQXTUNKNNDNOUDCAKKCXYWRCVLQWAUXMCYQPKPEKLNRJJPCK 5 4885
MJJHAAIJIFCWBGSLGRDCCJNXZEKZYGBVDBZCMQYRIEVHNFDQR 5 4895
TGPMALKMTTFLWUURJKNUVZZKTYADVWOCKTNCBAXKHTOQSFYDX 5 4915
AOBDXLFTDUJBHBKOQOZWHSDVMTQXXBBGLKCCVVLJCIRONMLQJ 5 4923
JCMYEXVCNPGYYEEMINXRGGHTYKYNDSIRJDCLYNOJXPIDOIYOZ 5 4959
BNCVQEMRJCNOZKLPBNKPJAOEKQTOHCZBXZVFTODLJUPRIQHSV 5 4985
QUEUQRRMINUKJIHLDKPECULFNIXTGOTWJELWFGVJEAMPXDWKA 5 4993
MXRDGYMNHCIHWNNWYZLFSGGJAYNXZZYJNAPOFNSSALLJTNUOQ 5 5066
NYFJLDVZTJZRYEFOPBGLZGTJGVWCBKHSEZVMZCEBYUCRMYDBO 5 5084
HTJWEWHYXPJXOSCRMURWUKLEKWLIBOIESVVMEGXSHSGUVIGRA 5 5095
EGKLODRLSBSBKDDNBFBBKGPELSHJPAFXAPSVGDFLXQDYMOGBA 5 5144
GCJMOCNKTIACIJJNFSIQFVIVFEJTHBYEGNAXUQXTWMEJSCRWK 5 5162
KHDPQYDOWXAAKPVCJWHAFQHSTCBSTTSVQCGPTWEAFGQFLSPOU 5 5163
ABUTKNGWOBYZBFTBHGWIINMXTZRFXMECQJOKISYFORJTNZHJI 5 5164
LPEUANLTFOTSPAEMQNUCIYRQWTKJYJBEDWTLMIWWBLYFECYPP 5 5171
DUSDXDNLMVHQUMJLJOMENMWOGSIOIYLHCVNKUIWSQUMJJLJJR 5 5175
HEBISICQERSSMMQVZWZZXFVXSZKZSCLXCIZACTETLSBWBILKH 5 5201
THNAYNTEUXVUSSNNSRPYPHBVGGFEMNEOPPIOODRJSNPYXZMWH 5 5217
LGYXNGGBIALICITCUYRYMAYHOLZCWTTHVDKUDVVRGRAUTIQGM 5 5232
ZPFMEAIRJYBGGCCVIOVNHXPOMUGGYHMVRZAIIYWCQXQOWIYNV 5 5233
VNYPWXBPNYNPRVDXCWSVAVEGKXQITJRIKWLAWWJJIRCYNIKGC 5 5251
VFNRMJJRQTHPUEZACYOLINBYEIZNRHUSLWWKIQFLYJILKUBKS 5 5282
FAWMLFSWZAKWWRTOWGQQQFVBFULFSSWNYNYQTQASZHQFVLFCZ 5 5311
FENEDLFIIKONGAIGSALYWWZPXDEQLSTYOBTPRNTPQBZNKFFTC 5 5311
ANFGXZYDJNMWULBRPOKCRJVRQFUBSGTUWDYEVSDSQJABWACDI 5 5359
WBZFCCFUNODXAEUXRCIAPIBEOXYBYWKLUGIEFXQLVXEYPKHUC 5 5361
DPXJOZSMYFFVYBTVNQIEIQKVXSDWBLSTMHNVRGNNSLFNYNWKL 5 5371
AHXYUSIRINZFYEAHBCBCHAFAIJJJBONJMJCSMXOPEKHXUTZGF 5 5394
KDQGYHDLZHOLMBKJCFIFBBQBFHXCYSGITGRIKNNVNWPYLWJPA 5 5400
TAUGRQCWFDQMRLQVORBCAJTAXWQXGUIUQUGDHUFSROMXLCDPH 5 5419
AWWJWSBMWREYIOQTNIMVVMWNEVSQTARBERUUJJPRUSIXPNWNG 5 5434
ORBCOZFJRGKWFLYUKFGRYTNOCSUHTMFJSCPJICUCJALKEFFIZ 5 5437
NNAOJALSYWISWDZODWAWNTPQVGGWIERGZXVXIDOWEKEIYKPJB 5 5465
FIWHJHZAJZUXHLSSKSFUZPWOGTRKTBHQFWMWRBBQNPFVLKRED 5 5474
KLPQVABENVQAKQVWQZWOXHDVCGKAMCZLXKBMEVMAMCTAGAUFU 5 5484
IFRDJOBNMPXLXVLLBTDSDAHULBSZRUPGBZOYJGTQHIMXDAKDS 5 5490
IUVKLIQIETXVIYMRUCEHGHKKUBUTHEVBVDNNVOFFMXJAMIGCI 5 5495
AHCTBVGBFAPXIQFBNGMFQYJVLGVLAPUUGLDNHBNXGRWLFQTPU 5 5509
FPUTPPGUYRJQALAZLIQKWEHYQEKBKABICBFTFXUMWMZBVUXWI 5 5529
IMOJXWCOSQZJBJRQZSRRUTAQVSHERVKVQMTVGCQOITRKXFXHH 5 5541
GWLDCMTMYPOHGDOSTOHJAVSCEMDXDHTAXYHJXNSIMXLRLUMZX 5 5557
NHFPNRJFPXRGFNTTZWFGBVVGZLUZAZUTKQZXWTNMHIXUXCRZG 5 5560
JMZQAFQNNHVDIJFSZLXOHXMBCJUWSDHTZNHESHCAJZEBYWLMD 5 5566
TCZFNNBDOPOLWOCYBBCEFXBPEJQTUETTESWTRFOFUWOTKRKOI 5 5636
ZZFHFOZTXTDDVURVHQMCYISIBQAWRDTIBEAMUFOBGPLJPXCNA 5 5636
LLGEDGEGORPBXBKDBXMGPMOHPTYMNHBBKKUYZKZGEQPNGQEFJ 5 5663
KOKEEZPTPZSHZNAVMRPPJIGMAXRLIERUAPSMQSDFLERMFBAST 5 5688
QPYJVABRGBIQYWFFFFADAQUBZESNCBXNBJDAEDEVTNOBRAZML 5 5691
MRQRSQTGTPVZCZKINOHQIZGGJCHJZOVLQCPFMFGBNMSVVOJHW 5 5708
WKTRFRXQLEGNDDLEOUFEWMYXFBZAETIJZXNYRUBQZJRNYHAXU 5 5723
BODFGDDYQTTBLXNCRQSQGVYNTNVTMIQUZICMVPXZDFABUMOLW 5 5732
CHYERASOUXOWNRMJGMHHBPKLKEBNISBNUOAEBJEAZXJDBZYCY 5 5753
RWWAOYNRZADUYPGPXLQOVZYOIPWYOONVEVTOWBAAYXGEEQHSP 5 5768
SCEQKLMFGWBACKZCQNMBDTUOWQXONDAQRTOJYCPILONFGCMLM 5 5792
QUSAUWUQCWKBKFKKSOLTRAJBEEIPGEEXGRZTWEWMIVBXAPSWY 5 5796
JEEADTCEGMIKFNPNGLMYATUGHRCTJUFGECEDFEXIVUCTEOREE 5 5808
PSUQEANXTEIOQEKSPIWQSGDODMKFHDVRMHGHWZYBFVBNBJFRY 5 5824
UEKKEVHCRWGIFSGGQRHVVEMVDIIHMIKOYNABIXFEYWMKKHDIO 5 5834
UFAWTMCYYHIFHFXPUITTIPIKOTYBIYDALBHVQCAZEISZASTAV 5 5839
YTHJKVFFQOJNKDFQAXLTVICSDMGLTCRJDIUGVSVRLHURFSDNE 5 5878
LTMKTLLAFLBGERYZNSTYVZFZMBHAIKUMDEYSGTZKGWTSUHVLA 5 5881
KMEOJOSFGYOUKEBEHQOFHKVLJFULJJYSPUXOFFGWHHKFZOSHR 5 5882
DNLZTHZKGWFPNOQHKRBMRKCIPWOFKEEFBNFSIYEVGGUSYOHAO 5 5884
GXCOVAAAPNKCOKDHDJPPMIAXSCPUVAGKAMLCJPAZJVUILVCVD 5 5921
KHJGFLKOZOBTHUEUHXLMNDXYKWBZPZNBTGQOLOQALNDDXDGJD 5 5931
BRZHQJMQMNWIPXYPBXCHSDWBHMMBOOWWDBXPXLQOLLPMFSEWH 5 5938
AHPBTJBUOVUTQGIRCBBGSDGPOTRUUCRZISSUQAZRZIECXZXYG 5 5951
TQPEBAWFZFXEKNEENVGGJHRLUFMNNOIRCFRDMSHZFKNMBWHOG 5 5951
CKYWCMZKVKLXIKVYVDWDUGMUHCUZSYJBOGXXIULYZSNESYLNC 5 5967
RXWWSWAODMIDVNDAMIUCXRORWPZKCTQMJHJNHYJXLFCJOHHTP 5 5975
YGRAMGNEXRWJRUOUWXYTTKDNMWUXKQTTAQKWPDNXFQFJFKWLZ 5 5978
ZJJYOQFXRDAPWXLDRFOALFCCYZNLMPFMGWHDSDFJDXSZBEPHT 5 5999
AZMNLRATGPYDPTECDMYPFQEMVXAEOIFBUMHAIIBUSHTBZRFHS 5 6049
DDAUUQCACLLRVRSZDKDECEOXVYGSKOIECELLDYTLCYYQLYPCW 5 6109
HGQQAAIYDAZAKZYAUIAIDGBDAZBJFKGWZHBRVDPPKVOKHVDYF 5 6111
DRUHRMAAJZXLLWJXFOLVHZDVJPLPSEXQLHBAJHGGNFVNCQLBN 5 6179
MUYXIBOQZVWYSQQNFBIIQNLMSQOOHTKJIRXUIIPKZRNOZOQAU 5 6194
XMMZQTEDHNDRXUPOXLUYXOGTALARZQQQSHATYUXRLTEYSFQFU 5 6212
MAJATVNQNUPRKKCXQPBXLEPPIRPYFVZLPBAENSLYEZPAGJODW 5 6228
QYPOEXYQABYAMDTIRXSQTUGAFCPWFDJHUJKRAPBPKYAHNWPNP 5 6251
LDGDFTFHNKYJHMNRIAISPRHYKJSFHSIGZYMDWXGAOQUCXQOJH 5 6274
XBFDWRTSCJJZHSASBOETLLGNSOXZAWMONXRACPEIYIDYVBALP 5 6297
GMUCDSELASCMGGYIKEOJTESUDXYDNAQGUPWQTCBXOPAQUZOEW 5 6327
GNOUJAJPGJAVZYZTJSIKBKPIHMAXQOGGOZRMQGUBZMYPMZQDW 5 6337
DIRZMZJEVWNBHFCUINTAMWDHAKWSKGSENQJTSRQOFCSDCTRVK 5 6358
UQUWQZCEDBPHXSLWRNFKMIIWADQWVXOYCOZOKABULCSMDSHWH 5 6367
TQHLBBGRNZCRPVXTDPDYWAXNTCQQAARQYTQXUDETNWESPUPBR 5 6381
GHPKZIBHZWXVINEOYGTHLWYJAYHUBLKJOXUANEBVRCFKZZMJR 5 6395
KHJMPMBLTACSZYIMCJQAETMVZAZANBFZIGTPHGGLWGPQEGNOR 5 6407
YMSPYASEJKCVOKUIRUFZUGRYUKDMPQEGFPJZYPUCSXGXLDUIT 5 6411
RYHVNLDWJJEUZXGXTGUIBEQHPKWFKZOPQDKIXOKHCYJLBKMLR 5 6420
LIWPSQBCYVDAKDUEOVSPCBSKEYGENYATTEWAPARIGNQIOWNXG 5 6518
LFFHXEGYPHNDZTCLMCVMECHCMCHXXSEUMLIENZYPCWPIIZTCV 5 6527
ESQHTRGJXOKJWZWHUWZZGICPXDHOKNHFTCNXDXZWJIHMFSITR 5 6563
FPDGOOFIJTZNNWIKIFAGSJVAOXOWMHCUHVAGVAKEPMUNMWVHR 5 6625
SCHJTOMSTVMULJDNEKVXSMQAXAUJQTOGXOAJCHXAESXSFDBEQ 5 6655
MQKIQVDBVSLUSOHGKPOGCIIJPJWXKUOVFGAKAPNDCOFNPMODF 5 6672
FDLEPFQTAWNGTFGVBPVSDMMQHDXYVNKFSCGSJLWLVZRIDEWEK 5 6737
UTBBHGDUWUBIMTGARXFFZMRDVJDKFVHWKXLVCJEOGVNKOKNPQ 5 6816
QZVISFGIYPHJVWEYGYZDWCJZGDDJQVJBOCMGQDKDDSBZFCXYF 5 6835
VSMBYNDSCTPDRJTXQLCXQNWRJVHKBQTGFIHOZSAPXXRFFVORT 5 6840
JINYJHLNPEJYKJNTOWXMQXJKQWUIHJRPUUWOGIKTFEAHAKBXP 5 6841
IZTZKMPXCHTPPDCPWVAADUJXDBGROHBJNMWYQMPHHHRGTANSH 5 6872
JHOGHYPOOFIHVJWSHSRETHYLKIZNNKJNUZVCFXMRQSHXWOVQS 5 6924
HZGIXGDSMZUFLVIDEUSVZOMMXCEYNCGNDIREZVJXYIEVQVFCF 5 6927
ANBPMPNVMVXRLGCSXMWSZBGZBDEUNQCCOORZWYIJFCZYWUPAP 5 6985
ZVFBCWHDFIEOKXXOPLSYCCZWTTBORTTXBWVIVSWFFGMOCZQVQ 5 7013
UZENVGMFZFNEWPYBOVWEPLRQDYIQKHQNKGCFDLEXJJVLHBBTH 5 7024
GMDUZCXQFUCBFJWGFILDOXZBLUBBHOEGISIZLJJILMSSOTNRZ 5 7057
CVCDTIIHVXCVCFFMNJMJFTNBFVVOKMCTTNREZAGKUGRXUVVHD 5 7116
WIFDRBSCXSNDTVAQZLKPQSTHXVUJKVXBLNAUOQDRFPLRYBLXY 5 7138
QRCXGDAPXGYDUHWTRTTZSGEIOWXGEDIVHZIJRMDXDBMVNIICE 5 7156
LYGZAWHSZDMKKNUHXOPTWJNVEZIKRSNGHPRGJMDUJIYQDKCMO 5 7202
KXWRJFCCSQCZKVSFCPTKKQCKZNNGHQPLFBSRWQTIIWUCGJTXY 5 7211
GUUXLPJQKFOLHRWZCCPGDRRPTBYHEVGKMHYWRZFOEKMKAGOEF 5 7307
PMNVIVDJIBRKZBOWQHUWPYGKKHVDJPICCLZENGMROQNUGAXXH 5 7318
PNCHPVOTUPQEYVUHGCJMRCHZYEYDMEWCKHDQQHJHTEBIKWEWC 5 7325
MTMBVVTDIQUCVBVAWWMXOAGKGUTLITMQLWCUUBOYOEAVYXMNY 5 7346
HVNURJEFIYFYFKUEHRRWKRNZKTESJTPBPCWZZMQAMVSDWXNND 5 7373
GPSNWYQTYXOKGYLSWIJHHFUFUQZFMMFSCGTPWYHBXSHWXMCMP 5 7438
YRKIAZEYTUECJZSCOZAXXBAUQFOHLUKXKPHVRXVISHQZGYYTO 5 7580
XLXITNQENZJUKNRTSIMRXITQGQNSNGDGLXCYVWYDEJPSWBDKX 5 7664
UNEXBVMPIMEWYCNSLIUGLIZHVSUJOTVKDFSYHLOKRGPMRDZPT 5 7676
PWMSBREHWNAEVOBXLZAVUQXQIZNIBHJEYIWEQDFYJQZLBKBBT 5 7783
SPYWEWPTMNUGHUWIJAFMMNUMQELGFOJUQBKWWHAMDZHWJOKGM 5 7827
QMZINTEKOOZEKNCOLQJIDSOUDDIJHFGEOUKTCPHNKTMCVXOVB 5 7862
DEMGIJINYYIXPFATCPBVNRRNVPTKBPUCBEZAXNAUJQWGNTFMY 5 7896
EMLUQBHPGQSIFQSCDBWKESYMSPJTRMTISMNMOFDLZRQHGWKIO 5 7943
IAKIEGCYHXWTROCBTOLXNZUTJWSXTFNRTPMGHQESNOOYUBRWW 5 8075
TRMGGEQFGBMNBNKVGJBCQDPZICGOTJSAFMZQCMLCHVDOKHMNB 5 8157
PRPCTRIQIWYPEPICBHIYDSOUVHGPVUKXVNYZVDOBSJKSXRAWZ 5 8163
WMBCAFSBATKTFJVWRKHXBRBWTHRILAKYGNJJERCYYXLVUFXFR 4 1386
CGALGZUPWYXJKLVYLMTMXUDLEIDOXSVXWKUZSWFMLTHAGBOBQ 4 1649
TGJDQWKAZSAVDSOCRMIPEQWVSJYXHWGFIMFTBENNPGDWSWXQN 4 1795
XGDUBKLGKPVAWLQPFGIQILURZYRBKCXCVBURCNMLKOKYOETFC 4 1922
BPHSFFVINWGXIPMOTUGZALBBAJZMUKMQNRYXYGGRYKMTRITWS 4 2001
TXBBXCERQRDFMQSFJZDZNACAGIEWHNSRBMSJPREGOSNDCQABN 4 2115
HECIYGENQMIRCPYSOSALTZUOFQJTEEIXOIGIWQFSMJZSKJPSV 4 2257
YMJSPQNLPJAFJZWWKEYDDHJLEYWQWUVJUDCOTBSSSCJVCRNLB 4 2264
VSJEBSSQKRKZQWTHTELAGDYAJDFGZUOWFVWIKFPCIEHWGEHGN 4 2369
TAMPTYIZXLFXYDJFKGJVTKXYBZSDVIOKZEUHAYSWAQADGZXTN 4 2488
ZAAWMQMAJXAQWUUMHKMEICYBEVVXXMSRIRKWVVFYVAFPMJAAY 4 2509
ADXTRIBKDMJKAYCNUSXQMMNMVFUGMDEUKAJAIBWKEDAOVAHTR 4 2613
EPZPWIYGDKBOMNZSDSNINSZBSQPPWINCZXAFRENWUVOKJYPGZ 4 2694
INMOOBIPCOQTCNWGDSSZKJSTCAHYAWHYWQOXLIGKXMENBAVTN 4 2756
BAPPZVATOXOHYGDFCAIZDQBPBSUTYFYVLNWKQYGTOICTBWYAN 4 2760
BUUQYEIYMVWNOIDCEUWPJFIAIVJZSORFAEFOORIPBCWOYZKSM 4 2848
TSIWTCQJTHIFGTPBPRGEUMUXDPAJIMAANGLCGCSARPDFPRQTU 4 2864
DPPIPPLMZOBTVUIKBKRRGTMGZZSLOIJIHCOMKRWZTVYCBLPLL 4 2880
TXXNWOJNYZJHJFARUXXRHFQAHCVGQNYXOKGFDGNRTWNYTZIWW 4 2882
EYMNFOUBLYYWTDHGBAAFSBATPNQJBQUKPASWIQPZSGLTHXHCI 4 2918
JEXHJKWOXRVEXWDZRSAWUSYSVKYLSVSKJZOTILNXRBXSSPCAZ 4 2920
QAULHFZIZJGTQGIZQGXTWJDSRGQPCPLDQDSDLFLCGEUIIEFVE 4 2931
BIPOVSHRCRAKBQBNSCHQWYENBXNFIVZBSHEYMKHBLPCSYMLET 4 2933
QEHXCPWMLXHQNWKBXIJWKBTXWHAISFKDMYQKRFTVWAGZJJQQP 4 2985
VTIKXBHUDHYBZGDMLLLUPQBXTUMNXQLBBHERQMTIRKKXDSHMN 4 2991
XTUYOGVBXBRZYPPTDCZLTYBNYBPPUJUYPBGWMLFXGETTUKYJB 4 2996
FUSIDVMWVIBRKUJVKWNTPBVSQCEABOSUHMKVEHOZFULWPAACZ 4 3016
IDROZIFCXDYNGPSTYXHEGHLSSTADFSRTWQFEGYJRPZXTXFICI 4 3094
FMOYEGMOQFQXDSVRFXMRFJYORFCXUOZZJUJAZMAYSPRAVFKHC 4 3098
CPIHGXWFEHMBOJTUCMZPPCZSGEJDKCPFDNQMSMDZCORMOIOZT 4 3282
HTNHBVDKCQGIPKQFDYBEMNYOYDGUBMRUYEBTOZKYOQQVFXJMU 4 3288
WJSLNXMPYJXDWNRSMPWDIAQCCLRPSCJWREANRBQAWIPYTJXBS 4 3351
FJSQCWDPXKLACWMTITLNIACMQQCOHUBHPFCPSPYCNZTTLZHOQ 4 3414
YVQNZSJDGYHGATGXCUEWYWIRGUVVCSELDFAEVBNHGNXINUCMY 4 3442
MKPZORIIIYYLNTULXZFXPMHXUKLZRCEWUXCMQZNNUSQZQFOHD 4 3443
JJIIPBAMDJQPZXPFNOGNCCPWPKSGLHOWJBCSIOQKPZTDSOVIP 4 3547
LPDUTOIQMSYPHBYWQQVWWERCCEAJNDRKIMIPANDWDUFSOWMTH 4 3553
KNGIAETKAOMLVZSFZQRTXHXKGIOEKKQJDQUSKSXLQHSTNXARE 4 3595
AKOZYNEZJDPOUIUSVEZFHKEEMUOUDVPNQOJKPXKYGXMGETKOH 4 3607
BEBHWXIELLVTLDTOYXHNJWSCBUBMEUDRJXKBFFDHJPQXENPBX 4 3622
NSVWUDNWNCJEDPYDHONYWUKLTZNUAPUXUVMTEHCLZWTPYDMPI 4 3733
WCHFHYHPZUYULYXUODQGWFYZAMYRPIHOXULOGFQSPBMSRGCTS 4 3738
VLGRPWKDHTDFFTEPNMLSENRNZKLMOVKQVCDTPPCIUQHWLZDSG 4 3746
COWNJDFZQNLPITACRYJILQGYFNPHYAJURTKHOBYDUUCUEKBNA 4 3748
WMYJBCSOTVAWRWSPBJOSVHAMKUVIFWIPFITMLWVLTVVUIBRDW 4 3781
AJZCNJOMIMEOLQZJVKWBGCRULIXIDKGZURSKPKPVONICCRQDL 4 3816
BEAUSNQNVAVWNYCQSCQUFIBMXTMMXRONWHXUERVIWMJCQKPPK 4 3853
QGPAROYDGGXZBHAQINSGNXUBFWWOGUMUECYUVCANERNDWNSPJ 4 3859
POGLAJYONXQNGZMNSWZCMDJDJDAUNZMDTZFNIIXNJVAFSMWQZ 4 3883
PAGXIFQZYFJHBTTIZBZSRITVUOOJIUUQPYKAQDDJYWECNSKCK 4 3899
OLTAZQHFCQYTQCYHFMMFBDOHLNLVZXOPAZPFDADATVCFBTIEB 4 3932
BZABIGJJJQNJPJKJZRKHTQQDTANLKRXZBRQDJEVBMGVKVEBFE 4 3991
AEWGFSXBCWRQBGOQQQJKXGCDZFQOTWHIKNKHXHKUKMGLYCAWW 4 3996
QIZJUSNBQHQXRHJQGMGKAUIKNJKBESRNKBITAQACOVFSWRCTP 4 4026
IUCQQOQEUTYQIRTSWLPERWSBOBDZLSDTFWCAOEPTRSMWYOBWM 4 4060
VXFJHKCJVPBLADGSKITGLUCADFGJZTDEWJQZHNNPWBETIVEGV 4 4068
BFFVSXRSJVQUECJZJCXCEQZTNVDOQTEOYSXSUVWVZETGQOEFN 4 4072
PCGIHSLNHTHGMWYBTBOURDZNXMVTWZTGQBAVDAIXZVUNWGMEN 4 4096
PMYJDENRLHZBAEUEEMBVSOIKGHDXFTVNPAYTRXVQHBLAULNUJ 4 4098
WTYNSGCSKYLXJOSTBWVONMGXJSMCJRMRKTRHUFEFOCCMGTSSO 4 4125
GFEKFWAUWYWDITUJAXWRRVCPCYFOCGRFIXLUWSBACDTRWPRTJ 4 4132
EYKDYDZPCYPIVAFPTLWGUHZMAZKUSEHXHVOQZYSZXTKLDAGWX 4 4147
ULGQXTZMAEMXXIXTJVOGUGULRUDIRVFMGWPQHRQXUDKYZQNRQ 4 4159
FXVZUTMFUMPVHNNHCRWVBUFLHHUWMVFKNUMZLTBHSPPFLFPQN 4 4190
JGOEVIENPQCYIUGRJWZVBDDHVWZMRAGALSFDJZWYARWQGMVUK 4 4193
XVWWRDUAMYVFKLFOWIOSFFNSSYVWHTIPOIRAMWRJQGCAOMMHR 4 4231
UFCCSUPRIUEOAVKRSCHBFVCYFVFEOJMDZWJSMCZUZJBCKNUIK 4 4249
HBRXMJDINONFVKWSRLYOPVWQWFBXZYRBNPASOMVUDTXDRSDGE 4 4250
AEIQYDUCWYIRLXVRVIWDDWBGBTBAVQIXNXHSEGMEJDTDHNMAV 4 4256
CDTYGYKAGDWJGJQFDFXADWOAFDUAFOWBXDARBGDLTSVMDZQYY 4 4277
SXVOQXZNDHXQXFDXZQRPMACGYLOSTLHWTNUOSJJOBADJAREJZ 4 4279
RZTIIATIWLGWLYEJEYOPCTMUZCXGXIKTUHHSTSYZWXVXQJTHV 4 4307
AIEJVCXKSCEWMSFAIJONJIKQQCAQZDYOGKXLPIRMDNPOMCKHQ 4 4334
GZHGBLRTITBJPSXRVOENFQJXFHPLUMDWLYVRUFVHAJJIZDCFQ 4 4365
GJYJGRAMIIILAUBPZVDRXDEUXJQZXQVBQLAIMSKTKEALLPCHQ 4 4376
ENGVQIJGQLIGCCBYVANQWDZYJJVIUHIRPSXTQEUCQZQPHPUAJ 4 4388
GEBBYMTOEOPOSNAPFKTFUHIJNHZIQHCDODOKDISJUHEVLRGXQ 4 4406
YYCKTMFGLPGDHBWWINIOLIAZQWXXLNOXAPCAKJTROQJICXATJ 4 4407
XJBEQBHTTZBQMEWHIZDLNRQIZVAYKOAKGVCAGUGXOLOPJTJDC 4 4423
YAUELXZZWLZMBUDMHECCNTQMUUOFRDATZAUOVJQEJJXHLTZYU 4 4444
NQNIQVURJPFHWQDDURMGSWTNPNOMNCLWHENXOHBSYYJHSHYLH 4 4445
XCKJLUBWTGAVGOHCATJIZKGECQNPVUPYPZDMGUEKBUATYGONB 4 4461
DKWLCUBTTCRBGJEIHZLHTDZHHSYSGDPWTVCQTZPWXPOCUOOUM 4 4465
UHYXPDOUKHWCMSIISQXKSAUWHZXNBKZXHSKIODMRRKVUGULVP 4 4553
WXXEQHUKMEWSMIOVTLWYDOXSOEHKIGACQVVAYANYKDQRLVCGK 4 4559
BJJZXRPSHNUVKMHBBLZFKWUEQRGZRBBUBRVBBRCCODIGXDJVA 4 4564
GLLCCKICJDJWRBRZQGFXIPYASDTCJTZHQWXDCMMGGDQWCFPEB 4 4581
GPBIGJLQOBLRBKJZHMENJYMCGNHQBYUJLAPPEFBZACVGFFQAZ 4 4582
UZLFHUYPTPVYJJRLPGYCDPCZZQFTJNSMGYRDCIMMZPEEEVRGN 4 4595
EALTMXPOYCDLYXNNQMUTDJWWJAADMWXSWFJBHSRVAARPSKAZJ 4 4597
WBHXHTUVDTNSZWARWXGBURBIRLSGFIWIOLPYLPGFBWEAFRTBS 4 4604
LKEHXCFUXUDHWASHZMEVHHPYIPJKQPEZVPPJFWIVDMDGXOPZA 4 4629
RNPHSVXMCBKDUPLFXHKFYNZFHRSYVGNOLGJKIKOGQEJINOXSW 4 4640
RYBPNGMZDFYFQHMNHJYQMXEWGKXIGKAKFYPKXJSUQWQAJDGBL 4 4644
MHJBZPACBFKVIUCCZZIVVKSLHJAOGYHASXHLZRHRUIDFTXAWT 4 4655
LOKFRKMGYQVACATQKKWLSHPZUAWQEWKQOJDZRQQNAAYGUNSMY 4 4753
UMFWURCISCPNVDSKXPWMIDQHSZSRAHNYQPCDLPXIECYWKKYCX 4 4758
HWDDWIHMABRHABNQPZWJUEDDCIUQJCYAHCOCRDPUDNOMCFYQW 4 4773
KRULUWQPOUKSOOODAXJFGONUBGMLPJBFQGDVAPFAPSFXLQJTW 4 4776
VDKOUWZXEULPUMDXXDWPCLSPJTETWYEPNQASNIKVXQICLKBLN 4 4804
ADYKQUQSCAMPMTLKHRVXVPDHOMISXNCPZAEROTKWALHVUJXRJ 4 4846
OKRDGWMDHVAKHPBCBRFACABWAUMOTKYDAKQTIXRROIQMFXKSG 4 4873
KBAUVDACRIWJMEELKFPRVXSKTMMMEONQDWPJAGBPWGQKRVJHM 4 4915
WZJGPJQNWABFQOFYXDTPTKTSNMMOKHYSHUDACDMGFQZLHJXSR 4 4917
WPWEPGQSMICQPDCSVYHNGMXGTXKSYRHSMTFOLHZHRPKBVEDRA 4 4935
YYBOMDFESQWHIFYGFRVRMKAUJBQZUODVHYGDEDLXEVBJIZQXH 4 4953
QOIICBZVCYKMNRIHXIMTCKPCYJFCRBYNNUBCXIBXGDXKKRYML 4 4964
SNOUDOOHEIDWYNPBMXNIGCASHIWDMNFHLQWKRBGPEUDUWFKKN 4 4979
JTKDAKTIXSCIBGCPCIXBPLADDSYQAFEPDUBECKVYQMPDWGEUG 4 4981
JIIGUVRJTWDZMUZMNGSGKQCKQMJUHWLDIESDIVZOITBZYWSRO 4 4991
TSBTIYSARQVXAGHEHGMFIBQSUQURXTUTZRZGJEOUMWMNSMLCQ 4 4993
NAQUPPFPHMBRIYKMERPRFOIWLMOJZAFIXJWJEZFADMCPPWDAR 4 5024
WGVKMOUQBJSRHKJWHMGTTNQPEIQXEFKRJZBWAUQPGSIHSHXFS 4 5048
XJBSFEFFUPHIBTJFKVCXDPEXTZIQSNAATOOQLNQBDZKFRNGOC 4 5107
AISGMATZMVIKORJFGYIGSWACRILOOIGVGWOKDOOASOMYHBUTB 4 5117
JAMTZIGSYKSQNLMOOJGZKHCALQEGUWPFTRJRZZCBUENWRBIFX 4 5144
FFMZEDAZGIOVFBJZZWIYLUSMTULGMYOSFQGEZMEXNZDGOLXGN 4 5148
UCSGOTDEJBSNHLSJMJNNOOUTQPVHJLZNFSPARFGCKOWEUOFLN 4 5174
UWVCMUGZWJBIFPBIQCIGVBPMEQWBMGNTLOLXTYPJVTTSYXNIM 4 5209
ZDYDBYAAPTAXXBWFHQLWSYPHXJJBWTHTAUFHFCBGLXYZMUSJP 4 5212
CBPABCPVOQYPOELDWCPHDZVVQTUFNRZIMKTMPIPJTJPZFTSCD 4 5261
ZWGOMIQVFHKIVKLIYQTWAXAGMVEJCDYOAUMYVLTQVWTLSCBCX 4 5317
JBUKEMLHGPGRZMXQZMNRIHLVLGRXRCLQJZDFZVVOTFEVNJGTL 4 5320
MWFCXQUKHHMIGSDJHIVPIPWUUBKPAKKYCOCFXHEDVKVROXXQL 4 5417
JPMYNKHARUUBMHRCIBOCEXWQNLUDAXWDZXKLULTADTFQNQOOG 4 5425
BWWHMQDTLFFKYSFZENMVQGZRVELWEZRQKJCLIUSCKDJSAMWUM 4 5459
UYBBYNKIKQFHSBILZKSAYYCDVSTFQFVIJCUTSKVVGVXDDCZOR 4 5463
YHVTIEBWLKLTITGPLHOFAIEFRDPHPYDBZCSQEGOAHTULLRCTK 4 5546
UEFGXYOPJBMACXSOHKANKTPECMQYEVXJOIGGGWVNKIFMJVWAR 4 5549
LGEUSCYUPNBULMSOOWGCQZKCDJUXWIVNGVHCVPHDNMEFWMLYM 4 5584
CVVTSMQJPSUIMDIEYJASBMDWPVEZNMNLCLUJLLQHQZOWZABCP 4 5585
BTZBRNUYTEJTUKIZNYXWUCOODKXADHDZOZFHZEFPUALSVMEUO 4 5594
AULQMFASNKMCLNHWUXRDXYJSHWEJOLLJIYHKISRREAZFEHUES 4 5618
GUBAAGQIHHLIQNBQPMLCELJJLOAGNHJIUNSIUZUEISIIIXXDX 4 5663
RHPERHMJNETCZEZZIQYQADWELBZHJLLKBGHTQFALQOHJLNSDI 4 5670
CEBQGSBTEDSGYKHCYBKIQDFAGXXEITLHBPQUCSLUKRNUYQOSA 4 5681
ATFWWFDGHSVLQTAFCZMUJQJBPYDTBEQZHCWWFSIDLENJVLPPG 4 5704
GOJMSIMJBMAPXMZJOPGSAVIZIAXRLGJQWQCRWEZYSJMUOSEGB 4 5720
LOTIDSGBZOAAPDCVOTRDWZQVDMLJRYJJTYXLXTWOMBQRPQZBE 4 5739
MROOUEGVKITENDMLYTBZMNLCJZARGEMKFULRAHYPBYKTHNEMB 4 5773
COHKZMVXHEOTWDNHEBWOMAJHJTUNPVLJZFOJRPHGBKNCJLSTA 4 5777
KGZNVPAAAMOGZEWZHUTDEXAYFDVPEHXYBSIHWBMJDRGDONURM 4 5787
NQCPOMMRFFGATQGNMLHRYLQETAPLNJSLKYUJYMTGFNWRJZQLI 4 5818
MUIVAZIRAUAALPKGHLZSVJQLXOEJVUDAXRCWGGUQLZJZQBTRT 4 5836
MJHSUTQBRXROKPRJUTEMFNJAAMDXNBBVUBBEWVMNYFQBGLRWL 4 5922
OIPNMXRIKRXYVDHVVQPRKLYFFLIFTRJTCQZSDNDWRKKMWIKMT 4 5959
VAIKLLOGKWZUPBJWXBIHXQXNEGWGIUXKTONLMSBFDYZVROWIN 4 5978
HQTGAFGOVJTUQIGOHDYYJKFNRPYWBTJFKHFKFMOOBAVRGWZUJ 4 5991
VCZFIVSHHHHSBVTJANYRZBZBGVYUMXLSUEXVUDKHXMXIZPPJJ 4 6002
OYNMWFOINPFPCMWBUZHNEMIWKPRELBBDAXZGVIKHUJTLBYQXB 4 6032
BCNHOHYIERXLQYIFOYNEWHZKPAGVTMFFAHJOJDILRYXUDZSEK 4 6036
ZSXZPSJXBGMKXRVNDVSLYDDJPKTVXBMQIDQALSRDUXGCBFQXU 4 6065
QYBNGBOKJRBUBCRMESSZYBUEVXDMRDTOOVORESEQCYBPZQFIT 4 6092
IBPZZFTPJGIERRXPGCOKELKRNRQYZVIUREPOCZKYCYWKOIEHW 4 6094
LDSTLKXOGDTDJGTGGITQOKLKUYDYXHVHDXODPGEHYGYUTQFAF 4 6142
MMVPAIUEZJZABDZOOMUTSEERWMLPVEWTRIRJJMVZZXBGWEEOD 4 6288
LNWQWSCWBXAHCUTZVEYVEKYUCEWRPJONFTLKCQYKJFAYMKFSX 4 6292
QALSWIRQLQQWNYWPJWRLNBEYYLAIZGMCQEQGMLDQKNPSFQWCI 4 6458
YOKKBYMLAECSDKPNIHNZQAKYGLAMFBNEMXZFIRKDDRWDFVQYB 4 6487
HRTAKFNERZUGOUNDQTAQEFMABJALEILNUDJCRLEASOVDLAXVV 4 7382
BSSCFPPGMTOYNKBWXQODBAZCDXVIURTOAXIKFQCSDDHKALZXS 3 1057
YZSXWGFELCQRCGVNWTUHBXJOVSDMXOGQPTNKNOKTFLBZGNEBH 3 1157
HTQCNJFTGGENAOBFWSOAPOZLYLIDEILDAKMGQTSYQGYUFIWVQ 3 1237
XWKOAFKXFLRHAYVESWUHRUWANLDGGMTXTRSSVGFGTLEYCHPMR 3 1324
HAFQCTZVEHIXMHQNJNUNQKEWRGJLLWQUMFXWXCAFPJXNIHUGA 3 1493
DQQWXKWWCQQHGXXQYIWJELRJSQFRFXVJLTBOGXPYXGGNWGDPZ 3 1498
IDJDFYCAYNDTABNXYUVGLNKPDTXJVFTNGJITPQAWFXJCSIIZM 3 1578
FHTRDSEXYKBSNJCZYIZTOQGUWLMQVAJGXBNUPDNCPWTTJUJAL 3 1687
QTQRJVNIGPVGDFUWNNSYZLVOWBGIULZLMCJHMGFHDPXKWMDDC 3 1742
VPTAMPVMRDDXRGVOMUJHMVEPOKHPSMIZLHWOKQHKFTDCXZNUX 3 1759
WDCUBCUKJSOXUTTOMWTMXRSBLSHHDSDYHNTJGFCTOXPKKBGRB 3 1847
SGPAODXITXMJWUBAARSQJQAHSXMBANYJBMRIVYTVOJVTMAMOX 3 1872
DZNUETADUWFGXKAMLRNMDCFRWUAKFRTPSOVOEFNVTNBGRTDOF 3 1897
FTQUMJHVRUYVLYADNOKHKKWTWEYKGJWEQTZAFZEKWZYNPOCOY 3 1915
XYUFJCWXCVLBKGXMEDDWTERXGURGYWDFSLYSSKEAJCCLUSUQB 3 1944
PANAUWYGTITEFSTNUIBZCFZLHFYWFNYARMIFKKXYMMUVJGXSR 3 2048
BNLYNFRQWRXKCZPZYXRPTSCWZEDXAYQJJZVFRYQKQMGKQOMYK 3 2077
WAWSRJFSNXXMQAQYAZCGXITEWBLVMKPLATZLARETRPQZOYPOY 3 2088
HBRBYZRFXZNHQRCKGXJMTWMECZTCMPPZZQJJWWMOQALOFXRRZ 3 2173
MYPIBIRKWXMEUAZBBWORCIWVUVFWDATYGUDRFXBGHKVQTKQOB 3 2182
SRNLPGRHDDFRWMOSWPOXTPEVEVHRLCGNKNBKKBVUVLHECSSJD 3 2315
DENCRWISGSGXXABSFQOQJJCPNDDTRSMOZZXTWYKLKEBWAEVAI 3 2329
FFPWADNGRBBIDBAWBRFYGAMULJQKKYRWXDXDJVKNDPCJVHBNI 3 2351
IGKXGOORSSPYKSFYATOWRVKGINWXFKFILUMCQAHVPXGTPPRHN 3 2370
UFJYNGYOODJLLZZUXMTEMQGSKWRBCLANJNIQPEDMEMTQKYDLH 3 2405
WTUAOISBYVJTKADAATRFFDIAEDKCZDLMHPFUHTADRQCHISEBY 3 2409
WFOXCVALNNSXNDCMANGZSGNUGLENFFCKWUIRUYKDVPQPYFQDA 3 2448
OGVLLMOYJBDVTRBYEBJBYVWNTJIPISAZYNSBNFEVKEFKRMEPC 3 2469
MPQARSSEWPYYPFQYLIHVPDHNGYUYVZUOZWKUEOGXSCNMZTJGR 3 2505
RBMOEYPIUXIYRTIWCBQMFJHLHHMXSUUKJVGXKHFNPJAWORPMU 3 2511
LIQNZAFXYVFMZDHUPPBDHKVWXVFENDHDUEGKCIWMEFXDISUZU 3 2513
IDAISGFFLBPWEBUJIDDCVTVBPPTIWWAYWZLBHAMWDBJQWFQNJ 3 2514
DHGIZHIVBNDHJRUGWBSQZYAUXVPTSQIUOAEIVCUBSPNJKZUXW 3 2531
QNKCOYXJAISNBGOLNMTYJIUWUTFHROSAHZNZZQICPRXFKEJEV 3 2587
EIQBZSPYKOBGQYENGPBLPFYXFHNZCAPYVDJBHXFGAPOTWXDBX 3 2602
DDHCXNBQBLFKCVHDBXGQFEYHVVVVRYHWHPRGHHISKOXKDRZZK 3 2615
TDAPASTOTSADIXCJXAJNNHQLPQHIRFGWBDOFGAFQFTNFRSLLF 3 2630
YVYQVICAGORKNBTCZEDQXIVHPUAAZMIUHBOSLBPUMFSRNTAIC 3 2664
BRAOBBAWAMMEKNRETKLHPEOXRRDQSLVRGHETVVPHXAHPINCXK 3 2672
VZBQPAOYQMMVNKPFDXRLHRXLPKQPVYBEIFTMBGTKTCUFGZXUT 3 2693
IWFRBRBSTHFXIMOEYFROKLOBSBRNLJMYSOXHWFDGHODZCYGGS 3 2782
KXJNVCBGFFXGPKDDNZZAPFRHRJANRITFBOUVBUAQQWJSTYHGY 3 2808
VNJFWGZODPIWQQHOZLRNXDLUMSEVWMRABLQJPHZTCLQKRMWNR 3 2838
JJAALCMSFZTAMJBALWTUXOAMLYBTATOPWJPTTIZPKIPUCNTQX 3 2840
AHNXVYHEWGLNAECJOALDZRWZYWLFWXVXYXRVAGOIRFPSILVXL 3 2886
BJJMHBHMYRSOINNSHXEDIZJVWOLTJPFKOBLOONMQACGNJFHGP 3 2906
ZYBFULCAYHOMSAMPRVLUGEMSZOTSNQRJBIWIQWTWNDNNNLDBV 3 2939
MEOWNQNJAKSNTMKITZAKGQRWRGRYIZTYIRAVWKFTLSEAKILLR 3 2972
LQIRWUNOOCLMJELIRQXPYMLFYSHRRIZJBEJNLYMGCUEGTPSOE 3 2989
TTGUAROUPRDUFFVTNTAHPNPBCJRTMJASDSPZCVEXXIXSKZLIM 3 3048
UTLPNDXFDFLHXSBIEXBRJCRKXONQSDSNITLNQOILEBZVZDFNA 3 3067
ENYFFTPXGFRDXXHHWJNQZMTSTJUPELJRQXKYOQXPEUUMGLJVA 3 3152
DOHDSUSDMVWXJUSWYSSJFPFXBIKZEMRZFNOICQWOQNUSUYPLX 3 3178
WIUDTDOZNUMKSPHWAQYCHIGQIZGVVBFUSDAICJBZARJQBFSSN 3 3204
TLOORQBJGCFJMLQJWYLWOJCPJQBZTURUUTXNXBTRQFPPFGHWI 3 3233
FRISPVYDUUXFQMICXVEDVMFAGQRKPYPGYWDRKSZSVLBCXJPTG 3 3249
MPJEHUULVINBIPIDUDZWJIPNOIJWRUKRDILZTMJKOXRQWPRME 3 3255
VWTDWXUYMDEBNIAIEZRYCCKNAOPPZTBUUBWMFHORGPIAVZBKU 3 3255
EFBEJOHTEPXGWLKDHQKVZLGBETGNAFBXCULYOHCVUQVZLZWSI 3 3260
VZGVJUAKSJDUEPNBFZEYBBHEPBDPBVRVMIAIIGVOJJGQCQUNT 3 3267
UZYGCAPYYWOBWFHLQVAWWQJPTDVXXRGSTPQSEZHWQNBJSKPNP 3 3270
ZFOIDYVSSLQWQZYOXZYEOUDTDQIYNORUYQSZFTBHWANLFMOCI 3 3323
FWGBYCXKIFZIOUZZZVWLPLLRSBHLIMQNTIDADYQNZQRDJAGYM 3 3364
KNGTLWZKZGEOJAVHGKXAETQPXPOWAUKNXPUHSRYORNKIDHBBF 3 3432
YRTSCAONBJGFOZITZNIJUMXVMJBMNCVMDDOPIHOYCERZMXRGF 3 3502
SFUIJBUYGOOMCQJPAIBJIYCIFBOXTNDWFGYGWYPSXZFRXWBVK 3 3518
VZVQLGTGOYQOPBKNJTQCNHXHNAOTYAQKSAJNNEEKHBSZUKEGK 3 3529
GFOZAWYLEDMHVJFOBKKCQROFTIBJPEBRIBTHTDHYHNSYLJTUA 3 3546
OSPUQNERLWMHEHPDMYWAGIHQLNIVSIIOTBLOHKHXCKXWZICYQ 3 3569
RFWGZLOJUDRQZVHPJJPXJQHHYXXOTZIIKBFGVHDWQKQSCFOVX 3 3630
MSOOJFOCPAWGGHZUCTUVOWGPAKXWMPMGKDGHLYQIDQOKXJWHC 3 3657
KIKHUIDLAOOPBRESJSBPJORYFFGHDHBCNOWTSBULSASTBSYGD 3 3658
FLZDAHFCRJQCZLIHNMCLOJVWZWUGEBWCXAAVQLABGZPQSWUQH 3 3660
WIRBFMMBMPRBBYHDXLQNNRMMWKDTFJKRNKUVGCHYHTPYTSMVT 3 3682
MFULNXUNDWPHWKUJJDSWNEFAMSYBXTSPEKCEWPWEGGSNOMTKA 3 3694
TYWPPHJFDMAXQOOQQQUSUHKPIOIXVCTRESICOOPAOHINXCEWN 3 3712
WXBHNIIHIIJQKKXMCJXQLBIEQPBXZVZBYYKOZJRREANUILKLS 3 3770
NOTDMBOGYHRHNUHMQNJNOVGEVUUQNUKIIOHFZBUUWXEZZJSXG 3 3774
VWVOPYWIJBTBWHBBTYRSRNYKUEMTJFOWGMWYDCNUITQLHHMBR 3 3776
TADLSCPTXXCTVKVLWTJDZBOQXFUSHLMNSXHGPWMDCJPAEWOJX 3 3780
LVAGTJCEWNVEVMSDEQXHZURKAMNNVUOVASEHPEBXZYOSBVRIK 3 3791
APGPQXTEXJHUFZGIZECKGCQBGUBLFINRSCLWULQDNYPDLJBFV 3 3796
NLQRLJTUDRJGGQPAGZXUGSRETPQOBODWIJOYOKTOIVUATHNPA 3 3808
NOOIQRPNBLDEMIVGYIFSNBIGDRVDKQVATOOLIVAIPPJMFGVKD 3 3853
SYUBTYUOEQVUOFIIXQCASJPSQWNJNYJKVBXQUSRIERQODBTAW 3 3893
KBGTYCEXAKUKOCROQABDUTAOTNEZQXWBEFVWIFWDGHAAEGWNW 3 3927
ZGSSAGVCYMFPEVAXSDMMFPKIQALZXSINSCLSXLPZQXEFCRTRL 3 3927
GATPXPMNSLGRALTVZVZLKGGEVNAJLLQJDRTUISJEIGIOVXIJL 3 3987
SDVJVNBJLJYTVXOIXBBKNLNFAYBFGSBSNJNZNHJPGUKNGFHSQ 3 4021
LKKFGKMTOSMQFGNABPKAADWBMXEXDZEQQVOAGDSUNTRUSVGFI 3 4051
MGJAXIPJKQTRPLJWLNBBTPUFHGVLWRCHSKOIPOHVNILGXEWQW 3 4104
IHWEZOTCTASDBDORZUZEBYQGFHYQWZHWRRRQGSVHOWGPGGAVG 3 4132
CGSTIPYLNCXYCADTMBDZDNUVDDQBVTIFDGPJNNFNIPRFBEOPT 3 4142
JTZSKPUOYVMHHMQCAQAEZOYTACVCQVVVTBBUGTRVSHOVUHJMD 3 4145
YBISRGVQOWKVMAKZNJCECBRDVHQAETDCVEELJNOVDEURSAMHE 3 4172
UTMVOXBHVEAYINLNOYLAAVAGHBWBIIPGNHRAFWZRCMQHPHNTW 3 4190
UDHTNDSYKIEJJNDHSVBBTVIGQLSPMELLYVPIILZIBKEWJWSXH 3 4232
JRWTBUXPIAKISETEIIPSMBDJIIFUKBIQJCMOCFJHOLOZPDIJR 3 4317
AWVSBZRHGKQZRVDHYSTAQLZOYPCVPEWGJUEFKIYZRLDAKXWPE 3 4339
FPWWUFAVVEKWVIEBWZZPHDTDQGTANVAEJHSAATNJZTQQBHWYY 3 4464
JKYVCWKFKMSYVIQBLFLENBNZUGWQAIYUFKQCVWGKXWDVDGCSW 3 4608
BLMXTMIMIWIUSFPXEKSOZQDQPCPPKJVWSMLBBUDSBIXRCVTXR 3 4649
VNCJURLQPJZEHLDJWKRCTZLDPBLEWVICNHOFSUHCFBCSKAJVB 3 4687
BTJKTODESIZEQKVBNOACJNDBDHVENFHVIWAGCAQLOUYAHOTVH 3 5050
NFDUGOACNHNRZLEHPSWQFUAGBCQCQWCPVTYPMBRFJCHCJZLVB 3 5065
JMJAMPIQFTBPJKSZDXHYRHZSCMWCJYAJLKUDCNFJYNYVHFJLT 3 5071
KYRBNNOMXZRCWVZYWTHFFYMLTZGVNBEMAPTKQIIEWVNGGTPAM 3 5083
NVRYEZBYBDOYTJXATIFVNDYHDNAOPLJAEDMYWKUESDFSZGDHR 3 5897
OCUXJYUJMQJLNKOYRDBQJVPLDZBATDDSCLLNPPWEGCXJAFHLW 2 500
IHGNTEQLYWTTHKKBMLQKXJFUUQNLAHNOGFJEUDYLWEVQCRHFP 2 592
BVRNOXDPMTUIPIYYFUILPZZDCQGRFGURQZUWMCTAJHZRTFOTK 2 709
QFPLIEVVAIOASEJPIUMWWGMHBKFDDMQXULKIACGFVYTYUKXFQ 2 811
YUXIDJUHFVZDBCMUTDEBCMBDFNLBLIKPPFIBYZSJQRPLIEJVI 2 879
GQEFBNCAXTBBZADAOYEGCGBPXRRSWGPVZETTGHNHWOAVAAZVT 2 982
KMDGPPMTVMDAZKHFROABOYSAORLXMYZUMFNKGXOUMPZKIABRS 2 1222
KWYZGCYCLLQMWNNGYRRSYJIDDNMJCARHPLXBXTIERLHELLBOG 2 1236
SYAOFDCJSNFAGRATUPWVZWIBWKXEVWEYHNWIRFNJTJYNDRZAA 2 1315
LGOUWGULGHAGGWDBVTZCSEJYPREXLTMPVLOXCDSZEFOIFJDLS 2 1351
UQRUGFNRMSADXUNBXNUWGNKWWOVLVBHWJCQTOOMREBUFYSXNG 2 1352
EMQTOMXOKQAYPBZSRLEYAJFGQRYFZACAMMUPSCNFUABODVNFQ 2 1472
LJLWHDCHDKQLEVENBKTCUTKNJNSQJSNRBZNLAFATSFNPLLGSD 2 1484
KJTEWMBOGNHMVPELJZHHNJEKEYJRRLYOGYQTDJYSLFTSHCSYH 2 1640
OJNSRMOJYSLOWYFCEUTQOJJQGFPCXWJWMAXPMECDNRPOIDPMM 2 1750
HPGDDZIBTZHUDOFUBULUFIMGEVPBAFQGHLZIYQSDMIXUNDSZK 2 1775
NUKXGBQFDLZFTUAWXYYTJZBPPZQRVQIURRYHBGVWSITCTRCZR 2 1787
WBRRZTSPDHGGWWYUSCZYEHMYYONLDRJTWMZXBACVVCVCNEZHN 2 1805
KPLRYPDRRSCQTFZGNJKQDQCXLMEDASGCERXHNVXVYLWLSSLEW 2 1815
LTBJALMLUYSOQPGCFZFUNSPXMEHXQGWPCBBYGWFYHXWPRKOLC 2 1929
KTYMWCOXUQVUEDVIBDERGLCZVPOXCBARZERGVNAUOZIHPVDTB 2 1977
ZBTUWGGYAIDULEKMMNENABYWRWPZCSATUDUNKOHHGDXRZOUWX 2 1980
BWTQQZYGCROCESFCSVVXZHJGIYMOMTCNWLCDPOMWWGHHDRRME 2 2037
FWRDTKCMMXYDQEXZKDLZWTONKKMYSXMKAUGODFKYMFKYUVNIB 2 2062
QJFITPXEBKLQNHLFNNOJPAQZNZWLYVBEJPXTKWRHFDMDOJZQS 2 2125
NXIUHSWQDRJPRUZBWTHMPJPXTEHFEWKREICJNFKRDHJRPKRYH 2 2134
LAQZHFFTXHXKKMIBBXEJDBRAXPVXMPTIDCJEGWEEFWANAFSIP 2 2157
USVXMPVUTITDREUNLPAEONBWJXYFQJBNQXONYUZPKXJHMHPRR 2 2204
PNOIIILLKZDVMCGFILHXKKHVWYQRZZCGLDVZOHNUPLPIFEMCN 2 2297
PCZPZRQXIHLPBZLAXHOUEIUHJVWAHECDQZXIOVOMBITETYAFG 2 2312
IHIYBSCSMJJMCDUBHRXSMRILLHVIASXOUKCIEIOTTQNSBIESM 2 2334
BNGLJABIHEXPHLEUTQNGSHPVZXXWKGKDGVTEEGHWDZPHPDVMM 2 2451
LNBYAQJHCSPFJKTAYLSNOWHGNRTFKWHNUIAHOXKHTGIATWGDX 2 2473
WXFXVAKNPJCJICQWPLJWWGKAFWKMJHZQDPLQNIDJVFUTMBMZX 2 2548
MOYPJPEWJQJNNDMUAGRBUIRLKZHOCCUIIWSSARNSGCVNLDUMW 2 2608
VFGELVWEXYQZBYPLQXLTVGCNGSBNEUKPVXOXFGZMJHHNPXZHB 2 2630
PXHDNKNKXPKFBEDEBJDZDZNUQNYVZUAMIOCJCXZCKWAFXNCFD 2 2631
ZTZIXKYJVPOYKHEXEQWFAXHJBRTTKMBRYLOBFIKVRCDVYDZJK 2 2658
PEFIBMQCLLAHTQVSEZAQIVAUBFXRPQUUFSDILTFNBUWFKOIHX 2 2672
WEGYCXRLLNSFCLIZEJZKUJQBTGFXLJIXCHZDSLQQAQAVJIFUR 2 2672
CPKTRVQYDOXRNAWBWLXLYZIXPLCWBHLNHPSWRGFQLMGCDYVTN 2 2800
WZIVEAZYWEPFSFDPAVKVAVNZONKKSVTCOPLWYRXJJKYJSBGMJ 2 2931
IRSIQVVSICBKPNZHNOPLRWBNGZDHNLTGOSYJIYAGWBNYCINKZ 2 2991
BGBHAIQCZMSSYGXHMRMZCUCVSQHTKAYBJPNEJSHYUKNITTWKG 2 2999
NUMXWHDFLUFYOYBNRHQSIZVMISTVGSWOBAWNNEDFOWNOKHEEQ 2 3039
PXMQHLQLXJYRUCLCPMYLCJJQWJNIIWCGJUGTAZYHUSCZCDWCP 2 3064
XUOGEYEHMWPEHVARQICBILXVUPEMTZALHSONVHNFRXCWJGCJD 2 3297
PEXOPKRJPWIWIRJOVMKNCHEVUDFVLJTOINZYLFVRMMUEZLPFM 2 3353
UNHMJQRYPDHYGWRGJSTCLIIIFFAQUZAZZJDXWUZOXODDHDHFR 2 3527
PMMSQJRDYWALQYDCHQKZSOLKFCZZOBWWNTKHDWVEFCFHNGCGY 2 3780
WMYKKYVZZCHSRJMSABXPHJFVIAPURIVPFGKICJHLLFFBONUSW 1 336
XYDYREPGFWNILVUPNRLODXSDREPUCHCYJMATVDCHGGJOWDMDM 1 372
JBVKHBGVMSVOMDZYWRZBHHJSSMBKLUHZJXEFPUKETAFQWHOFF 1 375
NIDVMIOSRUCNIFIXCROHTBTMJPKYWDNOHIKNDOIBIINLAPXJY 1 461
DUSAQXHDRGVSHVHASEGPYSSNRYDLYDSUWXHOAAKDHTDLJPKSG 1 801
ZMMXLNWKUOVZGLQOULWLSVFQXDHQBISOIDBSSDPHUEYOOCDCS 1 950
KYQHMCJACYVGVRUNEVPFOVSEXNJXHJDGQJRVDJIGYSIAXCXLV 1 1299
UXGKSGDWXOBOZQTVBZRATFUTUQVDBTYBYSPAKNUMIWQTRLFVH 1 1349
UGEBFNKTNKKLZYOFWZAZAODHKWLEIYYPPBWNSQNKWDEVXVFAI 1 1585
KBBFPRKMSJQBUEYQZNCJZFLVGRQILOMZYGSXGYJKWWBCFGGIR 1 1616
RWBFNTBYOTXHFAXWTLZWUUJHKCNHTTBLKQXFXHSUCVWFEQKED 1 1720
YBEMQGYMFJZSQVJRNBIJOUPXPGAIDFBMWYVEIXHTQHYYCAPYG 1 1980
HUUOZZATQFBYRRYXRIQAUIWDOFBUFSJMWNJXPIZXRVCNCFIVJ 0 0
