Haruhi go first.
Haruhi go secondary.
Haruhi go first.
Haruhi go secondary.
Haruhi go first.
Haruhi go secondary.
Haruhi go first.
Haruhi go first.
Haruhi go secondary.
Haruhi go first.
Haruhi go secondary.
Haruhi go first.
Haruhi go secondary.
Haruhi go first.
Haruhi go secondary.
Haruhi go first.
Haruhi go secondary.
Haruhi go first.
Haruhi go secondary.
Haruhi go first.
Haruhi go first.
Haruhi go first.
Haruhi go first.
Haruhi go secondary.
Haruhi go first.
Haruhi go first.
Haruhi go first.
Haruhi go first.
Haruhi go secondary.
Haruhi go first.
Haruhi go first.
Haruhi go first.
Haruhi go secondary.
Haruhi go first.
Haruhi go first.
Haruhi go first.
Haruhi go secondary.
Haruhi go first.
Haruhi go secondary.
Haruhi go first.
Haruhi go first.
Haruhi go secondary.
Haruhi go first.
Haruhi go first.
Haruhi go secondary.
Haruhi go first.
Haruhi go secondary.
Haruhi go first.
Haruhi go first.
Haruhi go first.
Haruhi go first.
Haruhi go first.
Haruhi go first.
Haruhi go first.
Haruhi go first.
Haruhi go secondary.
Haruhi go first.
Haruhi go secondary.
Haruhi go first.
Haruhi go secondary.
Haruhi go first.
Haruhi go first.
Haruhi go first.
Haruhi go first.
Haruhi go secondary.
Haruhi go first.
Haruhi go secondary.
Haruhi go first.
Haruhi go secondary.
Haruhi go first.
Haruhi go secondary.
Haruhi go first.
Haruhi go secondary.
Haruhi go first.
Haruhi go secondary.
Haruhi go first.
Haruhi go first.
Haruhi go secondary.
Haruhi go first.
Haruhi go secondary.
Haruhi go first.
Haruhi go secondary.
Haruhi go first.
Haruhi go secondary.
Haruhi go first.
Haruhi go first.
Haruhi go first.
Haruhi go secondary.
Haruhi go first.
Haruhi go secondary.
Haruhi go first.
Haruhi go first.
Haruhi go secondary.
Haruhi go first.
Haruhi go secondary.
Haruhi go first.
Haruhi go secondary.
Haruhi go first.
Haruhi go secondary.
Haruhi go first.
Haruhi go first.
Haruhi go secondary.
Haruhi go first.
Haruhi go secondary.
Haruhi go first.
Haruhi go first.
Haruhi go first.
Haruhi go secondary.
Haruhi go first.
Haruhi go secondary.
Haruhi go first.
Haruhi go secondary.
Haruhi go first.
Haruhi go first.
Haruhi go secondary.
Haruhi go first.
Haruhi go secondary.
Haruhi go first.
Haruhi go secondary.
Haruhi go first.
Haruhi go secondary.
Haruhi go first.
Haruhi go first.
Haruhi go first.
Haruhi go first.
Haruhi go secondary.
Haruhi go first.
Haruhi go first.
Haruhi go secondary.
Haruhi go first.
Haruhi go first.
Haruhi go secondary.
Haruhi go first.
Haruhi go first.
Haruhi go secondary.
Haruhi go first.
Haruhi go first.
Haruhi go secondary.
Haruhi go first.
Haruhi go secondary.
Haruhi go first.
Haruhi go first.
Haruhi go secondary.
Haruhi go first.
Haruhi go first.
Haruhi go first.
Haruhi go first.
Haruhi go secondary.
Haruhi go first.
Haruhi go secondary.
Haruhi go first.
Haruhi go secondary.
Haruhi go first.
Haruhi go first.
Haruhi go secondary.
Haruhi go first.
Haruhi go secondary.
Haruhi go first.
Haruhi go secondary.
Haruhi go first.
Haruhi go first.
Haruhi go secondary.
Haruhi go first.
Haruhi go secondary.
Haruhi go first.
Haruhi go first.
Haruhi go first.
Haruhi go first.
Haruhi go first.
Haruhi go first.
Haruhi go secondary.
Haruhi go first.
Haruhi go secondary.
Haruhi go first.
Haruhi go secondary.
Haruhi go first.
Haruhi go secondary.
Haruhi go first.
Haruhi go secondary.
Haruhi go first.
Haruhi go secondary.
Haruhi go first.
Haruhi go first.
Haruhi go secondary.
Haruhi go first.
Haruhi go first.
Haruhi go first.
Haruhi go first.
Haruhi go secondary.
Haruhi go first.
Haruhi go secondary.
Haruhi go first.
Haruhi go first.
Haruhi go secondary.
Haruhi go first.
Haruhi go secondary.
Haruhi go first.
Haruhi go secondary.
Haruhi go first.
Haruhi go secondary.
Haruhi go first.
Haruhi go secondary.
Haruhi go first.
Haruhi go first.
Haruhi go first.
Haruhi go first.
Haruhi go first.
Haruhi go secondary.
Haruhi go first.
Haruhi go secondary.
Haruhi go first.
Haruhi go secondary.
Haruhi go first.
Haruhi go secondary.
Haruhi go first.
Haruhi go secondary.
Haruhi go first.
Haruhi go secondary.
Haruhi go first.
Haruhi go secondary.
Haruhi go first.
Haruhi go first.
Haruhi go first.
Haruhi go secondary.
Haruhi go first.
Haruhi go first.
Haruhi go first.
Haruhi go first.
Haruhi go first.
Haruhi go first.
Haruhi go secondary.
Haruhi go first.
Haruhi go first.
Haruhi go first.
Haruhi go secondary.
Haruhi go first.
Haruhi go first.
Haruhi go first.
Haruhi go first.
Haruhi go secondary.
Haruhi go first.
Haruhi go secondary.
Haruhi go first.
Haruhi go first.
Haruhi go first.
Haruhi go secondary.
Haruhi go first.
Haruhi go first.
Haruhi go secondary.
Haruhi go first.
Haruhi go first.
Haruhi go secondary.
Haruhi go first.
Haruhi go secondary.
Haruhi go first.
Haruhi go first.
Haruhi go first.
Haruhi go secondary.
Haruhi go first.
Haruhi go first.
Haruhi go secondary.
Haruhi go first.
Haruhi go secondary.
Haruhi go first.
Haruhi go first.
Haruhi go first.
Haruhi go first.
Haruhi go secondary.
Haruhi go first.
Haruhi go first.
Haruhi go first.
Haruhi go first.
Haruhi go secondary.
Haruhi go first.
Haruhi go secondary.
Haruhi go first.
Haruhi go secondary.
Haruhi go first.
Haruhi go first.
Haruhi go first.
Haruhi go first.
Haruhi go first.
Haruhi go secondary.
Haruhi go first.
Haruhi go secondary.
Haruhi go first.
Haruhi go secondary.
Haruhi go first.
Haruhi go secondary.
Haruhi go first.
Haruhi go secondary.
Haruhi go first.
Haruhi go first.
Haruhi go secondary.
Haruhi go first.
Haruhi go secondary.
Haruhi go first.
Haruhi go secondary.
Haruhi go first.
Haruhi go secondary.
Haruhi go first.
Haruhi go secondary.
Haruhi go first.
Haruhi go secondary.
Haruhi go first.
Haruhi go first.
Haruhi go secondary.
Haruhi go first.
Haruhi go first.
Haruhi go secondary.
Haruhi go first.
Haruhi go secondary.
Haruhi go first.
Haruhi go secondary.
Haruhi go first.
Haruhi go first.
Haruhi go secondary.
Haruhi go first.
Haruhi go first.
Haruhi go secondary.
Haruhi go first.
Haruhi go first.
Haruhi go first.
Haruhi go secondary.
Haruhi go first.
Haruhi go secondary.
Haruhi go first.
Haruhi go first.
Haruhi go secondary.
Haruhi go first.
Haruhi go secondary.
Haruhi go first.
Haruhi go secondary.
Haruhi go first.
Haruhi go first.
Haruhi go first.
Haruhi go secondary.
Haruhi go first.
Haruhi go first.
Haruhi go secondary.
Haruhi go first.
Haruhi go first.
Haruhi go secondary.
Haruhi go first.
Haruhi go first.
Haruhi go secondary.
Haruhi go first.
Haruhi go secondary.
Haruhi go first.
Haruhi go secondary.
Haruhi go first.
Haruhi go first.
Haruhi go secondary.
Haruhi go first.
Haruhi go secondary.
Haruhi go first.
Haruhi go first.
Haruhi go first.
Haruhi go first.
Haruhi go secondary.
Haruhi go first.
Haruhi go first.
Haruhi go first.
Haruhi go first.
Haruhi go first.
Haruhi go secondary.
Haruhi go first.
Haruhi go secondary.
Haruhi go first.
Haruhi go first.
Haruhi go secondary.
Haruhi go first.
Haruhi go secondary.
Haruhi go first.
Haruhi go first.
Haruhi go first.
Haruhi go first.
Haruhi go secondary.
Haruhi go first.
Haruhi go first.
Haruhi go first.
Haruhi go first.
Haruhi go first.
Haruhi go secondary.
Haruhi go first.
Haruhi go secondary.
Haruhi go first.
Haruhi go secondary.
Haruhi go first.
Haruhi go first.
Haruhi go first.
Haruhi go first.
Haruhi go secondary.
Haruhi go first.
Haruhi go secondary.
Haruhi go first.
Haruhi go secondary.
Haruhi go first.
Haruhi go secondary.
Haruhi go first.
Haruhi go first.
Haruhi go secondary.
Haruhi go first.
Haruhi go first.
Haruhi go first.
Haruhi go first.
Haruhi go secondary.
Haruhi go first.
Haruhi go secondary.
Haruhi go first.
Haruhi go first.
Haruhi go secondary.
Haruhi go first.
Haruhi go secondary.
Haruhi go first.
Haruhi go secondary.
Haruhi go first.
Haruhi go first.
Haruhi go secondary.
Haruhi go first.
Haruhi go secondary.
Haruhi go first.
Haruhi go secondary.
Haruhi go first.
Haruhi go secondary.
Haruhi go first.
Haruhi go first.
Haruhi go first.
Haruhi go secondary.
Haruhi go first.
Haruhi go secondary.
Haruhi go first.
Haruhi go first.
Haruhi go secondary.
Haruhi go first.
Haruhi go secondary.
Haruhi go first.
Haruhi go first.
Haruhi go secondary.
Haruhi go first.
Haruhi go secondary.
Haruhi go first.
Haruhi go first.
Haruhi go first.
Haruhi go first.
Haruhi go first.
Haruhi go first.
Haruhi go secondary.
Haruhi go first.
Haruhi go secondary.
Haruhi go first.
Haruhi go first.
Haruhi go first.
Haruhi go first.
Haruhi go first.
Haruhi go secondary.
Haruhi go first.
Haruhi go secondary.
Haruhi go first.
Haruhi go secondary.
Haruhi go first.
Haruhi go first.
Haruhi go first.
Haruhi go secondary.
Haruhi go first.
Haruhi go first.
Haruhi go first.
Haruhi go first.
Haruhi go first.
Haruhi go secondary.
Haruhi go first.
Haruhi go first.
Haruhi go secondary.
Haruhi go first.
Haruhi go secondary.
Haruhi go first.
Haruhi go secondary.
Haruhi go first.
Haruhi go secondary.
Haruhi go first.
Haruhi go secondary.
Haruhi go first.
Haruhi go first.
Haruhi go secondary.
Haruhi go first.
Haruhi go first.
Haruhi go first.
Haruhi go first.
Haruhi go secondary.
Haruhi go first.
Haruhi go secondary.
Haruhi go first.
Haruhi go secondary.
Haruhi go first.
Haruhi go first.
Haruhi go secondary.
Haruhi go first.
Haruhi go secondary.
Haruhi go first.
Haruhi go first.
Haruhi go first.
Haruhi go secondary.
Haruhi go first.
Haruhi go secondary.
Haruhi go first.
Haruhi go secondary.
Haruhi go first.
Haruhi go secondary.
Haruhi go first.
Haruhi go first.
Haruhi go secondary.
Haruhi go first.
Haruhi go secondary.
Haruhi go first.
Haruhi go secondary.
Haruhi go first.
Haruhi go secondary.
Haruhi go first.
Haruhi go first.
Haruhi go secondary.
Haruhi go first.
Haruhi go secondary.
Haruhi go first.
Haruhi go secondary.
Haruhi go first.
Haruhi go first.
Haruhi go first.
Haruhi go first.
Haruhi go secondary.
Haruhi go first.
Haruhi go secondary.
Haruhi go first.
Haruhi go secondary.
Haruhi go first.
Haruhi go secondary.
Haruhi go first.
Haruhi go first.
Haruhi go first.
Haruhi go secondary.
Haruhi go first.
Haruhi go first.
Haruhi go secondary.
Haruhi go first.
Haruhi go first.
Haruhi go first.
Haruhi go secondary.
Haruhi go first.
Haruhi go secondary.
Haruhi go first.
Haruhi go first.
Haruhi go secondary.
Haruhi go first.
Haruhi go secondary.
Haruhi go first.
Haruhi go first.
Haruhi go secondary.
Haruhi go first.
Haruhi go secondary.
Haruhi go first.
Haruhi go first.
Haruhi go secondary.
Haruhi go first.
Haruhi go secondary.
Haruhi go first.
Haruhi go secondary.
Haruhi go first.
Haruhi go first.
Haruhi go secondary.
Haruhi go first.
Haruhi go secondary.
Haruhi go first.
Haruhi go secondary.
Haruhi go first.
Haruhi go first.
Haruhi go secondary.
Haruhi go first.
Haruhi go secondary.
Haruhi go first.
Haruhi go first.
Haruhi go secondary.
Haruhi go first.
Haruhi go secondary.
Haruhi go first.
Haruhi go secondary.
Haruhi go first.
Haruhi go secondary.
Haruhi go first.
Haruhi go first.
Haruhi go secondary.
Haruhi go first.
Haruhi go secondary.
Haruhi go first.
Haruhi go first.
Haruhi go secondary.
Haruhi go first.
Haruhi go first.
Haruhi go first.
Haruhi go first.
Haruhi go first.
Haruhi go secondary.
Haruhi go first.
Haruhi go first.
Haruhi go secondary.
Haruhi go first.
Haruhi go secondary.
Haruhi go first.
Haruhi go first.
Haruhi go secondary.
Haruhi go first.
Haruhi go first.
Haruhi go secondary.
Haruhi go first.
Haruhi go first.
Haruhi go first.
Haruhi go first.
Haruhi go first.
Haruhi go first.
Haruhi go first.
Haruhi go first.
Haruhi go first.
Haruhi go first.
Haruhi go first.
Haruhi go first.
Haruhi go secondary.
Haruhi go first.
Haruhi go secondary.
Haruhi go first.
Haruhi go first.
Haruhi go secondary.
Haruhi go first.
Haruhi go first.
Haruhi go secondary.
Haruhi go first.
Haruhi go secondary.
Haruhi go first.
Haruhi go first.
Haruhi go first.
Haruhi go secondary.
Haruhi go first.
Haruhi go first.
Haruhi go first.
Haruhi go first.
Haruhi go secondary.
Haruhi go first.
Haruhi go first.
Haruhi go secondary.
Haruhi go first.
Haruhi go secondary.
Haruhi go first.
Haruhi go secondary.
Haruhi go first.
Haruhi go secondary.
Haruhi go first.
Haruhi go secondary.
Haruhi go first.
Haruhi go first.
Haruhi go first.
Haruhi go secondary.
Haruhi go first.
Haruhi go secondary.
Haruhi go first.
Haruhi go first.
Haruhi go secondary.
Haruhi go first.
Haruhi go secondary.
Haruhi go first.
Haruhi go first.
Haruhi go first.
Haruhi go first.
Haruhi go first.
Haruhi go secondary.
Haruhi go first.
Haruhi go secondary.
Haruhi go first.
Haruhi go secondary.
Haruhi go first.
Haruhi go secondary.
Haruhi go first.
Haruhi go secondary.
Haruhi go first.
Haruhi go first.
Haruhi go secondary.
Haruhi go first.
Haruhi go first.
Haruhi go secondary.
Haruhi go first.
Haruhi go first.
Haruhi go first.
Haruhi go first.
Haruhi go first.
Haruhi go first.
Haruhi go secondary.
Haruhi go first.
Haruhi go first.
Haruhi go first.
Haruhi go first.
Haruhi go secondary.
Haruhi go first.
Haruhi go secondary.
Haruhi go first.
Haruhi go secondary.
Haruhi go first.
Haruhi go secondary.
Haruhi go first.
Haruhi go first.
Haruhi go secondary.
Haruhi go first.
Haruhi go secondary.
Haruhi go first.
Haruhi go secondary.
Haruhi go first.
Haruhi go first.
Haruhi go first.
Haruhi go secondary.
Haruhi go first.
Haruhi go first.
Haruhi go first.
Haruhi go first.
Haruhi go first.
Haruhi go first.
Haruhi go first.
Haruhi go first.
Haruhi go first.
Haruhi go first.
Haruhi go first.
Haruhi go first.
Haruhi go secondary.
Haruhi go first.
Haruhi go secondary.
Haruhi go first.
Haruhi go first.
Haruhi go secondary.
Haruhi go first.
Haruhi go secondary.
Haruhi go first.
Haruhi go first.
Haruhi go first.
Haruhi go first.
Haruhi go first.
Haruhi go first.
Haruhi go first.
Haruhi go first.
Haruhi go first.
Haruhi go secondary.
Haruhi go first.
Haruhi go secondary.
Haruhi go first.
Haruhi go first.
Haruhi go first.
Haruhi go secondary.
Haruhi go first.
Haruhi go secondary.
Haruhi go first.
Haruhi go first.
Haruhi go secondary.
Haruhi go first.
Haruhi go first.
Haruhi go first.
Haruhi go first.
Haruhi go secondary.
Haruhi go first.
Haruhi go first.
Haruhi go secondary.
Haruhi go first.
Haruhi go secondary.
Haruhi go first.
Haruhi go secondary.
Haruhi go first.
Haruhi go secondary.
Haruhi go first.
Haruhi go secondary.
Haruhi go first.
Haruhi go first.
Haruhi go secondary.
Haruhi go first.
Haruhi go first.
Haruhi go secondary.
Haruhi go first.
Haruhi go first.
Haruhi go first.
Haruhi go secondary.
Haruhi go first.
Haruhi go first.
Haruhi go secondary.
Haruhi go first.
Haruhi go first.
Haruhi go first.
Haruhi go first.
Haruhi go first.
Haruhi go secondary.
Haruhi go first.
Haruhi go secondary.
Haruhi go first.
Haruhi go first.
Haruhi go secondary.
Haruhi go first.
Haruhi go secondary.
Haruhi go first.
Haruhi go first.
Haruhi go secondary.
Haruhi go first.
Haruhi go secondary.
Haruhi go first.
Haruhi go first.
Haruhi go secondary.
Haruhi go first.
Haruhi go first.
Haruhi go first.
Haruhi go secondary.
Haruhi go first.
Haruhi go secondary.
Haruhi go first.
Haruhi go first.
Haruhi go first.
Haruhi go first.
Haruhi go secondary.
Haruhi go first.
Haruhi go secondary.
Haruhi go first.
Haruhi go first.
Haruhi go first.
Haruhi go first.
Haruhi go first.
Haruhi go first.
Haruhi go first.
Haruhi go secondary.
Haruhi go first.
Haruhi go secondary.
Haruhi go first.
Haruhi go secondary.
Haruhi go first.
Haruhi go first.
Haruhi go secondary.
Haruhi go first.
Haruhi go first.
Haruhi go secondary.
Haruhi go first.
Haruhi go secondary.
Haruhi go first.
Haruhi go first.
Haruhi go first.
Haruhi go first.
Haruhi go first.
Haruhi go secondary.
Haruhi go first.
Haruhi go first.
Haruhi go secondary.
Haruhi go first.
Haruhi go first.
Haruhi go secondary.
Haruhi go first.
Haruhi go secondary.
Haruhi go first.
Haruhi go secondary.
Haruhi go first.
Haruhi go secondary.
Haruhi go first.
Haruhi go first.
Haruhi go first.
Haruhi go secondary.
Haruhi go first.
Haruhi go secondary.
Haruhi go first.
Haruhi go secondary.
Haruhi go first.
Haruhi go first.
Haruhi go first.
Haruhi go first.
Haruhi go secondary.
Haruhi go first.
Haruhi go first.
Haruhi go secondary.
Haruhi go first.
Haruhi go secondary.
Haruhi go first.
Haruhi go first.
Haruhi go secondary.
Haruhi go first.
Haruhi go secondary.
Haruhi go first.
Haruhi go first.
Haruhi go first.
Haruhi go secondary.
Haruhi go first.
Haruhi go first.
Haruhi go first.
Haruhi go first.
Haruhi go first.
Haruhi go first.
Haruhi go first.
Haruhi go first.
Haruhi go secondary.
Haruhi go first.
Haruhi go first.
Haruhi go secondary.
Haruhi go first.
Haruhi go secondary.
Haruhi go first.
Haruhi go first.
Haruhi go secondary.
Haruhi go first.
Haruhi go secondary.
Haruhi go first.
Haruhi go secondary.
Haruhi go first.
Haruhi go first.
Haruhi go secondary.
Haruhi go first.
Haruhi go first.
Haruhi go secondary.
Haruhi go first.
Haruhi go secondary.
Haruhi go first.
Haruhi go secondary.
Haruhi go first.
Haruhi go secondary.
Haruhi go first.
Haruhi go secondary.
Haruhi go first.
Haruhi go first.
Haruhi go first.
Haruhi go first.
Haruhi go first.
Haruhi go secondary.
Haruhi go first.
Haruhi go first.
Haruhi go secondary.
Haruhi go first.
Haruhi go secondary.
Haruhi go first.
Haruhi go first.
Haruhi go first.
Haruhi go first.
Haruhi go first.
Haruhi go secondary.
Haruhi go first.
Haruhi go first.
Haruhi go first.
Haruhi go first.
Haruhi go secondary.
Haruhi go first.
Haruhi go first.
Haruhi go secondary.
Haruhi go first.
Haruhi go secondary.
Haruhi go first.
Haruhi go secondary.
Haruhi go first.
Haruhi go first.
Haruhi go first.
Haruhi go first.
Haruhi go secondary.
Haruhi go first.
Haruhi go first.
Haruhi go first.
Haruhi go secondary.
Haruhi go first.
Haruhi go secondary.
Haruhi go first.
Haruhi go secondary.
Haruhi go first.
Haruhi go first.
Haruhi go secondary.
Haruhi go first.
Haruhi go secondary.
Haruhi go first.
Haruhi go secondary.
Haruhi go first.
Haruhi go first.
Haruhi go first.
Haruhi go first.
Haruhi go first.
Haruhi go first.
Haruhi go secondary.
Haruhi go first.
Haruhi go first.
Haruhi go first.
Haruhi go first.
Haruhi go first.
Haruhi go first.
Haruhi go secondary.
Haruhi go first.
Haruhi go secondary.
Haruhi go first.
Haruhi go secondary.
Haruhi go first.
Haruhi go first.
Haruhi go first.
Haruhi go secondary.
Haruhi go first.
Haruhi go secondary.
Haruhi go first.
Haruhi go secondary.
Haruhi go first.
Haruhi go first.
Haruhi go secondary.
Haruhi go first.
Haruhi go first.
Haruhi go secondary.
Haruhi go first.
Haruhi go secondary.
Haruhi go first.
Haruhi go first.
Haruhi go first.
Haruhi go secondary.
Haruhi go first.
Haruhi go first.
Haruhi go first.
Haruhi go secondary.
Haruhi go first.
Haruhi go secondary.
Haruhi go first.
Haruhi go secondary.
Haruhi go first.
Haruhi go secondary.
Haruhi go first.
Haruhi go secondary.
Haruhi go first.
Haruhi go first.
Haruhi go secondary.
Haruhi go first.
Haruhi go secondary.
Haruhi go first.
Haruhi go first.
Haruhi go first.
Haruhi go first.
Haruhi go secondary.
Haruhi go first.
Haruhi go secondary.
Haruhi go first.
Haruhi go secondary.
Haruhi go first.
Haruhi go first.
Haruhi go secondary.
Haruhi go first.
Haruhi go first.
Haruhi go first.
Haruhi go first.
Haruhi go secondary.
Haruhi go first.
Haruhi go first.
Haruhi go first.
Haruhi go first.
Haruhi go secondary.
Haruhi go first.
Haruhi go secondary.
Haruhi go first.
Haruhi go secondary.
Haruhi go first.
Haruhi go secondary.
Haruhi go first.
Haruhi go secondary.
Haruhi go first.
Haruhi go secondary.
Haruhi go first.
Haruhi go first.
Haruhi go first.
Haruhi go first.
Haruhi go secondary.
Haruhi go first.
Haruhi go first.
Haruhi go secondary.
Haruhi go first.
Haruhi go secondary.
Haruhi go first.
Haruhi go secondary.
Haruhi go first.
Haruhi go first.
Haruhi go secondary.
Haruhi go first.
Haruhi go secondary.
Haruhi go first.
Haruhi go first.
Haruhi go first.
Haruhi go secondary.
Haruhi go first.
Haruhi go secondary.
Haruhi go first.
Haruhi go first.
Haruhi go first.
Haruhi go first.
Haruhi go secondary.
Haruhi go first.
Haruhi go first.
Haruhi go secondary.
Haruhi go first.
Haruhi go secondary.
Haruhi go first.
Haruhi go secondary.
Haruhi go first.
Haruhi go first.
Haruhi go first.
Haruhi go first.
Haruhi go first.
Haruhi go first.
Haruhi go secondary.
Haruhi go first.
Haruhi go secondary.
Haruhi go first.
Haruhi go first.
Haruhi go first.
Haruhi go secondary.
Haruhi go first.
Haruhi go secondary.
Haruhi go first.
Haruhi go first.
Haruhi go first.
Haruhi go first.
Haruhi go secondary.
Haruhi go first.
Haruhi go first.
Haruhi go secondary.
Haruhi go first.
Haruhi go first.
Haruhi go secondary.
Haruhi go first.
Haruhi go first.
Haruhi go first.
Haruhi go secondary.
Haruhi go first.
Haruhi go secondary.
Haruhi go first.
Haruhi go secondary.
Haruhi go first.
Haruhi go first.
Haruhi go first.
Haruhi go first.
Haruhi go first.
Haruhi go first.
Haruhi go secondary.
Haruhi go first.
Haruhi go first.
Haruhi go first.
Haruhi go secondary.
Haruhi go first.
Haruhi go secondary.
Haruhi go first.
Haruhi go first.
Haruhi go secondary.
Haruhi go first.
Haruhi go first.
Haruhi go secondary.
Haruhi go first.
Haruhi go first.
Haruhi go secondary.
Haruhi go first.
Haruhi go first.
Haruhi go secondary.
Haruhi go first.
Haruhi go first.
Haruhi go secondary.
Haruhi go first.
Haruhi go secondary.
Haruhi go first.
Haruhi go first.
Haruhi go secondary.
Haruhi go first.
Haruhi go secondary.
Haruhi go first.
Haruhi go first.
Haruhi go first.
Haruhi go first.
Haruhi go first.
Haruhi go first.
Haruhi go first.
Haruhi go first.
Haruhi go first.
Haruhi go secondary.
Haruhi go first.
Haruhi go first.
Haruhi go secondary.
Haruhi go first.
Haruhi go secondary.
Haruhi go first.
Haruhi go first.
Haruhi go first.
Haruhi go secondary.
Haruhi go first.
Haruhi go first.
Haruhi go first.
Haruhi go secondary.
Haruhi go first.
Haruhi go secondary.
Haruhi go first.
Haruhi go first.
Haruhi go first.
Haruhi go first.
Haruhi go first.
Haruhi go secondary.
Haruhi go first.
Haruhi go first.
Haruhi go secondary.
Haruhi go first.
Haruhi go secondary.
Haruhi go first.
Haruhi go secondary.
Haruhi go first.
Haruhi go secondary.
Haruhi go first.
Haruhi go first.
Haruhi go first.
Haruhi go first.
Haruhi go secondary.
Haruhi go first.
Haruhi go first.
Haruhi go first.
Haruhi go secondary.
Haruhi go first.
Haruhi go first.
Haruhi go secondary.
Haruhi go first.
Haruhi go first.
Haruhi go first.
Haruhi go first.
Haruhi go first.
Haruhi go first.
Haruhi go first.
Haruhi go secondary.
Haruhi go first.
Haruhi go secondary.
Haruhi go first.
Haruhi go first.
Haruhi go first.
Haruhi go first.
Haruhi go secondary.
Haruhi go first.
Haruhi go first.
Haruhi go secondary.
Haruhi go first.
Haruhi go secondary.
Haruhi go first.
Haruhi go first.
Haruhi go first.
Haruhi go secondary.
Haruhi go first.
Haruhi go first.
Haruhi go secondary.
Haruhi go first.
Haruhi go secondary.
Haruhi go first.
Haruhi go secondary.
Haruhi go first.
Haruhi go first.
Haruhi go secondary.
Haruhi go first.
Haruhi go secondary.
Haruhi go first.
Haruhi go secondary.
Haruhi go first.
Haruhi go secondary.
Haruhi go first.
Haruhi go secondary.
Haruhi go first.
Haruhi go first.
Haruhi go first.
Haruhi go first.
Haruhi go first.
Haruhi go secondary.
Haruhi go first.
Haruhi go secondary.
Haruhi go first.
Haruhi go secondary.
Haruhi go first.
Haruhi go secondary.
Haruhi go first.
Haruhi go first.
Haruhi go secondary.
Haruhi go first.
Haruhi go secondary.
Haruhi go first.
Haruhi go first.
Haruhi go secondary.
Haruhi go first.
Haruhi go first.
Haruhi go first.
Haruhi go secondary.
Haruhi go first.
Haruhi go secondary.
Haruhi go first.
Haruhi go first.
Haruhi go secondary.
Haruhi go first.
Haruhi go first.
Haruhi go secondary.
Haruhi go first.
Haruhi go secondary.
Haruhi go first.
Haruhi go first.
Haruhi go secondary.
Haruhi go first.
Haruhi go first.
Haruhi go secondary.
Haruhi go first.
Haruhi go secondary.
Haruhi go first.
Haruhi go secondary.
Haruhi go first.
Haruhi go first.
Haruhi go first.
Haruhi go secondary.
Haruhi go first.
Haruhi go secondary.
Haruhi go first.
Haruhi go first.
Haruhi go first.
Haruhi go secondary.
Haruhi go first.
Haruhi go first.
Haruhi go first.
Haruhi go first.
Haruhi go first.
Haruhi go first.
Haruhi go secondary.
Haruhi go first.
Haruhi go first.
Haruhi go secondary.
Haruhi go first.
Haruhi go first.
Haruhi go first.
Haruhi go secondary.
Haruhi go first.
Haruhi go first.
Haruhi go first.
Haruhi go secondary.
Haruhi go first.
Haruhi go secondary.
Haruhi go first.
Haruhi go first.
Haruhi go first.
Haruhi go first.
Haruhi go first.
Haruhi go first.
Haruhi go secondary.
Haruhi go first.
Haruhi go first.
Haruhi go first.
Haruhi go secondary.
Haruhi go first.
Haruhi go secondary.
Haruhi go first.
Haruhi go first.
Haruhi go first.
Haruhi go secondary.
Haruhi go first.
Haruhi go secondary.
Haruhi go first.
Haruhi go first.
Haruhi go first.
Haruhi go secondary.
Haruhi go first.
Haruhi go first.
Haruhi go first.
Haruhi go first.
Haruhi go secondary.
Haruhi go first.
Haruhi go first.
Haruhi go first.
Haruhi go first.
Haruhi go first.
Haruhi go secondary.
Haruhi go first.
Haruhi go first.
Haruhi go first.
Haruhi go secondary.
Haruhi go first.
Haruhi go secondary.
Haruhi go first.
Haruhi go first.
Haruhi go secondary.
Haruhi go first.
Haruhi go secondary.
Haruhi go first.
Haruhi go secondary.
Haruhi go first.
Haruhi go secondary.
Haruhi go first.
Haruhi go secondary.
Haruhi go first.
Haruhi go secondary.
Haruhi go first.
Haruhi go secondary.
Haruhi go first.
Haruhi go first.
Haruhi go first.
Haruhi go first.
Haruhi go first.
Haruhi go secondary.
Haruhi go first.
Haruhi go first.
Haruhi go secondary.
Haruhi go first.
Haruhi go first.
Haruhi go first.
Haruhi go secondary.
Haruhi go first.
Haruhi go first.
Haruhi go first.
Haruhi go first.
Haruhi go secondary.
Haruhi go first.
Haruhi go first.
Haruhi go secondary.
Haruhi go first.
Haruhi go secondary.
Haruhi go first.
Haruhi go first.
Haruhi go secondary.
Haruhi go first.
Haruhi go first.
Haruhi go first.
Haruhi go first.
Haruhi go secondary.
Haruhi go first.
Haruhi go secondary.
Haruhi go first.
Haruhi go secondary.
Haruhi go first.
Haruhi go first.
Haruhi go first.
Haruhi go secondary.
Haruhi go first.
Haruhi go first.
Haruhi go first.
Haruhi go secondary.
Haruhi go first.
Haruhi go first.
Haruhi go secondary.
Haruhi go first.
Haruhi go first.
Haruhi go secondary.
Haruhi go first.
Haruhi go secondary.
Haruhi go first.
Haruhi go secondary.
Haruhi go first.
Haruhi go secondary.
Haruhi go first.
Haruhi go secondary.
Haruhi go first.
Haruhi go secondary.
Haruhi go first.
Haruhi go secondary.
Haruhi go first.
Haruhi go secondary.
Haruhi go first.
Haruhi go first.
Haruhi go secondary.
Haruhi go first.
Haruhi go first.
Haruhi go first.
Haruhi go secondary.
Haruhi go first.
Haruhi go first.
Haruhi go first.
Haruhi go first.
Haruhi go secondary.
Haruhi go first.
Haruhi go secondary.
Haruhi go first.
Haruhi go first.
Haruhi go secondary.
Haruhi go first.
Haruhi go first.
Haruhi go secondary.
Haruhi go first.
Haruhi go first.
Haruhi go first.
Haruhi go first.
Haruhi go secondary.
Haruhi go first.
Haruhi go first.
Haruhi go secondary.
Haruhi go first.
Haruhi go first.
Haruhi go secondary.
Haruhi go first.
Haruhi go secondary.
Haruhi go first.
Haruhi go first.
Haruhi go secondary.
Haruhi go first.
Haruhi go secondary.
Haruhi go first.
Haruhi go secondary.
Haruhi go first.
Haruhi go secondary.
Haruhi go first.
Haruhi go secondary.
Haruhi go first.
Haruhi go first.
Haruhi go first.
Haruhi go first.
Haruhi go secondary.
Haruhi go first.
Haruhi go first.
Haruhi go secondary.
Haruhi go first.
Haruhi go first.
Haruhi go secondary.
Haruhi go first.
Haruhi go first.
Haruhi go secondary.
Haruhi go first.
Haruhi go first.
Haruhi go first.
Haruhi go first.
Haruhi go secondary.
Haruhi go first.
Haruhi go secondary.
Haruhi go first.
Haruhi go secondary.
Haruhi go first.
Haruhi go secondary.
Haruhi go first.
Haruhi go first.
Haruhi go secondary.
Haruhi go first.
Haruhi go first.
Haruhi go secondary.
Haruhi go first.
Haruhi go secondary.
Haruhi go first.
Haruhi go secondary.
Haruhi go first.
Haruhi go first.
Haruhi go first.
Haruhi go first.
Haruhi go first.
Haruhi go first.
Haruhi go secondary.
Haruhi go first.
Haruhi go secondary.
Haruhi go first.
Haruhi go first.
Haruhi go secondary.
Haruhi go first.
Haruhi go first.
Haruhi go first.
Haruhi go secondary.
Haruhi go first.
Haruhi go secondary.
Haruhi go first.
Haruhi go secondary.
Haruhi go first.
Haruhi go first.
Haruhi go first.
Haruhi go secondary.
Haruhi go first.
Haruhi go secondary.
Haruhi go first.
Haruhi go secondary.
Haruhi go first.
Haruhi go secondary.
Haruhi go first.
Haruhi go first.
Haruhi go secondary.
Haruhi go first.
Haruhi go secondary.
Haruhi go first.
Haruhi go secondary.
Haruhi go first.
Haruhi go first.
Haruhi go first.
Haruhi go secondary.
Haruhi go first.
Haruhi go secondary.
Haruhi go first.
Haruhi go secondary.
Haruhi go first.
Haruhi go secondary.
Haruhi go first.
Haruhi go secondary.
Haruhi go first.
Haruhi go secondary.
Haruhi go first.
Haruhi go first.
Haruhi go secondary.
Haruhi go first.
Haruhi go secondary.
Haruhi go first.
Haruhi go first.
Haruhi go first.
Haruhi go first.
Haruhi go first.
Haruhi go secondary.
Haruhi go first.
Haruhi go first.
Haruhi go secondary.
Haruhi go first.
Haruhi go first.
Haruhi go first.
Haruhi go first.
Haruhi go secondary.
Haruhi go first.
Haruhi go first.
Haruhi go secondary.
Haruhi go first.
Haruhi go first.
Haruhi go first.
Haruhi go secondary.
Haruhi go first.
Haruhi go first.
Haruhi go first.
Haruhi go secondary.
Haruhi go first.
Haruhi go secondary.
Haruhi go first.
Haruhi go secondary.
Haruhi go first.
Haruhi go first.
Haruhi go first.
Haruhi go first.
Haruhi go secondary.
Haruhi go first.
Haruhi go secondary.
Haruhi go first.
Haruhi go first.
Haruhi go secondary.
Haruhi go first.
Haruhi go first.
Haruhi go first.
Haruhi go secondary.
Haruhi go first.
Haruhi go first.
Haruhi go first.
Haruhi go first.
Haruhi go first.
Haruhi go secondary.
Haruhi go first.
Haruhi go secondary.
Haruhi go first.
Haruhi go first.
Haruhi go first.
Haruhi go secondary.
Haruhi go first.
Haruhi go secondary.
Haruhi go first.
Haruhi go first.
Haruhi go secondary.
Haruhi go first.
Haruhi go secondary.
Haruhi go first.
Haruhi go first.
Haruhi go secondary.
Haruhi go first.
Haruhi go first.
Haruhi go first.
Haruhi go first.
Haruhi go first.
Haruhi go first.
Haruhi go first.
Haruhi go first.
Haruhi go secondary.
Haruhi go first.
Haruhi go first.
Haruhi go secondary.
Haruhi go first.
Haruhi go secondary.
Haruhi go first.
Haruhi go secondary.
Haruhi go first.
Haruhi go first.
Haruhi go first.
Haruhi go first.
Haruhi go first.
Haruhi go first.
Haruhi go first.
Haruhi go first.
Haruhi go first.
Haruhi go first.
Haruhi go secondary.
Haruhi go first.
Haruhi go secondary.
Haruhi go first.
Haruhi go secondary.
Haruhi go first.
Haruhi go secondary.
Haruhi go first.
Haruhi go secondary.
Haruhi go first.
Haruhi go secondary.
Haruhi go first.
Haruhi go secondary.
Haruhi go first.
Haruhi go first.
Haruhi go secondary.
Haruhi go first.
Haruhi go first.
Haruhi go secondary.
Haruhi go first.
Haruhi go secondary.
Haruhi go first.
Haruhi go secondary.
Haruhi go first.
Haruhi go secondary.
Haruhi go first.
Haruhi go first.
Haruhi go secondary.
Haruhi go first.
Haruhi go secondary.
Haruhi go first.
Haruhi go secondary.
Haruhi go first.
Haruhi go first.
Haruhi go first.
Haruhi go first.
Haruhi go first.
Haruhi go first.
Haruhi go first.
Haruhi go first.
Haruhi go first.
Haruhi go first.
Haruhi go secondary.
Haruhi go first.
Haruhi go secondary.
Haruhi go first.
Haruhi go secondary.
Haruhi go first.
Haruhi go secondary.
Haruhi go first.
Haruhi go first.
Haruhi go secondary.
Haruhi go first.
Haruhi go first.
Haruhi go secondary.
Haruhi go first.
Haruhi go first.
Haruhi go first.
Haruhi go first.
Haruhi go secondary.
Haruhi go first.
Haruhi go secondary.
Haruhi go first.
Haruhi go first.
Haruhi go secondary.
Haruhi go first.
Haruhi go first.
Haruhi go secondary.
Haruhi go first.
Haruhi go first.
Haruhi go first.
Haruhi go first.
Haruhi go first.
Haruhi go first.
Haruhi go first.
Haruhi go first.
Haruhi go secondary.
Haruhi go first.
Haruhi go secondary.
Haruhi go first.
Haruhi go first.
Haruhi go secondary.
Haruhi go first.
Haruhi go secondary.
Haruhi go first.
Haruhi go secondary.
Haruhi go first.
Haruhi go secondary.
Haruhi go first.
Haruhi go secondary.
Haruhi go first.
Haruhi go secondary.
Haruhi go first.
Haruhi go first.
Haruhi go secondary.
Haruhi go first.
Haruhi go secondary.
Haruhi go first.
Haruhi go first.
Haruhi go first.
Haruhi go first.
Haruhi go first.
Haruhi go secondary.
Haruhi go first.
Haruhi go secondary.
Haruhi go first.
Haruhi go secondary.
Haruhi go first.
Haruhi go first.
Haruhi go first.
Haruhi go secondary.
Haruhi go first.
Haruhi go first.
Haruhi go first.
Haruhi go secondary.
Haruhi go first.
Haruhi go first.
Haruhi go secondary.
Haruhi go first.
Haruhi go secondary.
Haruhi go first.
Haruhi go first.
Haruhi go secondary.
Haruhi go first.
Haruhi go secondary.
Haruhi go first.
Haruhi go secondary.
Haruhi go first.
Haruhi go secondary.
Haruhi go first.
Haruhi go secondary.
Haruhi go first.
Haruhi go secondary.
Haruhi go first.
Haruhi go first.
Haruhi go secondary.
Haruhi go first.
Haruhi go secondary.
Haruhi go first.
Haruhi go first.
Haruhi go secondary.
Haruhi go first.
Haruhi go first.
Haruhi go secondary.
Haruhi go first.
Haruhi go secondary.
Haruhi go first.
Haruhi go secondary.
Haruhi go first.
Haruhi go secondary.
Haruhi go first.
Haruhi go first.
Haruhi go first.
Haruhi go secondary.
Haruhi go first.
Haruhi go first.
Haruhi go secondary.
Haruhi go first.
Haruhi go first.
Haruhi go first.
Haruhi go first.
Haruhi go secondary.
Haruhi go first.
Haruhi go first.
Haruhi go first.
Haruhi go secondary.
Haruhi go first.
Haruhi go secondary.
Haruhi go first.
Haruhi go secondary.
Haruhi go first.
Haruhi go first.
Haruhi go first.
Haruhi go secondary.
Haruhi go first.
Haruhi go first.
Haruhi go secondary.
Haruhi go first.
Haruhi go first.
Haruhi go first.
Haruhi go secondary.
Haruhi go first.
Haruhi go first.
Haruhi go secondary.
Haruhi go first.
Haruhi go first.
Haruhi go secondary.
Haruhi go first.
Haruhi go first.
Haruhi go secondary.
Haruhi go first.
Haruhi go secondary.
Haruhi go first.
Haruhi go secondary.
Haruhi go first.
Haruhi go first.
Haruhi go first.
Haruhi go secondary.
Haruhi go first.
Haruhi go secondary.
Haruhi go first.
Haruhi go first.
Haruhi go secondary.
Haruhi go first.
Haruhi go secondary.
Haruhi go first.
Haruhi go secondary.
Haruhi go first.
Haruhi go secondary.
Haruhi go first.
Haruhi go first.
Haruhi go secondary.
Haruhi go first.
Haruhi go first.
Haruhi go secondary.
Haruhi go first.
Haruhi go first.
Haruhi go secondary.
Haruhi go first.
Haruhi go secondary.
Haruhi go first.
Haruhi go secondary.
Haruhi go first.
Haruhi go secondary.
Haruhi go first.
Haruhi go first.
Haruhi go first.
Haruhi go secondary.
Haruhi go first.
Haruhi go first.
Haruhi go first.
Haruhi go first.
Haruhi go first.
Haruhi go secondary.
Haruhi go first.
Haruhi go secondary.
Haruhi go first.
Haruhi go secondary.
Haruhi go first.
Haruhi go first.
Haruhi go secondary.
Haruhi go first.
Haruhi go secondary.
Haruhi go first.
Haruhi go first.
Haruhi go secondary.
Haruhi go first.
Haruhi go secondary.
Haruhi go first.
Haruhi go secondary.
Haruhi go first.
Haruhi go first.
Haruhi go first.
Haruhi go first.
Haruhi go secondary.
Haruhi go first.
Haruhi go first.
Haruhi go first.
Haruhi go first.
Haruhi go secondary.
Haruhi go first.
Haruhi go secondary.
Haruhi go first.
Haruhi go secondary.
Haruhi go first.
Haruhi go secondary.
Haruhi go first.
Haruhi go first.
Haruhi go first.
Haruhi go secondary.
Haruhi go first.
Haruhi go secondary.
Haruhi go first.
Haruhi go secondary.
Haruhi go first.
Haruhi go first.
Haruhi go first.
Haruhi go first.
Haruhi go secondary.
Haruhi go first.
Haruhi go first.
Haruhi go first.
Haruhi go secondary.
Haruhi go first.
Haruhi go secondary.
Haruhi go first.
Haruhi go first.
Haruhi go secondary.
Haruhi go first.
Haruhi go first.
Haruhi go first.
Haruhi go first.
Haruhi go first.
Haruhi go secondary.
Haruhi go first.
Haruhi go secondary.
Haruhi go first.
Haruhi go secondary.
Haruhi go first.
Haruhi go secondary.
Haruhi go first.
Haruhi go secondary.
Haruhi go first.
Haruhi go secondary.
Haruhi go first.
Haruhi go first.
Haruhi go first.
Haruhi go secondary.
Haruhi go first.
Haruhi go secondary.
Haruhi go first.
Haruhi go secondary.
Haruhi go first.
Haruhi go first.
Haruhi go first.
Haruhi go first.
Haruhi go secondary.
Haruhi go first.
Haruhi go first.
Haruhi go first.
Haruhi go first.
Haruhi go secondary.
Haruhi go first.
Haruhi go first.
Haruhi go secondary.
Haruhi go first.
Haruhi go first.
Haruhi go secondary.
Haruhi go first.
Haruhi go secondary.
Haruhi go first.
Haruhi go first.
Haruhi go secondary.
Haruhi go first.
Haruhi go secondary.
Haruhi go first.
Haruhi go first.
Haruhi go first.
Haruhi go first.
Haruhi go secondary.
Haruhi go first.
Haruhi go secondary.
Haruhi go first.
Haruhi go first.
Haruhi go first.
Haruhi go first.
Haruhi go secondary.
Haruhi go first.
Haruhi go first.
Haruhi go first.
Haruhi go secondary.
Haruhi go first.
Haruhi go secondary.
Haruhi go first.
Haruhi go first.
Haruhi go first.
Haruhi go first.
Haruhi go first.
Haruhi go first.
Haruhi go first.
Haruhi go first.
Haruhi go first.
Haruhi go secondary.
Haruhi go first.
Haruhi go first.
Haruhi go first.
Haruhi go first.
Haruhi go first.
Haruhi go secondary.
Haruhi go first.
Haruhi go secondary.
Haruhi go first.
Haruhi go secondary.
Haruhi go first.
Haruhi go first.
Haruhi go first.
Haruhi go first.
Haruhi go first.
Haruhi go secondary.
Haruhi go first.
Haruhi go first.
Haruhi go first.
Haruhi go secondary.
Haruhi go first.
Haruhi go secondary.
Haruhi go first.
Haruhi go first.
Haruhi go first.
Haruhi go secondary.
Haruhi go first.
Haruhi go first.
Haruhi go first.
Haruhi go secondary.
Haruhi go first.
Haruhi go secondary.
Haruhi go first.
Haruhi go secondary.
Haruhi go first.
Haruhi go first.
Haruhi go secondary.
Haruhi go first.
Haruhi go first.
Haruhi go secondary.
Haruhi go first.
Haruhi go first.
Haruhi go secondary.
Haruhi go first.
Haruhi go secondary.
Haruhi go first.
Haruhi go secondary.
Haruhi go first.
Haruhi go first.
Haruhi go secondary.
Haruhi go first.
Haruhi go first.
Haruhi go secondary.
Haruhi go first.
Haruhi go secondary.
Haruhi go first.
Haruhi go first.
Haruhi go secondary.
Haruhi go first.
Haruhi go secondary.
Haruhi go first.
Haruhi go secondary.
Haruhi go first.
Haruhi go first.
Haruhi go secondary.
Haruhi go first.
Haruhi go first.
Haruhi go first.
Haruhi go first.
Haruhi go secondary.
Haruhi go first.
Haruhi go secondary.
Haruhi go first.
Haruhi go secondary.
Haruhi go first.
Haruhi go first.
Haruhi go first.
Haruhi go first.
Haruhi go first.
Haruhi go first.
Haruhi go first.
Haruhi go secondary.
Haruhi go first.
Haruhi go first.
Haruhi go secondary.
Haruhi go first.
Haruhi go first.
Haruhi go secondary.
Haruhi go first.
Haruhi go secondary.
Haruhi go first.
Haruhi go secondary.
Haruhi go first.
Haruhi go secondary.
Haruhi go first.
Haruhi go first.
Haruhi go secondary.
Haruhi go first.
Haruhi go first.
Haruhi go secondary.
Haruhi go first.
Haruhi go secondary.
Haruhi go first.
Haruhi go first.
Haruhi go secondary.
Haruhi go first.
Haruhi go secondary.
Haruhi go first.
Haruhi go first.
Haruhi go secondary.
Haruhi go first.
Haruhi go secondary.
Haruhi go first.
Haruhi go secondary.
Haruhi go first.
Haruhi go secondary.
Haruhi go first.
Haruhi go first.
Haruhi go secondary.
Haruhi go first.
Haruhi go secondary.
Haruhi go first.
Haruhi go first.
Haruhi go first.
Haruhi go secondary.
Haruhi go first.
Haruhi go first.
Haruhi go secondary.
Haruhi go first.
Haruhi go first.
Haruhi go secondary.
Haruhi go first.
Haruhi go secondary.
Haruhi go first.
Haruhi go first.
Haruhi go first.
Haruhi go first.
Haruhi go first.
Haruhi go secondary.
Haruhi go first.
Haruhi go secondary.
Haruhi go first.
Haruhi go secondary.
Haruhi go first.
Haruhi go first.
Haruhi go secondary.
Haruhi go first.
Haruhi go first.
Haruhi go first.
Haruhi go secondary.
Haruhi go first.
Haruhi go secondary.
Haruhi go first.
Haruhi go first.
Haruhi go secondary.
Haruhi go first.
Haruhi go first.
Haruhi go first.
Haruhi go secondary.
Haruhi go first.
Haruhi go first.
Haruhi go first.
Haruhi go first.
Haruhi go secondary.
Haruhi go first.
Haruhi go first.
Haruhi go secondary.
Haruhi go first.
Haruhi go first.
Haruhi go first.
Haruhi go secondary.
Haruhi go first.
Haruhi go secondary.
Haruhi go first.
Haruhi go first.
Haruhi go first.
Haruhi go first.
Haruhi go first.
Haruhi go secondary.
Haruhi go first.
Haruhi go secondary.
Haruhi go first.
Haruhi go first.
Haruhi go secondary.
Haruhi go first.
Haruhi go secondary.
Haruhi go first.
Haruhi go first.
Haruhi go secondary.
Haruhi go first.
Haruhi go secondary.
Haruhi go first.
Haruhi go secondary.
Haruhi go first.
Haruhi go first.
Haruhi go first.
Haruhi go secondary.
Haruhi go first.
Haruhi go secondary.
Haruhi go first.
Haruhi go first.
Haruhi go first.
Haruhi go secondary.
Haruhi go first.
Haruhi go secondary.
Haruhi go first.
Haruhi go first.
Haruhi go secondary.
Haruhi go first.
Haruhi go first.
Haruhi go secondary.
Haruhi go first.
Haruhi go secondary.
Haruhi go first.
Haruhi go first.
Haruhi go secondary.
Haruhi go first.
Haruhi go first.
Haruhi go secondary.
Haruhi go first.
Haruhi go first.
Haruhi go secondary.
Haruhi go first.
Haruhi go first.
Haruhi go first.
Haruhi go first.
Haruhi go first.
Haruhi go first.
Haruhi go secondary.
Haruhi go first.
Haruhi go first.
Haruhi go secondary.
Haruhi go first.
Haruhi go secondary.
Haruhi go first.
Haruhi go first.
Haruhi go secondary.
Haruhi go first.
Haruhi go first.
Haruhi go first.
Haruhi go secondary.
Haruhi go first.
Haruhi go first.
Haruhi go secondary.
Haruhi go first.
Haruhi go secondary.
Haruhi go first.
Haruhi go secondary.
Haruhi go first.
Haruhi go secondary.
Haruhi go first.
Haruhi go first.
Haruhi go first.
Haruhi go first.
Haruhi go first.
Haruhi go first.
Haruhi go secondary.
Haruhi go first.
Haruhi go first.
Haruhi go first.
Haruhi go first.
Haruhi go first.
Haruhi go secondary.
Haruhi go first.
Haruhi go secondary.
Haruhi go first.
Haruhi go secondary.
Haruhi go first.
Haruhi go secondary.
Haruhi go first.
Haruhi go secondary.
Haruhi go first.
Haruhi go first.
Haruhi go secondary.
Haruhi go first.
Haruhi go first.
Haruhi go secondary.
Haruhi go first.
Haruhi go first.
Haruhi go first.
Haruhi go first.
Haruhi go first.
Haruhi go first.
Haruhi go first.
Haruhi go secondary.
Haruhi go first.
Haruhi go first.
Haruhi go secondary.
Haruhi go first.
Haruhi go secondary.
Haruhi go first.
Haruhi go secondary.
Haruhi go first.
Haruhi go secondary.
Haruhi go first.
Haruhi go first.
Haruhi go secondary.
Haruhi go first.
Haruhi go secondary.
Haruhi go first.
Haruhi go secondary.
Haruhi go first.
Haruhi go first.
Haruhi go first.
Haruhi go secondary.
Haruhi go first.
Haruhi go secondary.
Haruhi go first.
Haruhi go secondary.
Haruhi go first.
Haruhi go first.
Haruhi go secondary.
Haruhi go first.
Haruhi go first.
Haruhi go first.
Haruhi go secondary.
Haruhi go first.
Haruhi go first.
Haruhi go secondary.
Haruhi go first.
Haruhi go secondary.
Haruhi go first.
Haruhi go secondary.
Haruhi go first.
Haruhi go first.
Haruhi go secondary.
Haruhi go first.
Haruhi go first.
Haruhi go first.
Haruhi go first.
Haruhi go first.
Haruhi go secondary.
Haruhi go first.
Haruhi go secondary.
Haruhi go first.
Haruhi go first.
Haruhi go secondary.
Haruhi go first.
Haruhi go secondary.
Haruhi go first.
Haruhi go first.
Haruhi go secondary.
Haruhi go first.
Haruhi go secondary.
Haruhi go first.
Haruhi go secondary.
Haruhi go first.
Haruhi go secondary.
Haruhi go first.
Haruhi go first.
Haruhi go secondary.
Haruhi go first.
Haruhi go first.
Haruhi go first.
Haruhi go secondary.
Haruhi go first.
Haruhi go secondary.
Haruhi go first.
Haruhi go secondary.
Haruhi go first.
Haruhi go secondary.
Haruhi go first.
Haruhi go first.
Haruhi go secondary.
Haruhi go first.
Haruhi go secondary.
Haruhi go first.
Haruhi go first.
Haruhi go secondary.
Haruhi go first.
Haruhi go secondary.
Haruhi go first.
Haruhi go secondary.
Haruhi go first.
Haruhi go secondary.
Haruhi go first.
Haruhi go secondary.
Haruhi go first.
Haruhi go first.
Haruhi go first.
Haruhi go first.
Haruhi go secondary.
Haruhi go first.
Haruhi go secondary.
Haruhi go first.
Haruhi go secondary.
Haruhi go first.
Haruhi go first.
Haruhi go first.
Haruhi go first.
Haruhi go first.
Haruhi go first.
Haruhi go first.
Haruhi go secondary.
Haruhi go first.
Haruhi go first.
Haruhi go secondary.
Haruhi go first.
Haruhi go first.
Haruhi go secondary.
Haruhi go first.
Haruhi go secondary.
Haruhi go first.
Haruhi go secondary.
Haruhi go first.
Haruhi go first.
Haruhi go secondary.
Haruhi go first.
Haruhi go first.
Haruhi go secondary.
Haruhi go first.
Haruhi go first.
Haruhi go first.
Haruhi go secondary.
Haruhi go first.
Haruhi go secondary.
Haruhi go first.
Haruhi go first.
Haruhi go secondary.
Haruhi go first.
Haruhi go first.
Haruhi go secondary.
Haruhi go first.
Haruhi go secondary.
Haruhi go first.
Haruhi go secondary.
Haruhi go first.
Haruhi go first.
Haruhi go first.
Haruhi go first.
Haruhi go secondary.
Haruhi go first.
Haruhi go first.
Haruhi go secondary.
Haruhi go first.
Haruhi go first.
Haruhi go first.
Haruhi go secondary.
Haruhi go first.
Haruhi go secondary.
Haruhi go first.
Haruhi go first.
Haruhi go secondary.
Haruhi go first.
Haruhi go first.
Haruhi go first.
Haruhi go first.
Haruhi go secondary.
Haruhi go first.
Haruhi go secondary.
Haruhi go first.
Haruhi go first.
Haruhi go first.
Haruhi go secondary.
Haruhi go first.
Haruhi go first.
Haruhi go secondary.
Haruhi go first.
Haruhi go secondary.
Haruhi go first.
Haruhi go first.
Haruhi go first.
Haruhi go first.
Haruhi go first.
Haruhi go first.
Haruhi go secondary.
Haruhi go first.
Haruhi go secondary.
Haruhi go first.
Haruhi go secondary.
Haruhi go first.
Haruhi go secondary.
Haruhi go first.
Haruhi go secondary.
Haruhi go first.
Haruhi go first.
Haruhi go secondary.
Haruhi go first.
Haruhi go first.
Haruhi go secondary.
Haruhi go first.
Haruhi go secondary.
Haruhi go first.
Haruhi go secondary.
Haruhi go first.
Haruhi go secondary.
Haruhi go first.
Haruhi go first.
Haruhi go first.
Haruhi go secondary.
Haruhi go first.
Haruhi go secondary.
Haruhi go first.
Haruhi go secondary.
Haruhi go first.
Haruhi go secondary.
Haruhi go first.
Haruhi go first.
Haruhi go secondary.
Haruhi go first.
Haruhi go first.
Haruhi go secondary.
Haruhi go first.
Haruhi go first.
Haruhi go first.
Haruhi go secondary.
Haruhi go first.
Haruhi go secondary.
Haruhi go first.
Haruhi go secondary.
Haruhi go first.
Haruhi go secondary.
Haruhi go first.
Haruhi go secondary.
Haruhi go first.
Haruhi go secondary.
Haruhi go first.
Haruhi go secondary.
Haruhi go first.
Haruhi go secondary.
Haruhi go first.
Haruhi go first.
Haruhi go secondary.
Haruhi go first.
Haruhi go secondary.
Haruhi go first.
Haruhi go first.
Haruhi go secondary.
Haruhi go first.
Haruhi go secondary.
Haruhi go first.
Haruhi go secondary.
Haruhi go first.
Haruhi go first.
Haruhi go first.
Haruhi go first.
Haruhi go secondary.
Haruhi go first.
Haruhi go first.
Haruhi go first.
Haruhi go secondary.
Haruhi go first.
Haruhi go first.
Haruhi go secondary.
Haruhi go first.
Haruhi go first.
Haruhi go secondary.
Haruhi go first.
Haruhi go first.
Haruhi go secondary.
Haruhi go first.
Haruhi go secondary.
Haruhi go first.
Haruhi go first.
Haruhi go secondary.
Haruhi go first.
Haruhi go first.
Haruhi go secondary.
Haruhi go first.
Haruhi go first.
Haruhi go secondary.
Haruhi go first.
Haruhi go first.
Haruhi go secondary.
Haruhi go first.
Haruhi go first.
Haruhi go first.
Haruhi go first.
Haruhi go secondary.
Haruhi go first.
Haruhi go first.
Haruhi go first.
Haruhi go secondary.
Haruhi go first.
Haruhi go first.
Haruhi go secondary.
Haruhi go first.
Haruhi go secondary.
Haruhi go first.
Haruhi go secondary.
Haruhi go first.
Haruhi go secondary.
Haruhi go first.
Haruhi go first.
Haruhi go secondary.
Haruhi go first.
Haruhi go first.
Haruhi go secondary.
Haruhi go first.
Haruhi go first.
Haruhi go secondary.
Haruhi go first.
Haruhi go secondary.
Haruhi go first.
Haruhi go secondary.
Haruhi go first.
Haruhi go first.
Haruhi go first.
Haruhi go first.
Haruhi go secondary.
Haruhi go first.
Haruhi go secondary.
Haruhi go first.
Haruhi go first.
Haruhi go secondary.
Haruhi go first.
Haruhi go secondary.
Haruhi go first.
Haruhi go secondary.
Haruhi go first.
Haruhi go secondary.
Haruhi go first.
Haruhi go secondary.
Haruhi go first.
Haruhi go secondary.
Haruhi go first.
Haruhi go secondary.
Haruhi go first.
Haruhi go secondary.
Haruhi go first.
Haruhi go first.
Haruhi go first.
Haruhi go secondary.
Haruhi go first.
Haruhi go first.
Haruhi go secondary.
Haruhi go first.
Haruhi go secondary.
Haruhi go first.
Haruhi go first.
Haruhi go secondary.
Haruhi go first.
Haruhi go first.
Haruhi go secondary.
Haruhi go first.
Haruhi go first.
Haruhi go first.
Haruhi go first.
Haruhi go secondary.
Haruhi go first.
Haruhi go first.
Haruhi go secondary.
Haruhi go first.
Haruhi go first.
Haruhi go first.
Haruhi go secondary.
Haruhi go first.
Haruhi go first.
Haruhi go secondary.
Haruhi go first.
Haruhi go secondary.
Haruhi go first.
Haruhi go first.
Haruhi go first.
Haruhi go secondary.
Haruhi go first.
Haruhi go secondary.
Haruhi go first.
Haruhi go first.
Haruhi go secondary.
Haruhi go first.
Haruhi go secondary.
Haruhi go first.
Haruhi go first.
Haruhi go first.
Haruhi go first.
Haruhi go first.
Haruhi go first.
Haruhi go first.
Haruhi go first.
Haruhi go secondary.
Haruhi go first.
Haruhi go first.
Haruhi go first.
Haruhi go secondary.
Haruhi go first.
Haruhi go secondary.
Haruhi go first.
Haruhi go first.
Haruhi go secondary.
Haruhi go first.
Haruhi go secondary.
Haruhi go first.
Haruhi go secondary.
Haruhi go first.
Haruhi go secondary.
Haruhi go first.
Haruhi go secondary.
Haruhi go first.
Haruhi go first.
Haruhi go secondary.
Haruhi go first.
Haruhi go secondary.
Haruhi go first.
Haruhi go secondary.
Haruhi go first.
Haruhi go secondary.
Haruhi go first.
Haruhi go secondary.
Haruhi go first.
Haruhi go first.
Haruhi go first.
Haruhi go secondary.
Haruhi go first.
Haruhi go secondary.
Haruhi go first.
Haruhi go first.
Haruhi go secondary.
Haruhi go first.
Haruhi go first.
Haruhi go secondary.
Haruhi go first.
Haruhi go first.
Haruhi go secondary.
Haruhi go first.
Haruhi go first.
Haruhi go first.
Haruhi go secondary.
Haruhi go first.
Haruhi go first.
Haruhi go first.
Haruhi go secondary.
Haruhi go first.
Haruhi go first.
Haruhi go first.
Haruhi go secondary.
Haruhi go first.
Haruhi go secondary.
Haruhi go first.
Haruhi go first.
Haruhi go first.
Haruhi go secondary.
Haruhi go first.
Haruhi go secondary.
Haruhi go first.
Haruhi go first.
Haruhi go secondary.
Haruhi go first.
Haruhi go secondary.
Haruhi go first.
Haruhi go first.
Haruhi go first.
Haruhi go first.
Haruhi go first.
Haruhi go secondary.
Haruhi go first.
Haruhi go secondary.
Haruhi go first.
Haruhi go secondary.
Haruhi go first.
Haruhi go first.
Haruhi go secondary.
Haruhi go first.
Haruhi go first.
Haruhi go secondary.
Haruhi go first.
Haruhi go first.
Haruhi go first.
Haruhi go first.
Haruhi go first.
Haruhi go first.
Haruhi go first.
Haruhi go first.
Haruhi go first.
Haruhi go secondary.
Haruhi go first.
Haruhi go secondary.
Haruhi go first.
Haruhi go secondary.
Haruhi go first.
Haruhi go first.
Haruhi go first.
Haruhi go first.
Haruhi go first.
Haruhi go first.
Haruhi go first.
Haruhi go secondary.
Haruhi go first.
Haruhi go first.
Haruhi go secondary.
Haruhi go first.
Haruhi go first.
Haruhi go secondary.
Haruhi go first.
Haruhi go first.
Haruhi go secondary.
Haruhi go first.
Haruhi go first.
Haruhi go first.
Haruhi go secondary.
Haruhi go first.
Haruhi go secondary.
Haruhi go first.
Haruhi go secondary.
Haruhi go first.
Haruhi go first.
Haruhi go secondary.
Haruhi go first.
Haruhi go first.
Haruhi go first.
Haruhi go secondary.
Haruhi go first.
Haruhi go first.
Haruhi go secondary.
Haruhi go first.
Haruhi go first.
Haruhi go secondary.
Haruhi go first.
Haruhi go first.
Haruhi go secondary.
Haruhi go first.
Haruhi go secondary.
Haruhi go first.
Haruhi go secondary.
Haruhi go first.
Haruhi go first.
Haruhi go first.
Haruhi go secondary.
Haruhi go first.
Haruhi go secondary.
Haruhi go first.
Haruhi go first.
Haruhi go first.
Haruhi go secondary.
Haruhi go first.
Haruhi go first.
Haruhi go secondary.
Haruhi go first.
Haruhi go secondary.
Haruhi go first.
Haruhi go secondary.
Haruhi go first.
Haruhi go secondary.
Haruhi go first.
Haruhi go secondary.
Haruhi go first.
Haruhi go first.
Haruhi go secondary.
Haruhi go first.
Haruhi go secondary.
Haruhi go first.
Haruhi go secondary.
Haruhi go first.
Haruhi go secondary.
Haruhi go first.
Haruhi go first.
Haruhi go first.
Haruhi go secondary.
Haruhi go first.
Haruhi go secondary.
Haruhi go first.
Haruhi go secondary.
Haruhi go first.
Haruhi go secondary.
Haruhi go first.
Haruhi go secondary.
Haruhi go first.
Haruhi go secondary.
Haruhi go first.
Haruhi go first.
Haruhi go secondary.
Haruhi go first.
Haruhi go secondary.
Haruhi go first.
Haruhi go first.
Haruhi go first.
Haruhi go secondary.
Haruhi go first.
Haruhi go secondary.
Haruhi go first.
Haruhi go first.
Haruhi go first.
Haruhi go first.
Haruhi go secondary.
Haruhi go first.
Haruhi go first.
Haruhi go secondary.
Haruhi go first.
Haruhi go secondary.
Haruhi go first.
Haruhi go secondary.
Haruhi go first.
Haruhi go secondary.
Haruhi go first.
Haruhi go secondary.
Haruhi go first.
Haruhi go first.
Haruhi go first.
Haruhi go first.
Haruhi go secondary.
Haruhi go first.
Haruhi go secondary.
Haruhi go first.
Haruhi go first.
Haruhi go first.
Haruhi go first.
Haruhi go first.
Haruhi go secondary.
Haruhi go first.
Haruhi go first.
Haruhi go first.
Haruhi go first.
Haruhi go secondary.
Haruhi go first.
Haruhi go secondary.
Haruhi go first.
Haruhi go secondary.
Haruhi go first.
Haruhi go secondary.
Haruhi go first.
Haruhi go first.
Haruhi go secondary.
Haruhi go first.
Haruhi go secondary.
Haruhi go first.
Haruhi go secondary.
Haruhi go first.
Haruhi go secondary.
Haruhi go first.
Haruhi go secondary.
Haruhi go first.
Haruhi go first.
Haruhi go secondary.
Haruhi go first.
Haruhi go first.
Haruhi go secondary.
Haruhi go first.
Haruhi go secondary.
Haruhi go first.
Haruhi go secondary.
Haruhi go first.
Haruhi go first.
Haruhi go first.
Haruhi go secondary.
Haruhi go first.
Haruhi go secondary.
Haruhi go first.
Haruhi go secondary.
Haruhi go first.
Haruhi go secondary.
Haruhi go first.
Haruhi go first.
Haruhi go first.
Haruhi go secondary.
Haruhi go first.
Haruhi go secondary.
Haruhi go first.
Haruhi go secondary.
Haruhi go first.
Haruhi go secondary.
Haruhi go first.
Haruhi go first.
Haruhi go secondary.
Haruhi go first.
Haruhi go secondary.
Haruhi go first.
Haruhi go secondary.
Haruhi go first.
Haruhi go first.
Haruhi go first.
Haruhi go secondary.
Haruhi go first.
Haruhi go secondary.
Haruhi go first.
Haruhi go secondary.
Haruhi go first.
Haruhi go first.
Haruhi go first.
Haruhi go secondary.
Haruhi go first.
Haruhi go first.
Haruhi go first.
Haruhi go first.
Haruhi go secondary.
Haruhi go first.
Haruhi go secondary.
Haruhi go first.
Haruhi go secondary.
Haruhi go first.
Haruhi go secondary.
Haruhi go first.
Haruhi go secondary.
Haruhi go first.
Haruhi go secondary.
Haruhi go first.
Haruhi go first.
Haruhi go first.
Haruhi go secondary.
Haruhi go first.
Haruhi go first.
Haruhi go first.
Haruhi go first.
Haruhi go secondary.
Haruhi go first.
Haruhi go secondary.
Haruhi go first.
Haruhi go first.
Haruhi go secondary.
Haruhi go first.
Haruhi go secondary.
Haruhi go first.
Haruhi go first.
Haruhi go first.
Haruhi go first.
Haruhi go first.
Haruhi go first.
Haruhi go first.
Haruhi go secondary.
Haruhi go first.
Haruhi go first.
Haruhi go first.
Haruhi go first.
Haruhi go first.
Haruhi go first.
Haruhi go first.
Haruhi go first.
Haruhi go secondary.
Haruhi go first.
Haruhi go secondary.
Haruhi go first.
Haruhi go first.
Haruhi go first.
Haruhi go first.
Haruhi go secondary.
Haruhi go first.
Haruhi go secondary.
Haruhi go first.
Haruhi go first.
Haruhi go first.
Haruhi go secondary.
Haruhi go first.
Haruhi go first.
Haruhi go secondary.
Haruhi go first.
Haruhi go secondary.
Haruhi go first.
Haruhi go secondary.
Haruhi go first.
Haruhi go secondary.
Haruhi go first.
Haruhi go first.
Haruhi go secondary.
Haruhi go first.
Haruhi go secondary.
Haruhi go first.
Haruhi go secondary.
Haruhi go first.
Haruhi go first.
Haruhi go first.
Haruhi go first.
Haruhi go secondary.
Haruhi go first.
Haruhi go first.
Haruhi go first.
Haruhi go secondary.
Haruhi go first.
Haruhi go first.
Haruhi go secondary.
Haruhi go first.
Haruhi go secondary.
Haruhi go first.
Haruhi go first.
Haruhi go first.
Haruhi go secondary.
Haruhi go first.
Haruhi go secondary.
Haruhi go first.
Haruhi go secondary.
Haruhi go first.
Haruhi go first.
Haruhi go secondary.
Haruhi go first.
Haruhi go first.
Haruhi go secondary.
Haruhi go first.
Haruhi go secondary.
Haruhi go first.
Haruhi go secondary.
Haruhi go first.
Haruhi go first.
Haruhi go first.
Haruhi go first.
Haruhi go secondary.
Haruhi go first.
Haruhi go first.
Haruhi go first.
Haruhi go first.
Haruhi go first.
Haruhi go secondary.
Haruhi go first.
Haruhi go secondary.
Haruhi go first.
Haruhi go secondary.
Haruhi go first.
Haruhi go first.
Haruhi go secondary.
Haruhi go first.
Haruhi go first.
Haruhi go first.
Haruhi go first.
Haruhi go first.
Haruhi go secondary.
Haruhi go first.
Haruhi go first.
Haruhi go secondary.
Haruhi go first.
Haruhi go first.
Haruhi go secondary.
Haruhi go first.
Haruhi go secondary.
Haruhi go first.
Haruhi go secondary.
Haruhi go first.
Haruhi go first.
Haruhi go first.
Haruhi go first.
Haruhi go first.
Haruhi go first.
Haruhi go secondary.
Haruhi go first.
Haruhi go first.
Haruhi go secondary.
Haruhi go first.
Haruhi go secondary.
Haruhi go first.
Haruhi go secondary.
Haruhi go first.
Haruhi go secondary.
Haruhi go first.
Haruhi go first.
Haruhi go secondary.
Haruhi go first.
Haruhi go secondary.
Haruhi go first.
Haruhi go secondary.
Haruhi go first.
Haruhi go first.
Haruhi go secondary.
Haruhi go first.
Haruhi go first.
Haruhi go first.
Haruhi go secondary.
Haruhi go first.
Haruhi go secondary.
Haruhi go first.
Haruhi go secondary.
Haruhi go first.
Haruhi go secondary.
Haruhi go first.
Haruhi go secondary.
Haruhi go first.
Haruhi go first.
Haruhi go first.
Haruhi go first.
Haruhi go secondary.
Haruhi go first.
Haruhi go secondary.
Haruhi go first.
Haruhi go secondary.
Haruhi go first.
Haruhi go first.
Haruhi go first.
Haruhi go first.
Haruhi go first.
Haruhi go secondary.
Haruhi go first.
Haruhi go first.
Haruhi go first.
Haruhi go first.
Haruhi go secondary.
Haruhi go first.
Haruhi go secondary.
Haruhi go first.
Haruhi go first.
Haruhi go first.
Haruhi go secondary.
Haruhi go first.
Haruhi go first.
Haruhi go secondary.
Haruhi go first.
Haruhi go secondary.
Haruhi go first.
Haruhi go first.
Haruhi go first.
Haruhi go first.
Haruhi go secondary.
Haruhi go first.
Haruhi go first.
Haruhi go first.
Haruhi go secondary.
Haruhi go first.
Haruhi go first.
Haruhi go secondary.
Haruhi go first.
Haruhi go secondary.
Haruhi go first.
Haruhi go first.
Haruhi go first.
Haruhi go first.
Haruhi go first.
Haruhi go secondary.
Haruhi go first.
Haruhi go secondary.
Haruhi go first.
Haruhi go first.
Haruhi go first.
Haruhi go first.
Haruhi go first.
Haruhi go first.
Haruhi go secondary.
Haruhi go first.
Haruhi go first.
Haruhi go secondary.
Haruhi go first.
Haruhi go first.
Haruhi go secondary.
Haruhi go first.
Haruhi go first.
Haruhi go secondary.
Haruhi go first.
Haruhi go first.
Haruhi go secondary.
Haruhi go first.
Haruhi go first.
Haruhi go secondary.
Haruhi go first.
Haruhi go secondary.
Haruhi go first.
Haruhi go first.
Haruhi go first.
Haruhi go secondary.
Haruhi go first.
Haruhi go secondary.
Haruhi go first.
Haruhi go first.
Haruhi go first.
Haruhi go first.
Haruhi go first.
Haruhi go secondary.
Haruhi go first.
Haruhi go secondary.
Haruhi go first.
Haruhi go first.
Haruhi go secondary.
Haruhi go first.
Haruhi go secondary.
Haruhi go first.
Haruhi go first.
Haruhi go secondary.
Haruhi go first.
Haruhi go secondary.
Haruhi go first.
Haruhi go first.
Haruhi go first.
Haruhi go first.
Haruhi go first.
Haruhi go secondary.
Haruhi go first.
Haruhi go secondary.
Haruhi go first.
Haruhi go secondary.
Haruhi go first.
Haruhi go secondary.
Haruhi go first.
Haruhi go secondary.
Haruhi go first.
Haruhi go first.
Haruhi go first.
Haruhi go first.
Haruhi go first.
Haruhi go secondary.
Haruhi go first.
Haruhi go first.
Haruhi go first.
Haruhi go secondary.
Haruhi go first.
Haruhi go first.
Haruhi go first.
Haruhi go secondary.
Haruhi go first.
Haruhi go secondary.
Haruhi go first.
Haruhi go secondary.
Haruhi go first.
Haruhi go first.
Haruhi go first.
Haruhi go secondary.
Haruhi go first.
Haruhi go secondary.
Haruhi go first.
Haruhi go secondary.
Haruhi go first.
Haruhi go secondary.
Haruhi go first.
Haruhi go secondary.
Haruhi go first.
Haruhi go secondary.
Haruhi go first.
Haruhi go first.
Haruhi go secondary.
Haruhi go first.
Haruhi go secondary.
Haruhi go first.
Haruhi go first.
Haruhi go first.
Haruhi go first.
Haruhi go secondary.
Haruhi go first.
Haruhi go secondary.
Haruhi go first.
Haruhi go first.
Haruhi go secondary.
Haruhi go first.
Haruhi go secondary.
Haruhi go first.
Haruhi go first.
Haruhi go secondary.
Haruhi go first.
Haruhi go secondary.
Haruhi go first.
Haruhi go secondary.
Haruhi go first.
Haruhi go secondary.
Haruhi go first.
Haruhi go first.
Haruhi go secondary.
Haruhi go first.
Haruhi go secondary.
Haruhi go first.
Haruhi go first.
Haruhi go secondary.
Haruhi go first.
Haruhi go first.
Haruhi go secondary.
Haruhi go first.
Haruhi go secondary.
Haruhi go first.
Haruhi go first.
Haruhi go secondary.
Haruhi go first.
Haruhi go first.
Haruhi go first.
Haruhi go secondary.
Haruhi go first.
Haruhi go secondary.
Haruhi go first.
Haruhi go first.
Haruhi go secondary.
Haruhi go first.
Haruhi go secondary.
Haruhi go first.
Haruhi go secondary.
Haruhi go first.
Haruhi go first.
Haruhi go first.
Haruhi go secondary.
Haruhi go first.
Haruhi go first.
Haruhi go first.
Haruhi go first.
Haruhi go first.
Haruhi go first.
Haruhi go secondary.
Haruhi go first.
Haruhi go first.
Haruhi go secondary.
Haruhi go first.
Haruhi go first.
Haruhi go first.
Haruhi go secondary.
Haruhi go first.
Haruhi go first.
Haruhi go secondary.
Haruhi go first.
Haruhi go secondary.
Haruhi go first.
Haruhi go secondary.
Haruhi go first.
Haruhi go secondary.
Haruhi go first.
Haruhi go first.
Haruhi go secondary.
Haruhi go first.
Haruhi go secondary.
Haruhi go first.
Haruhi go first.
Haruhi go secondary.
Haruhi go first.
Haruhi go secondary.
Haruhi go first.
Haruhi go secondary.
Haruhi go first.
Haruhi go secondary.
Haruhi go first.
Haruhi go secondary.
Haruhi go first.
Haruhi go first.
Haruhi go first.
Haruhi go secondary.
Haruhi go first.
Haruhi go secondary.
Haruhi go first.
Haruhi go first.
Haruhi go secondary.
Haruhi go first.
Haruhi go first.
Haruhi go secondary.
Haruhi go first.
Haruhi go secondary.
Haruhi go first.
Haruhi go first.
Haruhi go first.
Haruhi go first.
Haruhi go first.
Haruhi go secondary.
Haruhi go first.
Haruhi go first.
Haruhi go first.
Haruhi go first.
Haruhi go secondary.
Haruhi go first.
Haruhi go secondary.
Haruhi go first.
Haruhi go secondary.
Haruhi go first.
Haruhi go first.
Haruhi go secondary.
Haruhi go first.
Haruhi go first.
Haruhi go secondary.
Haruhi go first.
Haruhi go secondary.
Haruhi go first.
Haruhi go first.
Haruhi go secondary.
Haruhi go first.
Haruhi go secondary.
Haruhi go first.
Haruhi go first.
Haruhi go first.
Haruhi go secondary.
Haruhi go first.
Haruhi go first.
Haruhi go secondary.
Haruhi go first.
Haruhi go first.
Haruhi go first.
Haruhi go first.
Haruhi go secondary.
Haruhi go first.
Haruhi go first.
Haruhi go first.
Haruhi go secondary.
Haruhi go first.
Haruhi go first.
Haruhi go first.
Haruhi go first.
Haruhi go secondary.
Haruhi go first.
Haruhi go secondary.
Haruhi go first.
Haruhi go first.
Haruhi go first.
Haruhi go secondary.
Haruhi go first.
Haruhi go first.
Haruhi go first.
Haruhi go first.
Haruhi go first.
Haruhi go first.
Haruhi go first.
Haruhi go first.
Haruhi go secondary.
Haruhi go first.
Haruhi go first.
Haruhi go secondary.
Haruhi go first.
Haruhi go first.
Haruhi go first.
Haruhi go first.
Haruhi go first.
Haruhi go secondary.
Haruhi go first.
Haruhi go first.
Haruhi go secondary.
Haruhi go first.
Haruhi go secondary.
Haruhi go first.
Haruhi go first.
Haruhi go secondary.
Haruhi go first.
Haruhi go secondary.
Haruhi go first.
Haruhi go secondary.
Haruhi go first.
Haruhi go secondary.
Haruhi go first.
Haruhi go first.
Haruhi go first.
Haruhi go secondary.
Haruhi go first.
Haruhi go secondary.
Haruhi go first.
Haruhi go secondary.
Haruhi go first.
Haruhi go secondary.
Haruhi go first.
Haruhi go first.
Haruhi go first.
Haruhi go secondary.
Haruhi go first.
Haruhi go first.
Haruhi go secondary.
Haruhi go first.
Haruhi go first.
Haruhi go secondary.
Haruhi go first.
Haruhi go first.
Haruhi go first.
Haruhi go secondary.
Haruhi go first.
Haruhi go first.
Haruhi go secondary.
Haruhi go first.
Haruhi go first.
Haruhi go first.
Haruhi go secondary.
Haruhi go first.
Haruhi go secondary.
Haruhi go first.
Haruhi go secondary.
Haruhi go first.
Haruhi go secondary.
Haruhi go first.
Haruhi go first.
Haruhi go secondary.
Haruhi go first.
Haruhi go secondary.
Haruhi go first.
Haruhi go first.
Haruhi go first.
Haruhi go secondary.
Haruhi go first.
Haruhi go first.
Haruhi go first.
Haruhi go secondary.
Haruhi go first.
Haruhi go secondary.
Haruhi go first.
Haruhi go secondary.
Haruhi go first.
Haruhi go first.
Haruhi go first.
Haruhi go secondary.
Haruhi go first.
Haruhi go first.
Haruhi go first.
Haruhi go secondary.
Haruhi go first.
Haruhi go secondary.
Haruhi go first.
Haruhi go secondary.
Haruhi go first.
Haruhi go first.
Haruhi go secondary.
Haruhi go first.
Haruhi go first.
Haruhi go first.
Haruhi go secondary.
Haruhi go first.
Haruhi go secondary.
Haruhi go first.
Haruhi go first.
Haruhi go secondary.
Haruhi go first.
Haruhi go secondary.
Haruhi go first.
Haruhi go first.
Haruhi go secondary.
Haruhi go first.
Haruhi go first.
Haruhi go secondary.
Haruhi go first.
Haruhi go secondary.
Haruhi go first.
Haruhi go first.
Haruhi go first.
Haruhi go first.
Haruhi go secondary.
Haruhi go first.
Haruhi go secondary.
Haruhi go first.
Haruhi go secondary.
Haruhi go first.
Haruhi go secondary.
Haruhi go first.
Haruhi go first.
Haruhi go first.
Haruhi go first.
Haruhi go secondary.
Haruhi go first.
Haruhi go first.
Haruhi go first.
Haruhi go first.
Haruhi go first.
Haruhi go secondary.
Haruhi go first.
Haruhi go secondary.
Haruhi go first.
Haruhi go first.
Haruhi go first.
Haruhi go first.
Haruhi go secondary.
Haruhi go first.
Haruhi go secondary.
Haruhi go first.
Haruhi go first.
Haruhi go first.
Haruhi go first.
Haruhi go secondary.
Haruhi go first.
Haruhi go first.
Haruhi go secondary.
Haruhi go first.
Haruhi go secondary.
Haruhi go first.
Haruhi go first.
Haruhi go secondary.
Haruhi go first.
Haruhi go first.
Haruhi go secondary.
Haruhi go first.
Haruhi go first.
Haruhi go secondary.
Haruhi go first.
Haruhi go first.
Haruhi go secondary.
Haruhi go first.
Haruhi go first.
Haruhi go first.
Haruhi go first.
Haruhi go first.
Haruhi go secondary.
Haruhi go first.
Haruhi go secondary.
Haruhi go first.
Haruhi go secondary.
Haruhi go first.
Haruhi go first.
Haruhi go secondary.
Haruhi go first.
Haruhi go secondary.
Haruhi go first.
Haruhi go first.
Haruhi go first.
Haruhi go secondary.
Haruhi go first.
Haruhi go secondary.
Haruhi go first.
Haruhi go secondary.
Haruhi go first.
Haruhi go first.
Haruhi go secondary.
Haruhi go first.
Haruhi go secondary.
Haruhi go first.
Haruhi go secondary.
Haruhi go first.
Haruhi go secondary.
Haruhi go first.
Haruhi go secondary.
Haruhi go first.
Haruhi go first.
Haruhi go first.
Haruhi go secondary.
Haruhi go first.
Haruhi go first.
Haruhi go first.
Haruhi go first.
Haruhi go first.
Haruhi go first.
Haruhi go first.
Haruhi go first.
Haruhi go first.
Haruhi go first.
Haruhi go secondary.
Haruhi go first.
Haruhi go first.
Haruhi go first.
Haruhi go first.
Haruhi go first.
Haruhi go first.
Haruhi go first.
Haruhi go first.
Haruhi go secondary.
Haruhi go first.
Haruhi go secondary.
Haruhi go first.
Haruhi go secondary.
Haruhi go first.
Haruhi go first.
Haruhi go secondary.
Haruhi go first.
Haruhi go first.
Haruhi go first.
Haruhi go secondary.
Haruhi go first.
Haruhi go first.
Haruhi go first.
Haruhi go secondary.
Haruhi go first.
Haruhi go first.
Haruhi go first.
Haruhi go first.
Haruhi go first.
Haruhi go first.
Haruhi go secondary.
Haruhi go first.
Haruhi go secondary.
Haruhi go first.
Haruhi go secondary.
Haruhi go first.
Haruhi go secondary.
Haruhi go first.
Haruhi go secondary.
Haruhi go first.
Haruhi go first.
Haruhi go secondary.
Haruhi go first.
Haruhi go first.
Haruhi go first.
Haruhi go secondary.
Haruhi go first.
Haruhi go secondary.
Haruhi go first.
Haruhi go secondary.
Haruhi go first.
Haruhi go first.
Haruhi go secondary.
Haruhi go first.
Haruhi go secondary.
Haruhi go first.
Haruhi go first.
Haruhi go first.
Haruhi go secondary.
Haruhi go first.
Haruhi go secondary.
Haruhi go first.
Haruhi go secondary.
Haruhi go first.
Haruhi go first.
Haruhi go first.
Haruhi go secondary.
Haruhi go first.
Haruhi go first.
Haruhi go first.
Haruhi go secondary.
Haruhi go first.
Haruhi go secondary.
Haruhi go first.
Haruhi go first.
Haruhi go first.
Haruhi go secondary.
Haruhi go first.
Haruhi go first.
Haruhi go secondary.
Haruhi go first.
Haruhi go first.
Haruhi go secondary.
Haruhi go first.
Haruhi go secondary.
Haruhi go first.
Haruhi go secondary.
Haruhi go first.
Haruhi go first.
Haruhi go secondary.
Haruhi go first.
Haruhi go first.
Haruhi go first.
Haruhi go secondary.
Haruhi go first.
Haruhi go secondary.
Haruhi go first.
Haruhi go secondary.
Haruhi go first.
Haruhi go first.
Haruhi go first.
Haruhi go secondary.
Haruhi go first.
Haruhi go secondary.
Haruhi go first.
Haruhi go first.
Haruhi go secondary.
Haruhi go first.
Haruhi go first.
Haruhi go first.
Haruhi go first.
Haruhi go secondary.
Haruhi go first.
Haruhi go first.
Haruhi go secondary.
Haruhi go first.
Haruhi go first.
Haruhi go first.
Haruhi go secondary.
Haruhi go first.
Haruhi go secondary.
Haruhi go first.
Haruhi go first.
Haruhi go secondary.
Haruhi go first.
Haruhi go first.
Haruhi go first.
Haruhi go first.
Haruhi go first.
Haruhi go secondary.
Haruhi go first.
Haruhi go first.
Haruhi go first.
Haruhi go secondary.
Haruhi go first.
Haruhi go first.
Haruhi go first.
Haruhi go first.
Haruhi go secondary.
Haruhi go first.
Haruhi go secondary.
Haruhi go first.
Haruhi go first.
Haruhi go first.
Haruhi go secondary.
Haruhi go first.
Haruhi go secondary.
Haruhi go first.
Haruhi go first.
Haruhi go secondary.
Haruhi go first.
Haruhi go first.
Haruhi go secondary.
Haruhi go first.
Haruhi go first.
Haruhi go first.
Haruhi go first.
Haruhi go first.
Haruhi go secondary.
Haruhi go first.
Haruhi go secondary.
Haruhi go first.
Haruhi go secondary.
Haruhi go first.
Haruhi go first.
Haruhi go secondary.
Haruhi go first.
Haruhi go first.
Haruhi go first.
Haruhi go first.
Haruhi go first.
Haruhi go first.
Haruhi go secondary.
Haruhi go first.
Haruhi go secondary.
Haruhi go first.
Haruhi go first.
Haruhi go secondary.
Haruhi go first.
Haruhi go secondary.
Haruhi go first.
Haruhi go first.
Haruhi go first.
Haruhi go secondary.
Haruhi go first.
Haruhi go first.
Haruhi go first.
Haruhi go first.
Haruhi go first.
Haruhi go first.
Haruhi go first.
Haruhi go first.
Haruhi go first.
Haruhi go secondary.
Haruhi go first.
Haruhi go secondary.
Haruhi go first.
Haruhi go first.
Haruhi go first.
Haruhi go secondary.
Haruhi go first.
Haruhi go secondary.
Haruhi go first.
Haruhi go first.
Haruhi go first.
Haruhi go first.
Haruhi go secondary.
Haruhi go first.
Haruhi go secondary.
Haruhi go first.
Haruhi go secondary.
Haruhi go first.
Haruhi go secondary.
Haruhi go first.
Haruhi go secondary.
Haruhi go first.
Haruhi go first.
Haruhi go secondary.
Haruhi go first.
Haruhi go secondary.
Haruhi go first.
Haruhi go first.
Haruhi go secondary.
Haruhi go first.
Haruhi go first.
Haruhi go first.
Haruhi go first.
Haruhi go first.
Haruhi go first.
Haruhi go secondary.
Haruhi go first.
Haruhi go secondary.
Haruhi go first.
Haruhi go first.
Haruhi go secondary.
Haruhi go first.
Haruhi go secondary.
Haruhi go first.
Haruhi go secondary.
Haruhi go first.
Haruhi go first.
Haruhi go secondary.
Haruhi go first.
Haruhi go first.
Haruhi go secondary.
Haruhi go first.
Haruhi go first.
Haruhi go secondary.
Haruhi go first.
Haruhi go first.
Haruhi go secondary.
Haruhi go first.
Haruhi go secondary.
Haruhi go first.
Haruhi go first.
Haruhi go first.
Haruhi go first.
Haruhi go first.
Haruhi go secondary.
Haruhi go first.
Haruhi go first.
Haruhi go first.
Haruhi go secondary.
Haruhi go first.
Haruhi go secondary.
Haruhi go first.
Haruhi go first.
Haruhi go first.
Haruhi go first.
Haruhi go first.
Haruhi go secondary.
Haruhi go first.
Haruhi go first.
Haruhi go first.
Haruhi go secondary.
Haruhi go first.
Haruhi go secondary.
Haruhi go first.
Haruhi go secondary.
Haruhi go first.
Haruhi go first.
Haruhi go secondary.
Haruhi go first.
Haruhi go first.
Haruhi go secondary.
Haruhi go first.
Haruhi go secondary.
Haruhi go first.
Haruhi go first.
Haruhi go first.
Haruhi go secondary.
Haruhi go first.
Haruhi go secondary.
Haruhi go first.
Haruhi go secondary.
Haruhi go first.
Haruhi go secondary.
Haruhi go first.
Haruhi go secondary.
Haruhi go first.
Haruhi go first.
Haruhi go first.
Haruhi go first.
Haruhi go first.
Haruhi go first.
Haruhi go first.
Haruhi go secondary.
Haruhi go first.
Haruhi go first.
Haruhi go first.
Haruhi go first.
Haruhi go first.
Haruhi go first.
Haruhi go first.
Haruhi go first.
Haruhi go secondary.
Haruhi go first.
Haruhi go secondary.
Haruhi go first.
Haruhi go first.
Haruhi go first.
Haruhi go secondary.
Haruhi go first.
Haruhi go secondary.
Haruhi go first.
Haruhi go secondary.
Haruhi go first.
Haruhi go first.
Haruhi go secondary.
Haruhi go first.
Haruhi go first.
Haruhi go first.
Haruhi go secondary.
Haruhi go first.
Haruhi go secondary.
Haruhi go first.
Haruhi go secondary.
Haruhi go first.
Haruhi go secondary.
Haruhi go first.
Haruhi go secondary.
Haruhi go first.
Haruhi go secondary.
Haruhi go first.
Haruhi go first.
Haruhi go first.
Haruhi go secondary.
Haruhi go first.
Haruhi go first.
Haruhi go secondary.
Haruhi go first.
Haruhi go first.
Haruhi go first.
Haruhi go secondary.
Haruhi go first.
Haruhi go secondary.
Haruhi go first.
Haruhi go first.
Haruhi go secondary.
Haruhi go first.
Haruhi go first.
Haruhi go secondary.
Haruhi go first.
Haruhi go first.
Haruhi go secondary.
Haruhi go first.
Haruhi go secondary.
Haruhi go first.
Haruhi go first.
Haruhi go first.
Haruhi go first.
Haruhi go secondary.
Haruhi go first.
Haruhi go secondary.
Haruhi go first.
Haruhi go first.
Haruhi go first.
Haruhi go first.
Haruhi go secondary.
Haruhi go first.
Haruhi go secondary.
Haruhi go first.
Haruhi go first.
Haruhi go secondary.
Haruhi go first.
Haruhi go first.
Haruhi go secondary.
Haruhi go first.
Haruhi go first.
Haruhi go first.
Haruhi go secondary.
Haruhi go first.
Haruhi go secondary.
Haruhi go first.
Haruhi go first.
Haruhi go first.
Haruhi go secondary.
Haruhi go first.
Haruhi go first.
Haruhi go secondary.
Haruhi go first.
Haruhi go first.
Haruhi go secondary.
Haruhi go first.
Haruhi go first.
Haruhi go secondary.
Haruhi go first.
Haruhi go first.
Haruhi go secondary.
Haruhi go first.
Haruhi go secondary.
Haruhi go first.
Haruhi go first.
Haruhi go secondary.
Haruhi go first.
Haruhi go first.
Haruhi go secondary.
Haruhi go first.
Haruhi go first.
Haruhi go secondary.
Haruhi go first.
Haruhi go secondary.
Haruhi go first.
Haruhi go first.
Haruhi go first.
Haruhi go first.
Haruhi go first.
Haruhi go first.
Haruhi go secondary.
Haruhi go first.
Haruhi go secondary.
Haruhi go first.
Haruhi go secondary.
Haruhi go first.
Haruhi go secondary.
Haruhi go first.
Haruhi go secondary.
Haruhi go first.
Haruhi go first.
Haruhi go secondary.
Haruhi go first.
Haruhi go secondary.
Haruhi go first.
Haruhi go secondary.
Haruhi go first.
Haruhi go first.
Haruhi go first.
Haruhi go first.
Haruhi go first.
Haruhi go first.
Haruhi go secondary.
Haruhi go first.
Haruhi go secondary.
Haruhi go first.
Haruhi go secondary.
Haruhi go first.
Haruhi go secondary.
Haruhi go first.
Haruhi go secondary.
Haruhi go first.
Haruhi go first.
Haruhi go secondary.
Haruhi go first.
Haruhi go first.
Haruhi go secondary.
Haruhi go first.
Haruhi go secondary.
Haruhi go first.
Haruhi go first.
Haruhi go first.
Haruhi go secondary.
Haruhi go first.
Haruhi go secondary.
Haruhi go first.
Haruhi go secondary.
Haruhi go first.
Haruhi go secondary.
Haruhi go first.
Haruhi go first.
Haruhi go first.
Haruhi go secondary.
Haruhi go first.
Haruhi go secondary.
Haruhi go first.
Haruhi go secondary.
Haruhi go first.
Haruhi go first.
Haruhi go first.
Haruhi go secondary.
Haruhi go first.
Haruhi go first.
Haruhi go secondary.
Haruhi go first.
Haruhi go secondary.
Haruhi go first.
Haruhi go secondary.
Haruhi go first.
Haruhi go first.
Haruhi go secondary.
Haruhi go first.
Haruhi go first.
Haruhi go first.
Haruhi go secondary.
Haruhi go first.
Haruhi go first.
Haruhi go first.
Haruhi go secondary.
Haruhi go first.
Haruhi go first.
Haruhi go first.
Haruhi go first.
Haruhi go secondary.
Haruhi go first.
Haruhi go first.
Haruhi go first.
Haruhi go secondary.
Haruhi go first.
Haruhi go first.
Haruhi go secondary.
Haruhi go first.
Haruhi go first.
Haruhi go secondary.
Haruhi go first.
Haruhi go secondary.
Haruhi go first.
Haruhi go secondary.
Haruhi go first.
Haruhi go secondary.
Haruhi go first.
Haruhi go first.
Haruhi go secondary.
Haruhi go first.
Haruhi go first.
Haruhi go secondary.
Haruhi go first.
Haruhi go secondary.
Haruhi go first.
Haruhi go secondary.
Haruhi go first.
Haruhi go secondary.
Haruhi go first.
Haruhi go first.
Haruhi go secondary.
Haruhi go first.
Haruhi go secondary.
Haruhi go first.
Haruhi go secondary.
Haruhi go first.
Haruhi go secondary.
Haruhi go first.
Haruhi go secondary.
Haruhi go first.
Haruhi go secondary.
Haruhi go first.
Haruhi go first.
Haruhi go first.
Haruhi go first.
Haruhi go secondary.
Haruhi go first.
Haruhi go first.
Haruhi go first.
Haruhi go secondary.
Haruhi go first.
Haruhi go first.
Haruhi go first.
Haruhi go first.
Haruhi go first.
Haruhi go first.
Haruhi go first.
Haruhi go secondary.
Haruhi go first.
Haruhi go first.
Haruhi go first.
Haruhi go first.
Haruhi go secondary.
Haruhi go first.
Haruhi go secondary.
Haruhi go first.
Haruhi go first.
Haruhi go secondary.
Haruhi go first.
Haruhi go secondary.
Haruhi go first.
Haruhi go secondary.
Haruhi go first.
Haruhi go first.
Haruhi go secondary.
Haruhi go first.
Haruhi go secondary.
Haruhi go first.
Haruhi go secondary.
Haruhi go first.
Haruhi go secondary.
Haruhi go first.
Haruhi go secondary.
Haruhi go first.
Haruhi go first.
Haruhi go secondary.
Haruhi go first.
Haruhi go first.
Haruhi go secondary.
Haruhi go first.
Haruhi go first.
Haruhi go secondary.
Haruhi go first.
Haruhi go secondary.
Haruhi go first.
Haruhi go secondary.
Haruhi go first.
Haruhi go first.
Haruhi go first.
Haruhi go secondary.
Haruhi go first.
Haruhi go first.
Haruhi go first.
Haruhi go first.
Haruhi go first.
Haruhi go secondary.
Haruhi go first.
Haruhi go first.
Haruhi go first.
Haruhi go secondary.
Haruhi go first.
Haruhi go first.
Haruhi go first.
Haruhi go first.
Haruhi go secondary.
Haruhi go first.
Haruhi go secondary.
Haruhi go first.
Haruhi go secondary.
Haruhi go first.
Haruhi go first.
Haruhi go first.
Haruhi go first.
Haruhi go secondary.
Haruhi go first.
Haruhi go secondary.
Haruhi go first.
Haruhi go secondary.
Haruhi go first.
Haruhi go secondary.
Haruhi go first.
Haruhi go first.
Haruhi go secondary.
Haruhi go first.
Haruhi go secondary.
Haruhi go first.
Haruhi go first.
Haruhi go secondary.
Haruhi go first.
Haruhi go secondary.
Haruhi go first.
Haruhi go first.
Haruhi go first.
Haruhi go first.
Haruhi go secondary.
Haruhi go first.
Haruhi go first.
Haruhi go secondary.
Haruhi go first.
Haruhi go secondary.
Haruhi go first.
Haruhi go first.
Haruhi go secondary.
Haruhi go first.
Haruhi go first.
Haruhi go first.
Haruhi go secondary.
Haruhi go first.
Haruhi go first.
Haruhi go first.
Haruhi go secondary.
Haruhi go first.
Haruhi go first.
Haruhi go first.
Haruhi go secondary.
Haruhi go first.
Haruhi go first.
Haruhi go first.
Haruhi go first.
Haruhi go first.
Haruhi go secondary.
Haruhi go first.
Haruhi go first.
Haruhi go secondary.
Haruhi go first.
Haruhi go first.
Haruhi go secondary.
Haruhi go first.
Haruhi go first.
Haruhi go first.
Haruhi go first.
Haruhi go secondary.
Haruhi go first.
Haruhi go secondary.
Haruhi go first.
Haruhi go first.
Haruhi go first.
Haruhi go first.
Haruhi go secondary.
Haruhi go first.
Haruhi go first.
Haruhi go first.
Haruhi go secondary.
Haruhi go first.
Haruhi go secondary.
Haruhi go first.
Haruhi go first.
Haruhi go first.
Haruhi go first.
Haruhi go first.
Haruhi go secondary.
Haruhi go first.
Haruhi go secondary.
Haruhi go first.
Haruhi go first.
Haruhi go first.
Haruhi go secondary.
Haruhi go first.
Haruhi go first.
Haruhi go secondary.
Haruhi go first.
Haruhi go first.
Haruhi go first.
Haruhi go secondary.
Haruhi go first.
Haruhi go first.
Haruhi go secondary.
Haruhi go first.
Haruhi go secondary.
Haruhi go first.
Haruhi go secondary.
Haruhi go first.
Haruhi go first.
Haruhi go first.
Haruhi go secondary.
Haruhi go first.
Haruhi go secondary.
Haruhi go first.
Haruhi go secondary.
Haruhi go first.
Haruhi go secondary.
Haruhi go first.
Haruhi go secondary.
Haruhi go first.
Haruhi go first.
Haruhi go first.
Haruhi go first.
Haruhi go first.
Haruhi go first.
Haruhi go secondary.
Haruhi go first.
Haruhi go first.
Haruhi go first.
Haruhi go secondary.
Haruhi go first.
Haruhi go secondary.
Haruhi go first.
Haruhi go first.
Haruhi go secondary.
Haruhi go first.
Haruhi go secondary.
Haruhi go first.
Haruhi go secondary.
Haruhi go first.
Haruhi go secondary.
Haruhi go first.
Haruhi go secondary.
Haruhi go first.
Haruhi go secondary.
Haruhi go first.
Haruhi go secondary.
Haruhi go first.
Haruhi go secondary.
Haruhi go first.
Haruhi go first.
Haruhi go first.
Haruhi go secondary.
Haruhi go first.
Haruhi go secondary.
Haruhi go first.
Haruhi go secondary.
Haruhi go first.
Haruhi go first.
Haruhi go secondary.
Haruhi go first.
Haruhi go first.
Haruhi go secondary.
Haruhi go first.
Haruhi go first.
Haruhi go secondary.
Haruhi go first.
Haruhi go secondary.
Haruhi go first.
Haruhi go first.
Haruhi go secondary.
Haruhi go first.
Haruhi go secondary.
Haruhi go first.
Haruhi go secondary.
Haruhi go first.
Haruhi go secondary.
Haruhi go first.
Haruhi go secondary.
Haruhi go first.
Haruhi go first.
Haruhi go first.
Haruhi go first.
Haruhi go first.
Haruhi go first.
Haruhi go secondary.
Haruhi go first.
Haruhi go first.
Haruhi go first.
Haruhi go secondary.
Haruhi go first.
Haruhi go first.
Haruhi go secondary.
Haruhi go first.
Haruhi go secondary.
Haruhi go first.
Haruhi go secondary.
Haruhi go first.
Haruhi go secondary.
Haruhi go first.
Haruhi go first.
Haruhi go secondary.
Haruhi go first.
Haruhi go secondary.
Haruhi go first.
Haruhi go first.
Haruhi go secondary.
Haruhi go first.
Haruhi go first.
Haruhi go secondary.
Haruhi go first.
Haruhi go secondary.
Haruhi go first.
Haruhi go secondary.
Haruhi go first.
Haruhi go first.
Haruhi go secondary.
Haruhi go first.
Haruhi go first.
Haruhi go first.
Haruhi go first.
Haruhi go secondary.
Haruhi go first.
Haruhi go secondary.
Haruhi go first.
Haruhi go secondary.
Haruhi go first.
Haruhi go secondary.
Haruhi go first.
Haruhi go secondary.
Haruhi go first.
Haruhi go secondary.
Haruhi go first.
Haruhi go first.
Haruhi go first.
Haruhi go first.
Haruhi go first.
Haruhi go first.
Haruhi go secondary.
Haruhi go first.
Haruhi go first.
Haruhi go first.
Haruhi go first.
Haruhi go first.
Haruhi go first.
Haruhi go secondary.
Haruhi go first.
Haruhi go first.
Haruhi go first.
Haruhi go first.
Haruhi go secondary.
Haruhi go first.
Haruhi go secondary.
Haruhi go first.
Haruhi go first.
Haruhi go secondary.
Haruhi go first.
Haruhi go secondary.
Haruhi go first.
Haruhi go first.
Haruhi go first.
Haruhi go secondary.
Haruhi go first.
Haruhi go secondary.
Haruhi go first.
Haruhi go first.
Haruhi go first.
Haruhi go secondary.
Haruhi go first.
Haruhi go secondary.
Haruhi go first.
Haruhi go secondary.
Haruhi go first.
Haruhi go secondary.
Haruhi go first.
Haruhi go first.
Haruhi go first.
Haruhi go secondary.
Haruhi go first.
Haruhi go secondary.
Haruhi go first.
Haruhi go secondary.
Haruhi go first.
Haruhi go first.
Haruhi go secondary.
Haruhi go first.
Haruhi go first.
Haruhi go secondary.
Haruhi go first.
Haruhi go first.
Haruhi go secondary.
Haruhi go first.
Haruhi go first.
Haruhi go first.
Haruhi go secondary.
Haruhi go first.
Haruhi go secondary.
Haruhi go first.
Haruhi go secondary.
Haruhi go first.
Haruhi go secondary.
Haruhi go first.
Haruhi go first.
Haruhi go secondary.
Haruhi go first.
Haruhi go first.
Haruhi go first.
Haruhi go secondary.
Haruhi go first.
Haruhi go first.
Haruhi go secondary.
